Archive member included because of file (symbol)

/Users/Danny/libmaple/arm/bin/../lib/gcc/arm-none-eabi/4.4.1/../../../../arm-none-eabi/lib/thumb2/libstdc++.a(atexit_arm.o)
                              build//Users/Danny/Maple_Workbench/wasSD/main.o (__aeabi_atexit)
/Users/Danny/libmaple/arm/bin/../lib/gcc/arm-none-eabi/4.4.1/thumb2/libgcc.a(_arm_addsubdf3.o)
                              build//Users/Danny/libmaple/wirish/Print.o (__aeabi_dsub)
/Users/Danny/libmaple/arm/bin/../lib/gcc/arm-none-eabi/4.4.1/thumb2/libgcc.a(_arm_muldivdf3.o)
                              build//Users/Danny/libmaple/wirish/Print.o (__aeabi_dmul)
/Users/Danny/libmaple/arm/bin/../lib/gcc/arm-none-eabi/4.4.1/thumb2/libgcc.a(_arm_cmpdf2.o)
                              build//Users/Danny/libmaple/wirish/Print.o (__aeabi_dcmplt)
/Users/Danny/libmaple/arm/bin/../lib/gcc/arm-none-eabi/4.4.1/thumb2/libgcc.a(_arm_fixdfsi.o)
                              build//Users/Danny/libmaple/wirish/Print.o (__aeabi_d2iz)
/Users/Danny/libmaple/arm/bin/../lib/gcc/arm-none-eabi/4.4.1/thumb2/libgcc.a(_aeabi_uldivmod.o)
                              build//Users/Danny/libmaple/wirish/Print.o (__aeabi_uldivmod)
/Users/Danny/libmaple/arm/bin/../lib/gcc/arm-none-eabi/4.4.1/thumb2/libgcc.a(_fixdfdi.o)
                              build//Users/Danny/libmaple/wirish/Print.o (__aeabi_d2lz)
/Users/Danny/libmaple/arm/bin/../lib/gcc/arm-none-eabi/4.4.1/thumb2/libgcc.a(_fixunsdfdi.o)
                              /Users/Danny/libmaple/arm/bin/../lib/gcc/arm-none-eabi/4.4.1/thumb2/libgcc.a(_fixdfdi.o) (__aeabi_d2ulz)
/Users/Danny/libmaple/arm/bin/../lib/gcc/arm-none-eabi/4.4.1/thumb2/libgcc.a(bpabi.o)
                              /Users/Danny/libmaple/arm/bin/../lib/gcc/arm-none-eabi/4.4.1/thumb2/libgcc.a(_aeabi_uldivmod.o) (__gnu_uldivmod_helper)
/Users/Danny/libmaple/arm/bin/../lib/gcc/arm-none-eabi/4.4.1/thumb2/libgcc.a(_dvmd_tls.o)
                              /Users/Danny/libmaple/arm/bin/../lib/gcc/arm-none-eabi/4.4.1/thumb2/libgcc.a(_aeabi_uldivmod.o) (__aeabi_ldiv0)
/Users/Danny/libmaple/arm/bin/../lib/gcc/arm-none-eabi/4.4.1/thumb2/libgcc.a(_arm_fixunsdfsi.o)
                              /Users/Danny/libmaple/arm/bin/../lib/gcc/arm-none-eabi/4.4.1/thumb2/libgcc.a(_fixunsdfdi.o) (__aeabi_d2uiz)
/Users/Danny/libmaple/arm/bin/../lib/gcc/arm-none-eabi/4.4.1/thumb2/libgcc.a(_divdi3.o)
                              /Users/Danny/libmaple/arm/bin/../lib/gcc/arm-none-eabi/4.4.1/thumb2/libgcc.a(bpabi.o) (__divdi3)
/Users/Danny/libmaple/arm/bin/../lib/gcc/arm-none-eabi/4.4.1/thumb2/libgcc.a(_udivdi3.o)
                              /Users/Danny/libmaple/arm/bin/../lib/gcc/arm-none-eabi/4.4.1/thumb2/libgcc.a(bpabi.o) (__udivdi3)
/Users/Danny/libmaple/arm/bin/../lib/gcc/arm-none-eabi/4.4.1/thumb2/libgcc.a(_udivsi3.o)
                              /Users/Danny/libmaple/arm/bin/../lib/gcc/arm-none-eabi/4.4.1/thumb2/libgcc.a(_divdi3.o) (__aeabi_uidiv)
/Users/Danny/libmaple/arm/bin/../lib/gcc/arm-none-eabi/4.4.1/../../../../arm-none-eabi/lib/thumb2/libc.a(lib_a-cxa_atexit.o)
                              /Users/Danny/libmaple/arm/bin/../lib/gcc/arm-none-eabi/4.4.1/../../../../arm-none-eabi/lib/thumb2/libstdc++.a(atexit_arm.o) (__cxa_atexit)
/Users/Danny/libmaple/arm/bin/../lib/gcc/arm-none-eabi/4.4.1/../../../../arm-none-eabi/lib/thumb2/libc.a(lib_a-errno.o)
                              build//Users/Danny/libmaple/wirish/syscalls.o (__errno)
/Users/Danny/libmaple/arm/bin/../lib/gcc/arm-none-eabi/4.4.1/../../../../arm-none-eabi/lib/thumb2/libc.a(lib_a-impure.o)
                              /Users/Danny/libmaple/arm/bin/../lib/gcc/arm-none-eabi/4.4.1/../../../../arm-none-eabi/lib/thumb2/libc.a(lib_a-errno.o) (_impure_ptr)
/Users/Danny/libmaple/arm/bin/../lib/gcc/arm-none-eabi/4.4.1/../../../../arm-none-eabi/lib/thumb2/libc.a(lib_a-init.o)
                              build//Users/Danny/libmaple/wirish/start_c.o (__libc_init_array)
/Users/Danny/libmaple/arm/bin/../lib/gcc/arm-none-eabi/4.4.1/../../../../arm-none-eabi/lib/thumb2/libc.a(lib_a-memcmp.o)
                              build//Users/Danny/libmaple/libraries/FreeRTOS/utility/tasks.o (memcmp)
/Users/Danny/libmaple/arm/bin/../lib/gcc/arm-none-eabi/4.4.1/../../../../arm-none-eabi/lib/thumb2/libc.a(lib_a-memcpy.o)
                              build//Users/Danny/libmaple/libraries/FreeRTOS/utility/queue.o (memcpy)
/Users/Danny/libmaple/arm/bin/../lib/gcc/arm-none-eabi/4.4.1/../../../../arm-none-eabi/lib/thumb2/libc.a(lib_a-memset.o)
                              build//Users/Danny/libmaple/libraries/FreeRTOS/utility/tasks.o (memset)
/Users/Danny/libmaple/arm/bin/../lib/gcc/arm-none-eabi/4.4.1/../../../../arm-none-eabi/lib/thumb2/libc.a(lib_a-rand.o)
                              build//Users/Danny/libmaple/wirish/wirish_math.o (rand)
/Users/Danny/libmaple/arm/bin/../lib/gcc/arm-none-eabi/4.4.1/../../../../arm-none-eabi/lib/thumb2/libc.a(lib_a-sprintf.o)
[...]
Memory Configuration

Name             Origin             Length             Attributes
ram              0x20000c00         0x00004400         xrw
rom              0x08005000         0x0001b000         xr
*default*        0x00000000         0xffffffff

Linker script and memory map

LOAD /Users/Danny/libmaple/arm/bin/../lib/gcc/arm-none-eabi/4.4.1/thumb2/crti.o
LOAD /Users/Danny/libmaple/arm/bin/../lib/gcc/arm-none-eabi/4.4.1/thumb2/crtbegin.o
START GROUP
LOAD /Users/Danny/libmaple/arm/bin/../lib/gcc/arm-none-eabi/4.4.1/thumb2/libgcc.a
LOAD /Users/Danny/libmaple/arm/bin/../lib/gcc/arm-none-eabi/4.4.1/../../../../arm-none-eabi/lib/thumb2/libc.a
LOAD /Users/Danny/libmaple/arm/bin/../lib/gcc/arm-none-eabi/4.4.1/../../../../arm-none-eabi/lib/thumb2/libm.a
END GROUP
                0x20005000                PROVIDE (__msp_init, 0x20005000)
                0x08006de0                PROVIDE (__exc_reset, _start)

.text           0x08005000     0x2ec4
                0x08005000                _text = .
 *(.stm32.interrupt_vector)
 .stm32.interrupt_vector
                0x08005000       0xec build//Users/Danny/libmaple/libmaple/stm32f1/performance/vector_table.o
                0x08005000                __stm32_vector_table
 *(.text .text.* .gnu.linkonce.t.*)
 .text          0x080050ec       0x30 /Users/Danny/libmaple/arm/bin/../lib/gcc/arm-none-eabi/4.4.1/thumb2/crtbegin.o
 .text.dma_init
                0x0800511c        0x6 build//Users/Danny/libmaple/libmaple/dma.o
                0x0800511c                dma_init
 *fill*         0x08005122        0x2 00
 .text.__irq_exti0
                0x08005124       0x20 build//Users/Danny/libmaple/libmaple/exti.o
                0x08005124                __irq_exti0
 .text.__irq_exti1
                0x08005144       0x20 build//Users/Danny/libmaple/libmaple/exti.o
                0x08005144                __irq_exti1
 .text.__irq_exti2
                0x08005164       0x20 build//Users/Danny/libmaple/libmaple/exti.o
                0x08005164                __irq_exti2
 .text.__irq_exti3
                0x08005184       0x20 build//Users/Danny/libmaple/libmaple/exti.o
                0x08005184                __irq_exti3
 .text.__irq_exti4
                0x080051a4       0x20 build//Users/Danny/libmaple/libmaple/exti.o
                0x080051a4                __irq_exti4
 .text.__irq_exti9_5
                0x080051c4       0x38 build//Users/Danny/libmaple/libmaple/exti.o
                0x080051c4                __irq_exti9_5
 .text.__irq_exti15_10
                0x080051fc       0x38 build//Users/Danny/libmaple/libmaple/exti.o
                0x080051fc                __irq_exti15_10
 .text.gpio_init
                0x08005234       0x14 build//Users/Danny/libmaple/libmaple/gpio.o
                0x08005234                gpio_init
 .text.nvic_irq_set_priority
                0x08005248       0x2c build//Users/Danny/libmaple/libmaple/nvic.o
                0x08005248                nvic_irq_set_priority
 .text.rcc_dev_clk
                0x08005274        0xc build//Users/Danny/libmaple/libmaple/rcc.o
                0x08005274                rcc_dev_clk
 .text.spi_tx   0x08005280       0x2a build//Users/Danny/libmaple/libmaple/spi.o
                0x08005280                spi_tx
 .text.spi_init
                0x080052aa       0x14 build//Users/Danny/libmaple/libmaple/spi.o
                0x080052aa                spi_init
 .text.bb_peri_set_bit
                0x080052be        0xe build//Users/Danny/libmaple/libmaple/spi.o
 .text.spi_peripheral_enable
                0x080052cc        0xa build//Users/Danny/libmaple/libmaple/spi.o
                0x080052cc                spi_peripheral_enable
 .text.spi_peripheral_disable
                0x080052d6        0xa build//Users/Danny/libmaple/libmaple/spi.o
                0x080052d6                spi_peripheral_disable
 .text.spi_reconfigure
                0x080052e0       0x22 build//Users/Danny/libmaple/libmaple/spi.o
 .text.spi_master_enable
                0x08005302        0xc build//Users/Danny/libmaple/libmaple/spi.o
                0x08005302                spi_master_enable
 *fill*         0x0800530e        0x2 00
 .text.__exc_systick
                0x08005310       0x1c build//Users/Danny/libmaple/libmaple/systick.o
                0x08005310                __exc_systick
 .text.timer_foreach
                0x0800532c       0x30 build//Users/Danny/libmaple/libmaple/timer.o
                0x0800532c                timer_foreach
 .text.timer_disable
                0x0800535c       0x12 build//Users/Danny/libmaple/libmaple/timer.o
                0x0800535c                timer_disable
 .text.usart_disable
                0x0800536e       0x22 build//Users/Danny/libmaple/libmaple/usart.o
                0x0800536e                usart_disable
 .text.usart_tx
                0x08005390       0x1c build//Users/Danny/libmaple/libmaple/usart.o
                0x08005390                usart_tx
 .text.usart_putudec
                0x080053ac       0x44 build//Users/Danny/libmaple/libmaple/usart.o
                0x080053ac                usart_putudec
 .text.usart_init
                0x080053f0       0x44 build//Users/Danny/libmaple/libmaple/usart.o
                0x080053f0                usart_init
 .text._usart_clock_freq
                0x08005434       0x24 build//Users/Danny/libmaple/libmaple/usart_private.o
                0x08005434                _usart_clock_freq
 .text.usart_putc
                0x08005458       0x1a build//Users/Danny/libmaple/libmaple/util.o
 .text.usart_putstr
                0x08005472       0x1a build//Users/Danny/libmaple/libmaple/util.o
 .text.T.10     0x0800548c       0x16 build//Users/Danny/libmaple/libmaple/util.o
 *fill*         0x080054a2        0x2 00
 .text.throb    0x080054a4       0x4c build//Users/Danny/libmaple/libmaple/util.o
                0x080054a4                throb
 .text.__error  0x080054f0       0x14 build//Users/Danny/libmaple/libmaple/util.o
                0x080054f0                __error
 .text._fail    0x08005504       0x64 build//Users/Danny/libmaple/libmaple/util.o
                0x08005504                _fail
 .text.i2c_start_condition
                0x08005568       0x14 build//Users/Danny/libmaple/libmaple/i2c.o
 .text.i2c_stop_condition
                0x0800557c       0x1c build//Users/Danny/libmaple/libmaple/i2c.o
 .text.i2c_disable_irq
                0x08005598        0xc build//Users/Danny/libmaple/libmaple/i2c.o
 .text.i2c_disable_ack
                0x080055a4        0xc build//Users/Danny/libmaple/libmaple/i2c.o
 .text.i2c_write
                0x080055b0        0x6 build//Users/Danny/libmaple/libmaple/i2c.o
 .text._i2c_irq_error_handler
                0x080055b6       0x2c build//Users/Danny/libmaple/libmaple/i2c.o
                0x080055b6                _i2c_irq_error_handler
 .text.i2c_enable_irq
                0x080055e2       0x14 build//Users/Danny/libmaple/libmaple/i2c.o
 *fill*         0x080055f6        0x2 00
 .text._i2c_irq_handler
                0x080055f8      0x170 build//Users/Danny/libmaple/libmaple/i2c.o
                0x080055f8                _i2c_irq_handler
 *fill*         0x08005768        0x8 00
 .text          0x08005770       0x60 build//Users/Danny/libmaple/libmaple/exc.o
                0x08005770                __exc_nmi
                0x08005774                __exc_hardfault
                0x08005778                __exc_memmanage
                0x0800577c                __exc_busfault
                0x08005780                __exc_usagefault
 .text.usb_clear_ctr_rx
                0x080057d0       0x18 build//Users/Danny/libmaple/libmaple/usb/stm32f1/usb.o
 .text.usb_clear_ctr_tx
                0x080057e8       0x18 build//Users/Danny/libmaple/libmaple/usb/stm32f1/usb.o
 .text.usb_resume_init
                0x08005800       0x1c build//Users/Danny/libmaple/libmaple/usb/stm32f1/usb.o
 .text.usb_resume
                0x0800581c       0x90 build//Users/Danny/libmaple/libmaple/usb/stm32f1/usb.o
 .text.handle_in0
                0x080058ac        0x4 build//Users/Danny/libmaple/libmaple/usb/stm32f1/usb.o
 .text.set_rx_tx_status0
                0x080058b0       0x38 build//Users/Danny/libmaple/libmaple/usb/stm32f1/usb.o
 .text.__irq_usb_lp_can_rx0
                0x080058e8      0x198 build//Users/Danny/libmaple/libmaple/usb/stm32f1/usb.o
                0x080058e8                __irq_usb_lp_can_rx0
 .text.usb_pma_ptr
                0x08005a80        0xc build//Users/Danny/libmaple/libmaple/usb/stm32f1/usb_reg_map.o
 .text.usb_copy_to_pma
                0x08005a8c       0x44 build//Users/Danny/libmaple/libmaple/usb/stm32f1/usb_reg_map.o
                0x08005a8c                usb_copy_to_pma
 .text.usb_set_ep_rx_count
                0x08005ad0       0x40 build//Users/Danny/libmaple/libmaple/usb/stm32f1/usb_reg_map.o
                0x08005ad0                usb_set_ep_rx_count
 .text.usb_set_ep_rx_stat
                0x08005b10       0x24 build//Users/Danny/libmaple/libmaple/usb/stm32f1/usb_cdcacm.o
 .text.usb_set_ep_tx_stat
                0x08005b34       0x24 build//Users/Danny/libmaple/libmaple/usb/stm32f1/usb_cdcacm.o
 .text.usb_set_ep_type
                0x08005b58       0x1c build//Users/Danny/libmaple/libmaple/usb/stm32f1/usb_cdcacm.o
 .text.usb_btable_ptr
                0x08005b74       0x18 build//Users/Danny/libmaple/libmaple/usb/stm32f1/usb_cdcacm.o
 .text.usb_set_ep_tx_addr
                0x08005b8c       0x12 build//Users/Danny/libmaple/libmaple/usb/stm32f1/usb_cdcacm.o
 .text.usb_set_ep_rx_addr
                0x08005b9e       0x14 build//Users/Danny/libmaple/libmaple/usb/stm32f1/usb_cdcacm.o
 *fill*         0x08005bb2        0x2 00
 .text.vcomGetSetLineCoding
                0x08005bb4       0x18 build//Users/Danny/libmaple/libmaple/usb/stm32f1/usb_cdcacm.o
 .text.usbDataSetup
                0x08005bcc       0x5c build//Users/Danny/libmaple/libmaple/usb/stm32f1/usb_cdcacm.o
 .text.usbNoDataSetup
                0x08005c28       0x4c build//Users/Danny/libmaple/libmaple/usb/stm32f1/usb_cdcacm.o
 .text.usbGetInterfaceSetting
                0x08005c74        0xe build//Users/Danny/libmaple/libmaple/usb/stm32f1/usb_cdcacm.o
 *fill*         0x08005c82        0x2 00
 .text.usbGetStringDescriptor
                0x08005c84       0x20 build//Users/Danny/libmaple/libmaple/usb/stm32f1/usb_cdcacm.o
 .text.usbGetConfigDescriptor
                0x08005ca4        0xc build//Users/Danny/libmaple/libmaple/usb/stm32f1/usb_cdcacm.o
 .text.usbGetDeviceDescriptor
                0x08005cb0        0xc build//Users/Danny/libmaple/libmaple/usb/stm32f1/usb_cdcacm.o
 .text.usbInit  0x08005cbc       0x44 build//Users/Danny/libmaple/libmaple/usb/stm32f1/usb_cdcacm.o
 .text.usbReset
                0x08005d00       0xf4 build//Users/Danny/libmaple/libmaple/usb/stm32f1/usb_cdcacm.o
 .text.usb_cdcacm_tx
                0x08005df4       0x44 build//Users/Danny/libmaple/libmaple/usb/stm32f1/usb_cdcacm.o
                0x08005df4                usb_cdcacm_tx
 .text.Standard_GetConfiguration
                0x08005e38       0x28 build//Users/Danny/libmaple/libmaple/usb/usb_lib/usb_core.o
                0x08005e38                Standard_GetConfiguration
 .text.Standard_SetConfiguration
                0x08005e60       0x38 build//Users/Danny/libmaple/libmaple/usb/usb_lib/usb_core.o
                0x08005e60                Standard_SetConfiguration
 .text.Standard_GetInterface
                0x08005e98       0x28 build//Users/Danny/libmaple/libmaple/usb/usb_lib/usb_core.o
                0x08005e98                Standard_GetInterface
 .text.Standard_SetInterface
                0x08005ec0       0x48 build//Users/Danny/libmaple/libmaple/usb/usb_lib/usb_core.o
                0x08005ec0                Standard_SetInterface
 .text.Standard_GetStatus
                0x08005f08       0xa4 build//Users/Danny/libmaple/libmaple/usb/usb_lib/usb_core.o
                0x08005f08                Standard_GetStatus
 .text.Standard_SetEndPointFeature
                0x08005fac       0x84 build//Users/Danny/libmaple/libmaple/usb/usb_lib/usb_core.o
                0x08005fac                Standard_SetEndPointFeature
 .text.Standard_SetDeviceFeature
                0x08006030       0x24 build//Users/Danny/libmaple/libmaple/usb/usb_lib/usb_core.o
                0x08006030                Standard_SetDeviceFeature
 .text.Standard_GetDescriptorData
                0x08006054       0x1c build//Users/Danny/libmaple/libmaple/usb/usb_lib/usb_core.o
                0x08006054                Standard_GetDescriptorData
 .text.SetDeviceAddress
                0x08006070       0x44 build//Users/Danny/libmaple/libmaple/usb/usb_lib/usb_core.o
                0x08006070                SetDeviceAddress
 .text.NOP_Process
                0x080060b4        0x2 build//Users/Danny/libmaple/libmaple/usb/usb_lib/usb_core.o
                0x080060b4                NOP_Process
 *fill*         0x080060b6        0x2 00
 .text.Post0_Process
                0x080060b8       0x44 build//Users/Danny/libmaple/libmaple/usb/usb_lib/usb_core.o
                0x080060b8                Post0_Process
 .text.Out0_Process
                0x080060fc       0xd4 build//Users/Danny/libmaple/libmaple/usb/usb_lib/usb_core.o
                0x080060fc                Out0_Process
 .text.DataStageIn
                0x080061d0       0xac build//Users/Danny/libmaple/libmaple/usb/usb_lib/usb_core.o
 .text.In0_Process
                0x0800627c       0x60 build//Users/Danny/libmaple/libmaple/usb/usb_lib/usb_core.o
                0x0800627c                In0_Process
 .text.Standard_ClearFeature
                0x080062dc       0xd4 build//Users/Danny/libmaple/libmaple/usb/usb_lib/usb_core.o
                0x080062dc                Standard_ClearFeature
 .text.Setup0_Process
                0x080063b0      0x304 build//Users/Danny/libmaple/libmaple/usb/usb_lib/usb_core.o
                0x080063b0                Setup0_Process
 .text.UserToPMABufferCopy
                0x080066b4       0x2e build//Users/Danny/libmaple/libmaple/usb/usb_lib/usb_mem.o
                0x080066b4                UserToPMABufferCopy
 .text.PMAToUserBufferCopy
                0x080066e2       0x24 build//Users/Danny/libmaple/libmaple/usb/usb_lib/usb_mem.o
                0x080066e2                PMAToUserBufferCopy
 .text.SetEPTxStatus
                0x08006706       0x2c build//Users/Danny/libmaple/libmaple/usb/usb_lib/usb_regs.o
                0x08006706                SetEPTxStatus
 .text.ClearDTOG_RX
                0x08006732       0x24 build//Users/Danny/libmaple/libmaple/usb/usb_lib/usb_regs.o
                0x08006732                ClearDTOG_RX
 .text.ClearDTOG_TX
                0x08006756       0x24 build//Users/Danny/libmaple/libmaple/usb/usb_lib/usb_regs.o
                0x08006756                ClearDTOG_TX
 *fill*         0x0800677a        0x2 00
 .text.GetEPTxAddr
                0x0800677c       0x1c build//Users/Danny/libmaple/libmaple/usb/usb_lib/usb_regs.o
                0x0800677c                GetEPTxAddr
 .text.GetEPRxAddr
                0x08006798       0x1c build//Users/Danny/libmaple/libmaple/usb/usb_lib/usb_regs.o
                0x08006798                GetEPRxAddr
 .text.SetEPTxCount
                0x080067b4       0x1c build//Users/Danny/libmaple/libmaple/usb/usb_lib/usb_regs.o
                0x080067b4                SetEPTxCount
 .text.SetEPRxCount
                0x080067d0       0x40 build//Users/Danny/libmaple/libmaple/usb/usb_lib/usb_regs.o
                0x080067d0                SetEPRxCount
 .text.ByteSwap
                0x08006810        0xa build//Users/Danny/libmaple/libmaple/usb/usb_lib/usb_regs.o
                0x08006810                ByteSwap
 .text          0x0800681a        0x2 build//Users/Danny/libmaple/libmaple/stm32f1/performance/isrs.o
                0x0800681a                __irq_rcc
                0x0800681a                __exc_debug_monitor
                0x0800681a                __irq_adc
                0x0800681a                __irq_can_rx1
                0x0800681a                __irq_spi2
                0x0800681a                __irq_can_sce
                0x0800681a                __irq_pvd
                0x0800681a                __irq_tamper
                0x0800681a                __default_handler
                0x0800681a                __irq_wwdg
                0x0800681a                __stm32reservedexception10
                0x0800681a                __irq_flash
                0x0800681a                __stm32reservedexception13
                0x0800681a                __irq_rtc
                0x0800681a                __irq_spi1
                0x0800681a                __stm32reservedexception7
                0x0800681a                __irq_usb_hp_can_tx
                0x0800681a                __irq_rtcalarm
                0x0800681a                __stm32reservedexception8
                0x0800681a                __irq_usbwakeup
                0x0800681a                __stm32reservedexception9
 .text.adc_foreach
                0x0800681c       0x1c build//Users/Danny/libmaple/libmaple/stm32f1/adc.o
                0x0800681c                adc_foreach
 .text.dma_clear_isr_bits
                0x08006838       0x10 build//Users/Danny/libmaple/libmaple/stm32f1/dma.o
 .text.__irq_dma1_channel1
                0x08006848       0x20 build//Users/Danny/libmaple/libmaple/stm32f1/dma.o
                0x08006848                __irq_dma1_channel1
 .text.__irq_dma1_channel2
                0x08006868       0x20 build//Users/Danny/libmaple/libmaple/stm32f1/dma.o
                0x08006868                __irq_dma1_channel2
 .text.__irq_dma1_channel3
                0x08006888       0x20 build//Users/Danny/libmaple/libmaple/stm32f1/dma.o
                0x08006888                __irq_dma1_channel3
 .text.__irq_dma1_channel4
                0x080068a8       0x20 build//Users/Danny/libmaple/libmaple/stm32f1/dma.o
                0x080068a8                __irq_dma1_channel4
 .text.__irq_dma1_channel5
                0x080068c8       0x20 build//Users/Danny/libmaple/libmaple/stm32f1/dma.o
                0x080068c8                __irq_dma1_channel5
 .text.__irq_dma1_channel6
                0x080068e8       0x20 build//Users/Danny/libmaple/libmaple/stm32f1/dma.o
                0x080068e8                __irq_dma1_channel6
 .text.__irq_dma1_channel7
                0x08006908       0x20 build//Users/Danny/libmaple/libmaple/stm32f1/dma.o
                0x08006908                __irq_dma1_channel7
 .text.gpio_set_mode
                0x08006928       0x56 build//Users/Danny/libmaple/libmaple/stm32f1/gpio.o
                0x08006928                gpio_set_mode
 .text._i2c_irq_priority_fixup
                0x0800697e       0x1c build//Users/Danny/libmaple/libmaple/stm32f1/i2c.o
                0x0800697e                _i2c_irq_priority_fixup
 *fill*         0x0800699a        0x2 00
 .text.__irq_i2c2_er
                0x0800699c        0xc build//Users/Danny/libmaple/libmaple/stm32f1/i2c.o
                0x0800699c                __irq_i2c2_er
 .text.__irq_i2c1_er
                0x080069a8        0xc build//Users/Danny/libmaple/libmaple/stm32f1/i2c.o
                0x080069a8                __irq_i2c1_er
 .text.__irq_i2c2_ev
                0x080069b4        0xc build//Users/Danny/libmaple/libmaple/stm32f1/i2c.o
                0x080069b4                __irq_i2c2_ev
 .text.__irq_i2c1_ev
                0x080069c0        0xc build//Users/Danny/libmaple/libmaple/stm32f1/i2c.o
                0x080069c0                __irq_i2c1_ev
 .text.bb_peri_set_bit
                0x080069cc        0xe build//Users/Danny/libmaple/libmaple/stm32f1/rcc.o
 *fill*         0x080069da        0x2 00
 .text.rcc_clk_enable
                0x080069dc       0x28 build//Users/Danny/libmaple/libmaple/stm32f1/rcc.o
                0x080069dc                rcc_clk_enable
 .text.rcc_reset_dev
                0x08006a04       0x38 build//Users/Danny/libmaple/libmaple/stm32f1/rcc.o
                0x08006a04                rcc_reset_dev
 .text.__irq_tim1_brk
                0x08006a3c       0x2c build//Users/Danny/libmaple/libmaple/stm32f1/timer.o
                0x08006a3c                __irq_tim1_brk
 .text.__irq_tim1_up
                0x08006a68       0x2c build//Users/Danny/libmaple/libmaple/stm32f1/timer.o
                0x08006a68                __irq_tim1_up
 .text.__irq_tim1_trg_com
                0x08006a94       0x40 build//Users/Danny/libmaple/libmaple/stm32f1/timer.o
                0x08006a94                __irq_tim1_trg_com
 .text.__irq_tim1_cc
                0x08006ad4       0x60 build//Users/Danny/libmaple/libmaple/stm32f1/timer.o
                0x08006ad4                __irq_tim1_cc
 .text.__irq_tim2
                0x08006b34       0x8c build//Users/Danny/libmaple/libmaple/stm32f1/timer.o
                0x08006b34                __irq_tim2
 .text.__irq_tim3
                0x08006bc0       0x8c build//Users/Danny/libmaple/libmaple/stm32f1/timer.o
                0x08006bc0                __irq_tim3
 .text.__irq_tim4
                0x08006c4c       0x8c build//Users/Danny/libmaple/libmaple/stm32f1/timer.o
                0x08006c4c                __irq_tim4
 .text.rb_push_insert
                0x08006cd8       0x52 build//Users/Danny/libmaple/libmaple/stm32f1/usart.o
 *fill*         0x08006d2a        0x2 00
 .text.usart_foreach
                0x08006d2c       0x24 build//Users/Danny/libmaple/libmaple/stm32f1/usart.o
                0x08006d2c                usart_foreach
 .text.__irq_usart1
                0x08006d50       0x14 build//Users/Danny/libmaple/libmaple/stm32f1/usart.o
                0x08006d50                __irq_usart1
 .text.__irq_usart2
                0x08006d64       0x14 build//Users/Danny/libmaple/libmaple/stm32f1/usart.o
                0x08006d64                __irq_usart2
 .text.__irq_usart3
                0x08006d78       0x14 build//Users/Danny/libmaple/libmaple/stm32f1/usart.o
                0x08006d78                __irq_usart3
 .text.usart_set_baud_rate
                0x08006d8c       0x54 build//Users/Danny/libmaple/libmaple/stm32f1/usart.o
                0x08006d8c                usart_set_baud_rate
 .text          0x08006de0       0x10 build//Users/Danny/libmaple/wirish/start.o
                0x08006de0                _start
 .text.start_c  0x08006df0       0x64 build//Users/Danny/libmaple/wirish/start_c.o
                0x08006df0                start_c
 .text._sbrk    0x08006e54       0x44 build//Users/Danny/libmaple/wirish/syscalls.o
                0x08006e54                _sbrk
 .text.nvic_irq_enable
                0x08006e98       0x1c build//Users/Danny/libmaple/wirish/stm32f1/util_hooks.o
 .text.__lm_enable_error_usart
                0x08006eb4       0x30 build//Users/Danny/libmaple/wirish/stm32f1/util_hooks.o
                0x08006eb4                __lm_enable_error_usart
 .text.__lm_error
                0x08006ee4       0x44 build//Users/Danny/libmaple/wirish/stm32f1/util_hooks.o
                0x08006ee4                __lm_error
 .text.adc_disable
                0x08006f28       0x12 build//Users/Danny/libmaple/wirish/stm32f1/util_hooks.o
 .text.__cxa_pure_virtual
                0x08006f3a        0x2 build//Users/Danny/libmaple/wirish/cxxabi-compat.o
                0x08006f3a                __cxa_pure_virtual
 .text._ZN5PrintC2Ev
                0x08006f3c        0xc build//Users/Danny/libmaple/wirish/HardwareSerial.o
                0x08006f3c                _ZN5PrintC2Ev
 .text._ZN14HardwareSerialC1EP9usart_devhh
                0x08006f48       0x20 build//Users/Danny/libmaple/wirish/HardwareSerial.o
                0x08006f48                _ZN14HardwareSerialC1EP9usart_devhh
 .text._ZN14HardwareSerial5writeEh
                0x08006f68       0x1a build//Users/Danny/libmaple/wirish/HardwareSerial.o
                0x08006f68                _ZN14HardwareSerial5writeEh
 *fill*         0x08006f82        0x2 00
 .text._GLOBAL__I_Serial1
                0x08006f84       0x48 build//Users/Danny/libmaple/wirish/HardwareSerial.o
 .text._ZL10interruptsv
                0x08006fcc        0x4 build//Users/Danny/libmaple/wirish/HardwareTimer.o
 .text._ZL12noInterruptsv
                0x08006fd0        0x4 build//Users/Danny/libmaple/wirish/HardwareTimer.o
 .text.set_this_dev
                0x08006fd4       0x1c build//Users/Danny/libmaple/wirish/HardwareTimer.o
 .text._ZN13HardwareTimerC1Eh
                0x08006ff0       0x48 build//Users/Danny/libmaple/wirish/HardwareTimer.o
                0x08006ff0                _ZN13HardwareTimerC1Eh
 .text._GLOBAL__I__ZN13HardwareTimerC2Eh
                0x08007038       0x38 build//Users/Danny/libmaple/wirish/HardwareTimer.o
 .text._ZN5Print5writeEPKc
                0x08007070       0x1c build//Users/Danny/libmaple/wirish/Print.o
                0x08007070                _ZN5Print5writeEPKc
 .text._ZN5Print5writeEPKvj
                0x0800708c       0x20 build//Users/Danny/libmaple/wirish/Print.o
                0x0800708c                _ZN5Print5writeEPKvj
 .text._ZN9USBSerialC1Ev
                0x080070ac       0x14 build//Users/Danny/libmaple/wirish/usb_serial.o
                0x080070ac                _ZN9USBSerialC1Ev
 .text._ZN9USBSerial5writeEh
                0x080070c0       0x14 build//Users/Danny/libmaple/wirish/usb_serial.o
                0x080070c0                _ZN9USBSerial5writeEh
 .text._ZN9USBSerial11isConnectedEv
                0x080070d4       0x18 build//Users/Danny/libmaple/wirish/usb_serial.o
                0x080070d4                _ZN9USBSerial11isConnectedEv
 .text._ZN9USBSerial5writeEPKvj
                0x080070ec       0x50 build//Users/Danny/libmaple/wirish/usb_serial.o
                0x080070ec                _ZN9USBSerial5writeEPKvj
 .text._ZN9USBSerial5writeEPKc
                0x0800713c       0x1a build//Users/Danny/libmaple/wirish/usb_serial.o
                0x0800713c                _ZN9USBSerial5writeEPKc
 *fill*         0x08007156        0x2 00
 .text._GLOBAL__I__ZN9USBSerialC2Ev
                0x08007158        0xc build//Users/Danny/libmaple/wirish/usb_serial.o
 .text._GLOBAL__I_PIN_MAP
                0x08007164      0x158 build//Users/Danny/libmaple/wirish/boards/maple/board.o
 .text.__exc_svc
                0x080072bc       0x24 build//Users/Danny/libmaple/libraries/FreeRTOS/utility/port.o
                0x080072bc                __exc_svc
 .text.__exc_pendsv
                0x080072e0       0x40 build//Users/Danny/libmaple/libraries/FreeRTOS/utility/port.o
                0x080072e0                __exc_pendsv
 .text.vTaskSwitchContext
                0x08007320       0xf0 build//Users/Danny/libmaple/libraries/FreeRTOS/utility/tasks.o
                0x08007320                vTaskSwitchContext
 .text.vApplicationStackOverflowHook
                0x08007410        0x2 build//Users/Danny/libmaple/libraries/FreeRTOS/MapleFreeRTOS.o
                0x08007410                vApplicationStackOverflowHook
 .text._ZN6SD_DevD1Ev
                0x08007412        0x2 build//Users/Danny/Maple_Workbench/wasSD/libSD/SD.o
                0x08007412                _ZN6SD_DevD1Ev
 .text._Z8spi_sendP7spi_devh
                0x08007414       0x22 build//Users/Danny/Maple_Workbench/wasSD/libSD/SD.o
                0x08007414                _Z8spi_sendP7spi_devh
 .text._ZN6SD_DevC1EP7spi_devP8gpio_devP7dma_dev
                0x08007436       0x1a build//Users/Danny/Maple_Workbench/wasSD/libSD/SD.o
                0x08007436                _ZN6SD_DevC1EP7spi_devP8gpio_devP7dma_dev
 .text.T.16     0x08007450       0x16 build//Users/Danny/Maple_Workbench/wasSD/libSD/SD.o
 *fill*         0x08007466        0x2 00
 .text._ZN6SD_Dev7commandEiPhS0_i
                0x08007468       0xc0 build//Users/Danny/Maple_Workbench/wasSD/libSD/SD.o
                0x08007468                _ZN6SD_Dev7commandEiPhS0_i
 .text._ZN6SD_Dev4initE8spi_mode12spi_cfg_flag
                0x08007528      0x108 build//Users/Danny/Maple_Workbench/wasSD/libSD/SD.o
                0x08007528                _ZN6SD_Dev4initE8spi_mode12spi_cfg_flag
 .text.main     0x08007630       0x14 build//Users/Danny/Maple_Workbench/wasSD/main.o
                0x08007630                main
 .text._GLOBAL__I_spi
                0x08007644       0x54 build//Users/Danny/Maple_Workbench/wasSD/main.o
 .text.__aeabi_atexit
                0x08007698        0xc /Users/Danny/libmaple/arm/bin/../lib/gcc/arm-none-eabi/4.4.1/../../../../arm-none-eabi/lib/thumb2/libstdc++.a(atexit_arm.o)
                0x08007698                __aeabi_atexit
 .text.__cxa_atexit
                0x080076a4       0x16 /Users/Danny/libmaple/arm/bin/../lib/gcc/arm-none-eabi/4.4.1/../../../../arm-none-eabi/lib/thumb2/libc.a(lib_a-cxa_atexit.o)
                0x080076a4                __cxa_atexit
 *fill*         0x080076ba        0x2 00
 .text.__errno  0x080076bc        0xc /Users/Danny/libmaple/arm/bin/../lib/gcc/arm-none-eabi/4.4.1/../../../../arm-none-eabi/lib/thumb2/libc.a(lib_a-errno.o)
                0x080076bc                __errno
 .text.__libc_init_array
                0x080076c8       0x4c /Users/Danny/libmaple/arm/bin/../lib/gcc/arm-none-eabi/4.4.1/../../../../arm-none-eabi/lib/thumb2/libc.a(lib_a-init.o)
                0x080076c8                __libc_init_array
 .text.memcmp   0x08007714       0x22 /Users/Danny/libmaple/arm/bin/../lib/gcc/arm-none-eabi/4.4.1/../../../../arm-none-eabi/lib/thumb2/libc.a(lib_a-memcmp.o)
                0x08007714                memcmp
 .text.strlen   0x08007736       0x10 /Users/Danny/libmaple/arm/bin/../lib/gcc/arm-none-eabi/4.4.1/../../../../arm-none-eabi/lib/thumb2/libc.a(lib_a-strlen.o)
                0x08007736                strlen
 *fill*         0x08007746        0x2 00
 .text.__register_exitproc
                0x08007748       0xb8 /Users/Danny/libmaple/arm/bin/../lib/gcc/arm-none-eabi/4.4.1/../../../../arm-none-eabi/lib/thumb2/libc.a(lib_a-__atexit.o)
                0x08007748                __register_exitproc
 .text._malloc_trim_r
                0x08007800       0x98 /Users/Danny/libmaple/arm/bin/../lib/gcc/arm-none-eabi/4.4.1/../../../../arm-none-eabi/lib/thumb2/libc.a(lib_a-freer.o)
                0x08007800                _malloc_trim_r
 .text._free_r  0x08007898      0x19c /Users/Danny/libmaple/arm/bin/../lib/gcc/arm-none-eabi/4.4.1/../../../../arm-none-eabi/lib/thumb2/libc.a(lib_a-freer.o)
                0x08007898                _free_r
 .text.malloc   0x08007a34       0x10 /Users/Danny/libmaple/arm/bin/../lib/gcc/arm-none-eabi/4.4.1/../../../../arm-none-eabi/lib/thumb2/libc.a(lib_a-malloc.o)
                0x08007a34                malloc
 .text._malloc_r
                0x08007a44      0x424 /Users/Danny/libmaple/arm/bin/../lib/gcc/arm-none-eabi/4.4.1/../../../../arm-none-eabi/lib/thumb2/libc.a(lib_a-mallocr.o)
                0x08007a44                _malloc_r
 .text.__malloc_lock
                0x08007e68        0x2 /Users/Danny/libmaple/arm/bin/../lib/gcc/arm-none-eabi/4.4.1/../../../../arm-none-eabi/lib/thumb2/libc.a(lib_a-mlock.o)
                0x08007e68                __malloc_lock
 .text.__malloc_unlock
                0x08007e6a        0x2 /Users/Danny/libmaple/arm/bin/../lib/gcc/arm-none-eabi/4.4.1/../../../../arm-none-eabi/lib/thumb2/libc.a(lib_a-mlock.o)
                0x08007e6a                __malloc_unlock
 .text._sbrk_r  0x08007e6c       0x24 /Users/Danny/libmaple/arm/bin/../lib/gcc/arm-none-eabi/4.4.1/../../../../arm-none-eabi/lib/thumb2/libc.a(lib_a-sbrkr.o)
                0x08007e6c                _sbrk_r
 *(.plt)
 *(.gnu.warning)
 *(.glue_7t)
 .glue_7t       0x00000000        0x0 linker stubs
 *(.glue_7)
 .glue_7        0x00000000        0x0 linker stubs
 *(.vfp11_veneer)
 .vfp11_veneer  0x00000000        0x0 linker stubs
 *(.ARM.extab* .gnu.linkonce.armextab.*)
 *(.gcc_except_table)
 *(.eh_frame_hdr)
 *(.eh_frame)
                0x08007e90                . = ALIGN (0x4)
 *(.init)
 .init          0x08007e90        0x4 /Users/Danny/libmaple/arm/bin/../lib/gcc/arm-none-eabi/4.4.1/thumb2/crti.o
                0x08007e90                _init
 .init          0x08007e94        0x8 /Users/Danny/libmaple/arm/bin/../lib/gcc/arm-none-eabi/4.4.1/thumb2/crtn.o
                0x08007e9c                . = ALIGN (0x4)
                0x08007e9c                __preinit_array_start = .
 *(.preinit_array)
                0x08007e9c                __preinit_array_end = .
                0x08007e9c                . = ALIGN (0x4)
                0x08007e9c                __init_array_start = .
 *(SORT(.init_array.*))
 *(.init_array)
 .init_array    0x08007e9c        0x4 /Users/Danny/libmaple/arm/bin/../lib/gcc/arm-none-eabi/4.4.1/thumb2/crtbegin.o
 .init_array    0x08007ea0        0x4 build//Users/Danny/libmaple/wirish/HardwareSerial.o
 .init_array    0x08007ea4        0x4 build//Users/Danny/libmaple/wirish/HardwareTimer.o
 .init_array    0x08007ea8        0x4 build//Users/Danny/libmaple/wirish/usb_serial.o
 .init_array    0x08007eac        0x4 build//Users/Danny/libmaple/wirish/boards/maple/board.o
 .init_array    0x08007eb0        0x4 build//Users/Danny/Maple_Workbench/wasSD/main.o
                0x08007eb4                __init_array_end = .
                0x08007eb4                . = ALIGN (0x4)
 *crtbegin.o(.ctors)
 *(EXCLUDE_FILE(*crtend.o) .ctors)
 *(SORT(.ctors.*))
 *crtend.o(.ctors)
                0x08007eb4                . = ALIGN (0x4)
 *(.fini)
 .fini          0x08007eb4        0x4 /Users/Danny/libmaple/arm/bin/../lib/gcc/arm-none-eabi/4.4.1/thumb2/crti.o
                0x08007eb4                _fini
 .fini          0x08007eb8        0x8 /Users/Danny/libmaple/arm/bin/../lib/gcc/arm-none-eabi/4.4.1/thumb2/crtn.o
                0x08007ec0                . = ALIGN (0x4)
                0x08007ec0                __fini_array_start = .
 *(.fini_array)
 .fini_array    0x08007ec0        0x4 /Users/Danny/libmaple/arm/bin/../lib/gcc/arm-none-eabi/4.4.1/thumb2/crtbegin.o
 *(SORT(.fini_array.*))
                0x08007ec4                __fini_array_end = .
 *crtbegin.o(.dtors)
 *(EXCLUDE_FILE(*crtend.o) .dtors)
 *(SORT(.dtors.*))
 *crtend.o(.dtors)

.v4_bx          0x08007ec4        0x0
 .v4_bx         0x00000000        0x0 linker stubs

.text.align     0x08007ec4        0x4
                0x08007ec8                . = ALIGN (0x8)
 *fill*         0x08007ec4        0x4 00
                0x08007ec8                _etext = .
                0x08007ec8                __exidx_start = .

.ARM.exidx      0x08007ec8        0x8
 *(.ARM.exidx* .gnu.linkonce.armexidx.*)
 .ARM.exidx     0x08007ec8        0x8 build//Users/Danny/libmaple/wirish/start.o
 .ARM.exidx.text.__aeabi_atexit
                0x08007ed0        0x0 /Users/Danny/libmaple/arm/bin/../lib/gcc/arm-none-eabi/4.4.1/../../../../arm-none-eabi/lib/thumb2/libstdc++.a(atexit_arm.o)
                                  0x8 (size before relaxing)
                0x08007ed0                __exidx_end = .

.data           0x20000c00      0xb48 load address 0x08007ed0
                0x20000c00                . = ALIGN (0x8)
                0x20000c00                _data = .
 *(.got.plt)
 *(.got)
 *(.data .data.* .gnu.linkonce.d.*)
 .data          0x20000c00        0x4 /Users/Danny/libmaple/arm/bin/../lib/gcc/arm-none-eabi/4.4.1/thumb2/crtbegin.o
                0x20000c00                __dso_handle
 .data.exti_channels
                0x20000c04       0x80 build//Users/Danny/libmaple/libmaple/exti.o
 .data.timer3   0x20000c84       0x24 build//Users/Danny/libmaple/libmaple/timer.o
 .data.timer4   0x20000ca8       0x24 build//Users/Danny/libmaple/libmaple/timer.o
 .data.TIMER1   0x20000ccc        0x4 build//Users/Danny/libmaple/libmaple/timer.o
                0x20000ccc                TIMER1
 .data.TIMER2   0x20000cd0        0x4 build//Users/Danny/libmaple/libmaple/timer.o
                0x20000cd0                TIMER2
 .data.TIMER3   0x20000cd4        0x4 build//Users/Danny/libmaple/libmaple/timer.o
                0x20000cd4                TIMER3
 .data.TIMER4   0x20000cd8        0x4 build//Users/Danny/libmaple/libmaple/timer.o
                0x20000cd8                TIMER4
 .data.timer1   0x20000cdc       0x28 build//Users/Danny/libmaple/libmaple/timer.o
 .data.timer2   0x20000d04       0x24 build//Users/Danny/libmaple/libmaple/timer.o
 .data.USBLIB   0x20000d28        0x4 build//Users/Danny/libmaple/libmaple/usb/stm32f1/usb.o
                0x20000d28                USBLIB
 .data.usblib   0x20000d2c       0x10 build//Users/Danny/libmaple/libmaple/usb/stm32f1/usb.o
 .data.Device_Descriptor
                0x20000d3c        0x8 build//Users/Danny/libmaple/libmaple/usb/stm32f1/usb_cdcacm.o
                0x20000d3c                Device_Descriptor
 .data.Config_Descriptor
                0x20000d44        0x8 build//Users/Danny/libmaple/libmaple/usb/stm32f1/usb_cdcacm.o
                0x20000d44                Config_Descriptor
 .data.Device_Property
                0x20000d4c       0x30 build//Users/Danny/libmaple/libmaple/usb/stm32f1/usb_cdcacm.o
                0x20000d4c                Device_Property
 .data.String_Descriptor
                0x20000d7c       0x18 build//Users/Danny/libmaple/libmaple/usb/stm32f1/usb_cdcacm.o
                0x20000d7c                String_Descriptor
 .data.line_coding
                0x20000d94        0x8 build//Users/Danny/libmaple/libmaple/usb/stm32f1/usb_cdcacm.o
 .data.Device_Table
                0x20000d9c        0x4 build//Users/Danny/libmaple/libmaple/usb/stm32f1/usb_cdcacm.o
                0x20000d9c                Device_Table
 .data.adc1     0x20000da0        0x8 build//Users/Danny/libmaple/libmaple/stm32f1/adc.o
 .data.adc2     0x20000da8        0x8 build//Users/Danny/libmaple/libmaple/stm32f1/adc.o
 .data.ADC1     0x20000db0        0x4 build//Users/Danny/libmaple/libmaple/stm32f1/adc.o
                0x20000db0                ADC1
 .data.ADC2     0x20000db4        0x4 build//Users/Danny/libmaple/libmaple/stm32f1/adc.o
                0x20000db4                ADC2
 .data.DMA1     0x20000db8        0x4 build//Users/Danny/libmaple/libmaple/stm32f1/dma.o
                0x20000db8                DMA1
 .data.dma1     0x20000dbc       0x40 build//Users/Danny/libmaple/libmaple/stm32f1/dma.o
 .data.gpioa    0x20000dfc        0x8 build//Users/Danny/libmaple/libmaple/stm32f1/gpio.o
                0x20000dfc                gpioa
 .data.gpiob    0x20000e04        0x8 build//Users/Danny/libmaple/libmaple/stm32f1/gpio.o
                0x20000e04                gpiob
 .data.gpioc    0x20000e0c        0x8 build//Users/Danny/libmaple/libmaple/stm32f1/gpio.o
                0x20000e0c                gpioc
 .data.gpiod    0x20000e14        0x8 build//Users/Danny/libmaple/libmaple/stm32f1/gpio.o
                0x20000e14                gpiod
 .data.i2c1     0x20000e1c       0x24 build//Users/Danny/libmaple/libmaple/stm32f1/i2c.o
 .data.i2c2     0x20000e40       0x24 build//Users/Danny/libmaple/libmaple/stm32f1/i2c.o
 .data.enable_regs.1593
                0x20000e64        0xc build//Users/Danny/libmaple/libmaple/stm32f1/rcc.o
 .data.reset_regs.1597
                0x20000e70        0x8 build//Users/Danny/libmaple/libmaple/stm32f1/rcc.o
 .data.spi1     0x20000e78        0x8 build//Users/Danny/libmaple/libmaple/stm32f1/spi.o
 .data.SPI1     0x20000e80        0x4 build//Users/Danny/libmaple/libmaple/stm32f1/spi.o
                0x20000e80                SPI1
 .data.USART1   0x20000e84        0x4 build//Users/Danny/libmaple/libmaple/stm32f1/usart.o
                0x20000e84                USART1
 .data.USART2   0x20000e88        0x4 build//Users/Danny/libmaple/libmaple/stm32f1/usart.o
                0x20000e88                USART2
 .data.USART3   0x20000e8c        0x4 build//Users/Danny/libmaple/libmaple/stm32f1/usart.o
                0x20000e8c                USART3
 .data.usart1   0x20000e90       0x50 build//Users/Danny/libmaple/libmaple/stm32f1/usart.o
 .data.usart2   0x20000ee0       0x50 build//Users/Danny/libmaple/libmaple/stm32f1/usart.o
 .data.usart3   0x20000f30       0x50 build//Users/Danny/libmaple/libmaple/stm32f1/usart.o
 .data.PIN_MAP  0x20000f80      0x2c0 build//Users/Danny/libmaple/wirish/boards/maple/board.o
                0x20000f80                PIN_MAP
 .data.uxPreviousTask
                0x20001240        0x4 build//Users/Danny/libmaple/libraries/FreeRTOS/utility/tasks.o
 .data.impure_data
                0x20001244       0xf0 /Users/Danny/libmaple/arm/bin/../lib/gcc/arm-none-eabi/4.4.1/../../../../arm-none-eabi/lib/thumb2/libc.a(lib_a-impure.o)
 .data._impure_ptr
                0x20001334        0x4 /Users/Danny/libmaple/arm/bin/../lib/gcc/arm-none-eabi/4.4.1/../../../../arm-none-eabi/lib/thumb2/libc.a(lib_a-impure.o)
                0x20001334                _impure_ptr
 .data.__malloc_av_
                0x20001338      0x408 /Users/Danny/libmaple/arm/bin/../lib/gcc/arm-none-eabi/4.4.1/../../../../arm-none-eabi/lib/thumb2/libc.a(lib_a-mallocr.o)
                0x20001338                __malloc_av_
 .data.__malloc_trim_threshold
                0x20001740        0x4 /Users/Danny/libmaple/arm/bin/../lib/gcc/arm-none-eabi/4.4.1/../../../../arm-none-eabi/lib/thumb2/libc.a(lib_a-mallocr.o)
                0x20001740                __malloc_trim_threshold
 .data.__malloc_sbrk_base
                0x20001744        0x4 /Users/Danny/libmaple/arm/bin/../lib/gcc/arm-none-eabi/4.4.1/../../../../arm-none-eabi/lib/thumb2/libc.a(lib_a-mallocr.o)
                0x20001744                __malloc_sbrk_base
                0x20001748                . = ALIGN (0x8)
                0x20001748                _edata = .

.jcr            0x20001748        0x0 load address 0x08008a18
 .jcr           0x20001748        0x0 /Users/Danny/libmaple/arm/bin/../lib/gcc/arm-none-eabi/4.4.1/thumb2/crtbegin.o

.rodata         0x08008a18      0x2d0
 *(.rodata .rodata.* .gnu.linkonce.r.*)
 .rodata.str1.1
                0x08008a18       0x3f build//Users/Danny/libmaple/libmaple/util.o
                                 0x42 (size before relaxing)
 .rodata.str1.1
                0x08008a57       0x63 build//Users/Danny/libmaple/libmaple/i2c.o
 .rodata.str1.1
                0x08008aba       0x45 build//Users/Danny/libmaple/libmaple/usb/stm32f1/usb.o
 *fill*         0x08008aff        0x1 00
 .rodata.usbVcomDescriptor_iProduct
                0x08008b00       0x14 build//Users/Danny/libmaple/libmaple/usb/stm32f1/usb_cdcacm.o
                0x08008b00                usbVcomDescriptor_iProduct
 .rodata.usbVcomDescriptor_iManufacturer
                0x08008b14       0x14 build//Users/Danny/libmaple/libmaple/usb/stm32f1/usb_cdcacm.o
                0x08008b14                usbVcomDescriptor_iManufacturer
 .rodata.usbVcomDescriptor_Device
                0x08008b28       0x14 build//Users/Danny/libmaple/libmaple/usb/stm32f1/usb_cdcacm.o
                0x08008b28                usbVcomDescriptor_Device
 .rodata.usbVcomDescriptor_Config
                0x08008b3c       0x44 build//Users/Danny/libmaple/libmaple/usb/stm32f1/usb_cdcacm.o
                0x08008b3c                usbVcomDescriptor_Config
 .rodata.usbVcomDescriptor_LangID
                0x08008b80        0x4 build//Users/Danny/libmaple/libmaple/usb/stm32f1/usb_cdcacm.o
                0x08008b80                usbVcomDescriptor_LangID
 .rodata.GPIOA  0x08008b84        0x4 build//Users/Danny/libmaple/libmaple/stm32f1/gpio.o
                0x08008b84                GPIOA
 .rodata.GPIOB  0x08008b88        0x4 build//Users/Danny/libmaple/libmaple/stm32f1/gpio.o
                0x08008b88                GPIOB
 .rodata.GPIOC  0x08008b8c        0x4 build//Users/Danny/libmaple/libmaple/stm32f1/gpio.o
                0x08008b8c                GPIOC
 .rodata.GPIOD  0x08008b90        0x4 build//Users/Danny/libmaple/libmaple/stm32f1/gpio.o
                0x08008b90                GPIOD
 .rodata.rcc_dev_table
                0x08008b94       0x5c build//Users/Danny/libmaple/libmaple/stm32f1/rcc.o
                0x08008b94                rcc_dev_table
 .rodata.str1.1
                0x08008bf0       0x3b build//Users/Danny/libmaple/libmaple/stm32f1/usart.o
 *fill*         0x08008c2b        0x5 00
 .rodata._ZTV14HardwareSerial
                0x08008c30       0x18 build//Users/Danny/libmaple/wirish/HardwareSerial.o
                0x08008c30                _ZTV14HardwareSerial
 .rodata.str1.1
                0x08008c48       0x41 build//Users/Danny/libmaple/wirish/HardwareTimer.o
 *fill*         0x08008c89        0x7 00
 .rodata._ZTV5Print
                0x08008c90       0x18 build//Users/Danny/libmaple/wirish/Print.o
                0x08008c90                _ZTV5Print
 .rodata._ZTV9USBSerial
                0x08008ca8       0x18 build//Users/Danny/libmaple/wirish/usb_serial.o
                0x08008ca8                _ZTV9USBSerial
 .rodata.ucExpectedStackBytes.3388
                0x08008cc0       0x14 build//Users/Danny/libmaple/libraries/FreeRTOS/utility/tasks.o
 .rodata.CSWTCH.14
                0x08008cd4        0x8 build//Users/Danny/Maple_Workbench/wasSD/libSD/SD.o
 .rodata.str1.1
                0x08008cdc        0x2 /Users/Danny/libmaple/arm/bin/../lib/gcc/arm-none-eabi/4.4.1/../../../../arm-none-eabi/lib/thumb2/libc.a(lib_a-impure.o)
 *fill*         0x08008cde        0x2 00
 .rodata._global_impure_ptr
                0x08008ce0        0x4 /Users/Danny/libmaple/arm/bin/../lib/gcc/arm-none-eabi/4.4.1/../../../../arm-none-eabi/lib/thumb2/libc.a(lib_a-impure.o)
                0x08008ce0                _global_impure_ptr
 *(.USER_FLASH)
                0x08008ce4                . = ALIGN (0x4)
                0x08008ce4                _lm_rom_img_cfgp = .
                0x08008ce4        0x4 LONG 0x8007ed0 LOADADDR (.data)
                [0x200018f8]                _lm_heap_start = DEFINED (_lm_heap_start)?_lm_heap_start:_end
                [0x20005000]                _lm_heap_end = DEFINED (_lm_heap_end)?_lm_heap_end:__msp_init

.bss            0x20001748      0x1b0
                0x20001748                . = ALIGN (0x8)
                0x20001748                _bss = .
 *(.bss .bss.* .gnu.linkonce.b.*)
 .bss           0x20001748        0x1 /Users/Danny/libmaple/arm/bin/../lib/gcc/arm-none-eabi/4.4.1/thumb2/crtbegin.o
 *fill*         0x20001749        0x3 00
 .bss.systick_user_callback
                0x2000174c        0x4 build//Users/Danny/libmaple/libmaple/systick.o
 .bss.line_dtr_rts
                0x20001750        0x1 build//Users/Danny/libmaple/libmaple/usb/stm32f1/usb_cdcacm.o
 *fill*         0x20001751        0x3 00
 .bss.rx_offset
                0x20001754        0x4 build//Users/Danny/libmaple/libmaple/usb/stm32f1/usb_cdcacm.o
 .bss.countTx   0x20001758        0x4 build//Users/Danny/libmaple/libmaple/usb/stm32f1/usb_cdcacm.o
 .bss.iface_setup_hook
                0x2000175c        0x4 build//Users/Danny/libmaple/libmaple/usb/stm32f1/usb_cdcacm.o
 .bss.last_request
                0x20001760        0x1 build//Users/Danny/libmaple/libmaple/usb/stm32f1/usb_cdcacm.o
 .bss.Data_Mul_MaxPacketSize
                0x20001761        0x1 build//Users/Danny/libmaple/libmaple/usb/usb_lib/usb_core.o
                0x20001761                Data_Mul_MaxPacketSize
 *fill*         0x20001762        0x2 00
 .bss.usart1_rb
                0x20001764        0xc build//Users/Danny/libmaple/libmaple/stm32f1/usart.o
 .bss.usart2_rb
                0x20001770        0xc build//Users/Danny/libmaple/libmaple/stm32f1/usart.o
 .bss.usart3_rb
                0x2000177c        0xc build//Users/Danny/libmaple/libmaple/stm32f1/usart.o
 .bss.pbreak.1614
                0x20001788        0x4 build//Users/Danny/libmaple/wirish/syscalls.o
 .bss.Serial1   0x2000178c        0xc build//Users/Danny/libmaple/wirish/HardwareSerial.o
                0x2000178c                Serial1
 .bss.Serial2   0x20001798        0xc build//Users/Danny/libmaple/wirish/HardwareSerial.o
                0x20001798                Serial2
 .bss.Serial3   0x200017a4        0xc build//Users/Danny/libmaple/wirish/HardwareSerial.o
                0x200017a4                Serial3
 .bss.Timer1    0x200017b0        0x4 build//Users/Danny/libmaple/wirish/HardwareTimer.o
                0x200017b0                Timer1
 .bss.Timer2    0x200017b4        0x4 build//Users/Danny/libmaple/wirish/HardwareTimer.o
                0x200017b4                Timer2
 .bss.Timer3    0x200017b8        0x4 build//Users/Danny/libmaple/wirish/HardwareTimer.o
                0x200017b8                Timer3
 .bss.Timer4    0x200017bc        0x4 build//Users/Danny/libmaple/wirish/HardwareTimer.o
                0x200017bc                Timer4
 .bss._ZL7this_id
                0x200017c0        0x1 build//Users/Danny/libmaple/wirish/HardwareTimer.o
 *fill*         0x200017c1        0x3 00
 .bss._ZL9this_devp
                0x200017c4        0x4 build//Users/Danny/libmaple/wirish/HardwareTimer.o
 .bss.SerialUSB
                0x200017c8        0x4 build//Users/Danny/libmaple/wirish/usb_serial.o
                0x200017c8                SerialUSB
 .bss.uxTopReadyPriority
                0x200017cc        0x4 build//Users/Danny/libmaple/libraries/FreeRTOS/utility/tasks.o
 .bss.xTickCount
                0x200017d0        0x4 build//Users/Danny/libmaple/libraries/FreeRTOS/utility/tasks.o
 .bss.pxReadyTasksLists
                0x200017d4       0x64 build//Users/Danny/libmaple/libraries/FreeRTOS/utility/tasks.o
 .bss.xTracing  0x20001838        0x4 build//Users/Danny/libmaple/libraries/FreeRTOS/utility/tasks.o
 .bss.xMissedYield
                0x2000183c        0x4 build//Users/Danny/libmaple/libraries/FreeRTOS/utility/tasks.o
 .bss.pcTraceBuffer
                0x20001840        0x4 build//Users/Danny/libmaple/libraries/FreeRTOS/utility/tasks.o
 .bss.pxCurrentTCB
                0x20001844        0x4 build//Users/Danny/libmaple/libraries/FreeRTOS/utility/tasks.o
                0x20001844                pxCurrentTCB
 .bss.uxSchedulerSuspended
                0x20001848        0x4 build//Users/Danny/libmaple/libraries/FreeRTOS/utility/tasks.o
 .bss.pcTraceBufferEnd
                0x2000184c        0x4 build//Users/Danny/libmaple/libraries/FreeRTOS/utility/tasks.o
 .bss.dma       0x20001850        0x4 build//Users/Danny/Maple_Workbench/wasSD/main.o
                0x20001850                dma
 .bss.sd        0x20001854       0x20 build//Users/Danny/Maple_Workbench/wasSD/main.o
                0x20001854                sd
 .bss.spi       0x20001874        0x4 build//Users/Danny/Maple_Workbench/wasSD/main.o
                0x20001874                spi
 .bss.chSel     0x20001878        0x4 build//Users/Danny/Maple_Workbench/wasSD/main.o
                0x20001878                chSel
 .bss.__malloc_max_total_mem
                0x2000187c        0x4 /Users/Danny/libmaple/arm/bin/../lib/gcc/arm-none-eabi/4.4.1/../../../../arm-none-eabi/lib/thumb2/libc.a(lib_a-mallocr.o)
                0x2000187c                __malloc_max_total_mem
 .bss.__malloc_max_sbrked_mem
                0x20001880        0x4 /Users/Danny/libmaple/arm/bin/../lib/gcc/arm-none-eabi/4.4.1/../../../../arm-none-eabi/lib/thumb2/libc.a(lib_a-mallocr.o)
                0x20001880                __malloc_max_sbrked_mem
 .bss.__malloc_top_pad
                0x20001884        0x4 /Users/Danny/libmaple/arm/bin/../lib/gcc/arm-none-eabi/4.4.1/../../../../arm-none-eabi/lib/thumb2/libc.a(lib_a-mallocr.o)
                0x20001884                __malloc_top_pad
 .bss.__malloc_current_mallinfo
                0x20001888       0x28 /Users/Danny/libmaple/arm/bin/../lib/gcc/arm-none-eabi/4.4.1/../../../../arm-none-eabi/lib/thumb2/libc.a(lib_a-mallocr.o)
                0x20001888                __malloc_current_mallinfo
 *(COMMON)
 COMMON         0x200018b0        0x4 build//Users/Danny/libmaple/libmaple/systick.o
                0x200018b0                systick_uptime_millis
 COMMON         0x200018b4        0x6 build//Users/Danny/libmaple/libmaple/usb/stm32f1/usb.o
                0x200018b4                SaveRState
                0x200018b6                SaveTState
                0x200018b8                ResumeS
 *fill*         0x200018ba        0x2 00
 COMMON         0x200018bc        0x2 build//Users/Danny/libmaple/libmaple/usb/usb_lib/usb_core.o
                0x200018bc                StatusInfo
 *fill*         0x200018be        0x2 00
 COMMON         0x200018c0       0x32 build//Users/Danny/libmaple/libmaple/usb/usb_lib/usb_init.o
                0x200018c0                SaveState
                0x200018c4                pProperty
                0x200018c8                EPindex
                0x200018cc                Device_Info
                0x200018e8                pUser_Standard_Requests
                0x200018ec                pInformation
                0x200018f0                wInterrupt_Mask
 *fill*         0x200018f2        0x2 00
 COMMON         0x200018f4        0x4 /Users/Danny/libmaple/arm/bin/../lib/gcc/arm-none-eabi/4.4.1/../../../../arm-none-eabi/lib/thumb2/libc.a(lib_a-reent.o)
                0x200018f4                errno
                0x200018f8                . = ALIGN (0x8)
                0x200018f8                _ebss = .
                0x200018f8                _end = _ebss

.stab
 *(.stab)

.stabstr
 *(.stabstr)

.debug
 *(.debug)

.line
 *(.line)

.debug_srcinfo
 *(.debug_srcinfo)

.debug_sfnames
 *(.debug_sfnames)

.comment        0x00000000      0x7ce
 .comment       0x00000000       0x12 /Users/Danny/libmaple/arm/bin/../lib/gcc/arm-none-eabi/4.4.1/thumb2/crtbegin.o
 .comment       0x00000012       0x12 build//Users/Danny/libmaple/libmaple/adc.o
 .comment       0x00000024       0x12 build//Users/Danny/libmaple/libmaple/dac.o
 .comment       0x00000036       0x12 build//Users/Danny/libmaple/libmaple/dma.o
 .comment       0x00000048       0x12 build//Users/Danny/libmaple/libmaple/exti.o
 .comment       0x0000005a       0x12 build//Users/Danny/libmaple/libmaple/flash.o
 .comment       0x0000006c       0x12 build//Users/Danny/libmaple/libmaple/gpio.o
 .comment       0x0000007e       0x12 build//Users/Danny/libmaple/libmaple/iwdg.o
 .comment       0x00000090       0x12 build//Users/Danny/libmaple/libmaple/nvic.o
 .comment       0x000000a2       0x12 build//Users/Danny/libmaple/libmaple/pwr.o
 .comment       0x000000b4       0x12 build//Users/Danny/libmaple/libmaple/rcc.o
 .comment       0x000000c6       0x12 build//Users/Danny/libmaple/libmaple/spi.o
 .comment       0x000000d8       0x12 build//Users/Danny/libmaple/libmaple/systick.o
 .comment       0x000000ea       0x12 build//Users/Danny/libmaple/libmaple/timer.o
 .comment       0x000000fc       0x12 build//Users/Danny/libmaple/libmaple/usart.o
 .comment       0x0000010e       0x12 build//Users/Danny/libmaple/libmaple/usart_private.o
 .comment       0x00000120       0x12 build//Users/Danny/libmaple/libmaple/util.o
 .comment       0x00000132       0x12 build//Users/Danny/libmaple/libmaple/i2c.o
 .comment       0x00000144       0x12 build//Users/Danny/libmaple/libmaple/usb/stm32f1/usb.o
 .comment       0x00000156       0x12 build//Users/Danny/libmaple/libmaple/usb/stm32f1/usb_reg_map.o
 .comment       0x00000168       0x12 build//Users/Danny/libmaple/libmaple/usb/stm32f1/usb_cdcacm.o
 .comment       0x0000017a       0x12 build//Users/Danny/libmaple/libmaple/usb/usb_lib/usb_core.o
 .comment       0x0000018c       0x12 build//Users/Danny/libmaple/libmaple/usb/usb_lib/usb_init.o
 .comment       0x0000019e       0x12 build//Users/Danny/libmaple/libmaple/usb/usb_lib/usb_mem.o
 .comment       0x000001b0       0x12 build//Users/Danny/libmaple/libmaple/usb/usb_lib/usb_regs.o
 .comment       0x000001c2       0x12 build//Users/Danny/libmaple/libmaple/stm32f1/adc.o
 .comment       0x000001d4       0x12 build//Users/Danny/libmaple/libmaple/stm32f1/bkp.o
 .comment       0x000001e6       0x12 build//Users/Danny/libmaple/libmaple/stm32f1/dma.o
 .comment       0x000001f8       0x12 build//Users/Danny/libmaple/libmaple/stm32f1/exti.o
 .comment       0x0000020a       0x12 build//Users/Danny/libmaple/libmaple/stm32f1/fsmc.o
 .comment       0x0000021c       0x12 build//Users/Danny/libmaple/libmaple/stm32f1/gpio.o
 .comment       0x0000022e       0x12 build//Users/Danny/libmaple/libmaple/stm32f1/i2c.o
 .comment       0x00000240       0x12 build//Users/Danny/libmaple/libmaple/stm32f1/rcc.o
 .comment       0x00000252       0x12 build//Users/Danny/libmaple/libmaple/stm32f1/spi.o
 .comment       0x00000264       0x12 build//Users/Danny/libmaple/libmaple/stm32f1/timer.o
 .comment       0x00000276       0x12 build//Users/Danny/libmaple/libmaple/stm32f1/usart.o
 .comment       0x00000288       0x12 build//Users/Danny/libmaple/wirish/start_c.o
 .comment       0x0000029a       0x12 build//Users/Danny/libmaple/wirish/syscalls.o
 .comment       0x000002ac       0x12 build//Users/Danny/libmaple/wirish/stm32f1/util_hooks.o
 .comment       0x000002be       0x12 build//Users/Danny/libmaple/wirish/boards.o
 .comment       0x000002d0       0x12 build//Users/Danny/libmaple/wirish/cxxabi-compat.o
 .comment       0x000002e2       0x12 build//Users/Danny/libmaple/wirish/ext_interrupts.o
 .comment       0x000002f4       0x12 build//Users/Danny/libmaple/wirish/HardwareSerial.o
 .comment       0x00000306       0x12 build//Users/Danny/libmaple/wirish/HardwareTimer.o
 .comment       0x00000318       0x12 build//Users/Danny/libmaple/wirish/Print.o
 .comment       0x0000032a       0x12 build//Users/Danny/libmaple/wirish/pwm.o
 .comment       0x0000033c       0x12 build//Users/Danny/libmaple/wirish/usb_serial.o
 .comment       0x0000034e       0x12 build//Users/Danny/libmaple/wirish/HardwareSPI.o
 .comment       0x00000360       0x12 build//Users/Danny/libmaple/wirish/wirish_analog.o
 .comment       0x00000372       0x12 build//Users/Danny/libmaple/wirish/wirish_digital.o
 .comment       0x00000384       0x12 build//Users/Danny/libmaple/wirish/wirish_math.o
 .comment       0x00000396       0x12 build//Users/Danny/libmaple/wirish/wirish_shift.o
 .comment       0x000003a8       0x12 build//Users/Danny/libmaple/wirish/wirish_time.o
 .comment       0x000003ba       0x12 build//Users/Danny/libmaple/wirish/stm32f1/boards_setup.o
 .comment       0x000003cc       0x12 build//Users/Danny/libmaple/wirish/stm32f1/wirish_digital.o
 .comment       0x000003de       0x12 build//Users/Danny/libmaple/wirish/stm32f1/wirish_debug.o
 .comment       0x000003f0       0x12 build//Users/Danny/libmaple/wirish/boards/maple/board.o
 .comment       0x00000402       0x12 build//Users/Danny/libmaple/libraries/Servo/Servo.o
 .comment       0x00000414       0x12 build//Users/Danny/libmaple/libraries/LiquidCrystal/LiquidCrystal.o
 .comment       0x00000426       0x12 build//Users/Danny/libmaple/libraries/Wire/WireBase.o
 .comment       0x00000438       0x12 build//Users/Danny/libmaple/libraries/Wire/HardWire.o
 .comment       0x0000044a       0x12 build//Users/Danny/libmaple/libraries/Wire/Wire.o
 .comment       0x0000045c       0x12 build//Users/Danny/libmaple/libraries/FreeRTOS/utility/croutine.o
 .comment       0x0000046e       0x12 build//Users/Danny/libmaple/libraries/FreeRTOS/utility/heap_2.o
 .comment       0x00000480       0x12 build//Users/Danny/libmaple/libraries/FreeRTOS/utility/list.o
 .comment       0x00000492       0x12 build//Users/Danny/libmaple/libraries/FreeRTOS/utility/port.o
 .comment       0x000004a4       0x12 build//Users/Danny/libmaple/libraries/FreeRTOS/utility/queue.o
 .comment       0x000004b6       0x12 build//Users/Danny/libmaple/libraries/FreeRTOS/utility/timers.o
 .comment       0x000004c8       0x12 build//Users/Danny/libmaple/libraries/FreeRTOS/utility/tasks.o
 .comment       0x000004da       0x12 build//Users/Danny/libmaple/libraries/FreeRTOS/MapleFreeRTOS.o
 .comment       0x000004ec       0x12 build//Users/Danny/Maple_Workbench/wasSD/libFAT/FAT.o
 .comment       0x000004fe       0x12 build//Users/Danny/Maple_Workbench/wasSD/libSD/SD.o
 .comment       0x00000510       0x12 build//Users/Danny/Maple_Workbench/wasSD/main.o
 .comment       0x00000522       0x12 build/main.o
 .comment       0x00000534       0x12 /Users/Danny/libmaple/arm/bin/../lib/gcc/arm-none-eabi/4.4.1/../../../../arm-none-eabi/lib/thumb2/libstdc++.a(atexit_arm.o)
 .comment       0x00000546       0x12 /Users/Danny/libmaple/arm/bin/../lib/gcc/arm-none-eabi/4.4.1/thumb2/libgcc.a(_fixdfdi.o)
 .comment       0x00000558       0x12 /Users/Danny/libmaple/arm/bin/../lib/gcc/arm-none-eabi/4.4.1/thumb2/libgcc.a(_fixunsdfdi.o)
 .comment       0x0000056a       0x12 /Users/Danny/libmaple/arm/bin/../lib/gcc/arm-none-eabi/4.4.1/thumb2/libgcc.a(bpabi.o)
 .comment       0x0000057c       0x12 /Users/Danny/libmaple/arm/bin/../lib/gcc/arm-none-eabi/4.4.1/thumb2/libgcc.a(_divdi3.o)
 .comment       0x0000058e       0x12 /Users/Danny/libmaple/arm/bin/../lib/gcc/arm-none-eabi/4.4.1/thumb2/libgcc.a(_udivdi3.o)
 .comment       0x000005a0       0x12 /Users/Danny/libmaple/arm/bin/../lib/gcc/arm-none-eabi/4.4.1/../../../../arm-none-eabi/lib/thumb2/libc.a(lib_a-cxa_atexit.o)
 .comment       0x000005b2       0x12 /Users/Danny/libmaple/arm/bin/../lib/gcc/arm-none-eabi/4.4.1/../../../../arm-none-eabi/lib/thumb2/libc.a(lib_a-errno.o)
 .comment       0x000005c4       0x12 /Users/Danny/libmaple/arm/bin/../lib/gcc/arm-none-eabi/4.4.1/../../../../arm-none-eabi/lib/thumb2/libc.a(lib_a-impure.o)
 .comment       0x000005d6       0x12 /Users/Danny/libmaple/arm/bin/../lib/gcc/arm-none-eabi/4.4.1/../../../../arm-none-eabi/lib/thumb2/libc.a(lib_a-init.o)
 .comment       0x000005e8       0x12 /Users/Danny/libmaple/arm/bin/../lib/gcc/arm-none-eabi/4.4.1/../../../../arm-none-eabi/lib/thumb2/libc.a(lib_a-memcmp.o)
 .comment       0x000005fa       0x12 /Users/Danny/libmaple/arm/bin/../lib/gcc/arm-none-eabi/4.4.1/../../../../arm-none-eabi/lib/thumb2/libc.a(lib_a-memcpy.o)
 .comment       0x0000060c       0x12 /Users/Danny/libmaple/arm/bin/../lib/gcc/arm-none-eabi/4.4.1/../../../../arm-none-eabi/lib/thumb2/libc.a(lib_a-memset.o)
 .comment       0x0000061e       0x12 /Users/Danny/libmaple/arm/bin/../lib/gcc/arm-none-eabi/4.4.1/../../../../arm-none-eabi/lib/thumb2/libc.a(lib_a-rand.o)
 .comment       0x00000630       0x12 /Users/Danny/libmaple/arm/bin/../lib/gcc/arm-none-eabi/4.4.1/../../../../arm-none-eabi/lib/thumb2/libc.a(lib_a-sprintf.o)
 .comment       0x00000642       0x12 /Users/Danny/libmaple/arm/bin/../lib/gcc/arm-none-eabi/4.4.1/../../../../arm-none-eabi/lib/thumb2/libc.a(lib_a-strcat.o)
 .comment       0x00000654       0x12 /Users/Danny/libmaple/arm/bin/../lib/gcc/arm-none-eabi/4.4.1/../../../../arm-none-eabi/lib/thumb2/libc.a(lib_a-strlen.o)
 .comment       0x00000666       0x12 /Users/Danny/libmaple/arm/bin/../lib/gcc/arm-none-eabi/4.4.1/../../../../arm-none-eabi/lib/thumb2/libc.a(lib_a-strncpy.o)
 .comment       0x00000678       0x12 /Users/Danny/libmaple/arm/bin/../lib/gcc/arm-none-eabi/4.4.1/../../../../arm-none-eabi/lib/thumb2/libc.a(lib_a-svfprintf.o)
 .comment       0x0000068a       0x12 /Users/Danny/libmaple/arm/bin/../lib/gcc/arm-none-eabi/4.4.1/../../../../arm-none-eabi/lib/thumb2/libc.a(lib_a-__atexit.o)
 .comment       0x0000069c       0x12 /Users/Danny/libmaple/arm/bin/../lib/gcc/arm-none-eabi/4.4.1/../../../../arm-none-eabi/lib/thumb2/libc.a(lib_a-dtoa.o)
 .comment       0x000006ae       0x12 /Users/Danny/libmaple/arm/bin/../lib/gcc/arm-none-eabi/4.4.1/../../../../arm-none-eabi/lib/thumb2/libc.a(lib_a-freer.o)
 .comment       0x000006c0       0x12 /Users/Danny/libmaple/arm/bin/../lib/gcc/arm-none-eabi/4.4.1/../../../../arm-none-eabi/lib/thumb2/libc.a(lib_a-locale.o)
 .comment       0x000006d2       0x12 /Users/Danny/libmaple/arm/bin/../lib/gcc/arm-none-eabi/4.4.1/../../../../arm-none-eabi/lib/thumb2/libc.a(lib_a-malloc.o)
 .comment       0x000006e4       0x12 /Users/Danny/libmaple/arm/bin/../lib/gcc/arm-none-eabi/4.4.1/../../../../arm-none-eabi/lib/thumb2/libc.a(lib_a-mallocr.o)
 .comment       0x000006f6       0x12 /Users/Danny/libmaple/arm/bin/../lib/gcc/arm-none-eabi/4.4.1/../../../../arm-none-eabi/lib/thumb2/libc.a(lib_a-memchr.o)
 .comment       0x00000708       0x12 /Users/Danny/libmaple/arm/bin/../lib/gcc/arm-none-eabi/4.4.1/../../../../arm-none-eabi/lib/thumb2/libc.a(lib_a-memmove.o)
 .comment       0x0000071a       0x12 /Users/Danny/libmaple/arm/bin/../lib/gcc/arm-none-eabi/4.4.1/../../../../arm-none-eabi/lib/thumb2/libc.a(lib_a-mlock.o)
 .comment       0x0000072c       0x12 /Users/Danny/libmaple/arm/bin/../lib/gcc/arm-none-eabi/4.4.1/../../../../arm-none-eabi/lib/thumb2/libc.a(lib_a-mprec.o)
 .comment       0x0000073e       0x12 /Users/Danny/libmaple/arm/bin/../lib/gcc/arm-none-eabi/4.4.1/../../../../arm-none-eabi/lib/thumb2/libc.a(lib_a-reallocr.o)
 .comment       0x00000750       0x12 /Users/Danny/libmaple/arm/bin/../lib/gcc/arm-none-eabi/4.4.1/../../../../arm-none-eabi/lib/thumb2/libc.a(lib_a-s_isinfd.o)
 .comment       0x00000762       0x12 /Users/Danny/libmaple/arm/bin/../lib/gcc/arm-none-eabi/4.4.1/../../../../arm-none-eabi/lib/thumb2/libc.a(lib_a-s_isnand.o)
 .comment       0x00000774       0x12 /Users/Danny/libmaple/arm/bin/../lib/gcc/arm-none-eabi/4.4.1/../../../../arm-none-eabi/lib/thumb2/libc.a(lib_a-sbrkr.o)
 .comment       0x00000786       0x12 /Users/Danny/libmaple/arm/bin/../lib/gcc/arm-none-eabi/4.4.1/../../../../arm-none-eabi/lib/thumb2/libc.a(lib_a-strcmp.o)
 .comment       0x00000798       0x12 /Users/Danny/libmaple/arm/bin/../lib/gcc/arm-none-eabi/4.4.1/../../../../arm-none-eabi/lib/thumb2/libc.a(lib_a-callocr.o)
 .comment       0x000007aa       0x12 /Users/Danny/libmaple/arm/bin/../lib/gcc/arm-none-eabi/4.4.1/../../../../arm-none-eabi/lib/thumb2/libc.a(lib_a-reent.o)
 .comment       0x000007bc       0x12 /Users/Danny/libmaple/arm/bin/../lib/gcc/arm-none-eabi/4.4.1/thumb2/crtend.o

.debug_aranges  0x00000000     0x1be8
 *(.debug_aranges)
 .debug_aranges
                0x00000000       0x28 /Users/Danny/libmaple/arm/bin/../lib/gcc/arm-none-eabi/4.4.1/thumb2/crti.o
 .debug_aranges
                0x00000028       0x38 build//Users/Danny/libmaple/libmaple/adc.o
 .debug_aranges
                0x00000060       0x38 build//Users/Danny/libmaple/libmaple/dac.o
 .debug_aranges
                0x00000098       0x28 build//Users/Danny/libmaple/libmaple/dma.o
 .debug_aranges
                0x000000c0       0x70 build//Users/Danny/libmaple/libmaple/exti.o
 .debug_aranges
                0x00000130       0x20 build//Users/Danny/libmaple/libmaple/flash.o
 .debug_aranges
                0x00000150       0x20 build//Users/Danny/libmaple/libmaple/gpio.o
 .debug_aranges
                0x00000170       0x28 build//Users/Danny/libmaple/libmaple/iwdg.o
 .debug_aranges
                0x00000198       0x38 build//Users/Danny/libmaple/libmaple/nvic.o
 .debug_aranges
                0x000001d0       0x20 build//Users/Danny/libmaple/libmaple/pwr.o
 .debug_aranges
                0x000001f0       0x58 build//Users/Danny/libmaple/libmaple/rcc.o
 .debug_aranges
                0x00000248       0x78 build//Users/Danny/libmaple/libmaple/spi.o
 .debug_aranges
                0x000002c0       0x40 build//Users/Danny/libmaple/libmaple/systick.o
 .debug_aranges
                0x00000300       0x78 build//Users/Danny/libmaple/libmaple/timer.o
 .debug_aranges
                0x00000378       0x48 build//Users/Danny/libmaple/libmaple/usart.o
 .debug_aranges
                0x000003c0       0x20 build//Users/Danny/libmaple/libmaple/usart_private.o
 .debug_aranges
                0x000003e0       0x58 build//Users/Danny/libmaple/libmaple/util.o
 .debug_aranges
                0x00000438       0xa8 build//Users/Danny/libmaple/libmaple/i2c.o
 .debug_aranges
                0x000004e0       0x58 build//Users/Danny/libmaple/libmaple/usb/stm32f1/usb.o
 .debug_aranges
                0x00000538       0x38 build//Users/Danny/libmaple/libmaple/usb/stm32f1/usb_reg_map.o
 .debug_aranges
                0x00000570      0x110 build//Users/Danny/libmaple/libmaple/usb/stm32f1/usb_cdcacm.o
 .debug_aranges
                0x00000680       0x98 build//Users/Danny/libmaple/libmaple/usb/usb_lib/usb_core.o
 .debug_aranges
                0x00000718       0x20 build//Users/Danny/libmaple/libmaple/usb/usb_lib/usb_init.o
 .debug_aranges
                0x00000738       0x28 build//Users/Danny/libmaple/libmaple/usb/usb_lib/usb_mem.o
 .debug_aranges
                0x00000760      0x1f0 build//Users/Danny/libmaple/libmaple/usb/usb_lib/usb_regs.o
 .debug_aranges
                0x00000950       0x48 build//Users/Danny/libmaple/libmaple/stm32f1/adc.o
 .debug_aranges
                0x00000998       0x50 build//Users/Danny/libmaple/libmaple/stm32f1/bkp.o
 .debug_aranges
                0x000009e8       0xe0 build//Users/Danny/libmaple/libmaple/stm32f1/dma.o
 .debug_aranges
                0x00000ac8       0x20 build//Users/Danny/libmaple/libmaple/stm32f1/exti.o
 .debug_aranges
                0x00000ae8       0x38 build//Users/Danny/libmaple/libmaple/stm32f1/gpio.o
 .debug_aranges
                0x00000b20       0x68 build//Users/Danny/libmaple/libmaple/stm32f1/i2c.o
 .debug_aranges
                0x00000b88       0x48 build//Users/Danny/libmaple/libmaple/stm32f1/rcc.o
 .debug_aranges
                0x00000bd0       0x28 build//Users/Danny/libmaple/libmaple/stm32f1/spi.o
 .debug_aranges
                0x00000bf8       0x50 build//Users/Danny/libmaple/libmaple/stm32f1/timer.o
 .debug_aranges
                0x00000c48       0x50 build//Users/Danny/libmaple/libmaple/stm32f1/usart.o
 .debug_aranges
                0x00000c98       0x20 build//Users/Danny/libmaple/wirish/start_c.o
 .debug_aranges
                0x00000cb8       0x80 build//Users/Danny/libmaple/wirish/syscalls.o
 .debug_aranges
                0x00000d38       0x38 build//Users/Danny/libmaple/wirish/stm32f1/util_hooks.o
 .debug_aranges
                0x00000d70       0x48 build//Users/Danny/libmaple/wirish/boards.o
 .debug_aranges
                0x00000db8       0x20 build//Users/Danny/libmaple/wirish/cxxabi-compat.o
 .debug_aranges
                0x00000dd8       0x28 build//Users/Danny/libmaple/wirish/ext_interrupts.o
 .debug_aranges
                0x00000e00       0x68 build//Users/Danny/libmaple/wirish/HardwareSerial.o
 .debug_aranges
                0x00000e68       0xc8 build//Users/Danny/libmaple/wirish/HardwareTimer.o
 .debug_aranges
                0x00000f30       0xe0 build//Users/Danny/libmaple/wirish/Print.o
 .debug_aranges
                0x00001010       0x20 build//Users/Danny/libmaple/wirish/pwm.o
 .debug_aranges
                0x00001030       0xb0 build//Users/Danny/libmaple/wirish/usb_serial.o
 .debug_aranges
                0x000010e0       0xd0 build//Users/Danny/libmaple/wirish/HardwareSPI.o
 .debug_aranges
                0x000011b0       0x20 build//Users/Danny/libmaple/wirish/wirish_analog.o
 .debug_aranges
                0x000011d0       0x40 build//Users/Danny/libmaple/wirish/wirish_digital.o
 .debug_aranges
                0x00001210       0x30 build//Users/Danny/libmaple/wirish/wirish_math.o
 .debug_aranges
                0x00001240       0x20 build//Users/Danny/libmaple/wirish/wirish_shift.o
 .debug_aranges
                0x00001260       0x28 build//Users/Danny/libmaple/wirish/wirish_time.o
 .debug_aranges
                0x00001288       0x40 build//Users/Danny/libmaple/wirish/stm32f1/boards_setup.o
 .debug_aranges
                0x000012c8       0x20 build//Users/Danny/libmaple/wirish/stm32f1/wirish_digital.o
 .debug_aranges
                0x000012e8       0x30 build//Users/Danny/libmaple/wirish/stm32f1/wirish_debug.o
 .debug_aranges
                0x00001318       0x20 build//Users/Danny/libmaple/wirish/boards/maple/board.o
 .debug_aranges
                0x00001338       0x78 build//Users/Danny/libmaple/libraries/Servo/Servo.o
 .debug_aranges
                0x000013b0      0x120 build//Users/Danny/libmaple/libraries/LiquidCrystal/LiquidCrystal.o
 .debug_aranges
                0x000014d0       0x80 build//Users/Danny/libmaple/libraries/Wire/WireBase.o
 .debug_aranges
                0x00001550       0x58 build//Users/Danny/libmaple/libraries/Wire/HardWire.o
 .debug_aranges
                0x000015a8       0xa0 build//Users/Danny/libmaple/libraries/Wire/Wire.o
 .debug_aranges
                0x00001648       0x38 build//Users/Danny/libmaple/libraries/FreeRTOS/utility/croutine.o
 .debug_aranges
                0x00001680       0x38 build//Users/Danny/libmaple/libraries/FreeRTOS/utility/heap_2.o
 .debug_aranges
                0x000016b8       0x40 build//Users/Danny/libmaple/libraries/FreeRTOS/utility/list.o
 .debug_aranges
                0x000016f8       0x68 build//Users/Danny/libmaple/libraries/FreeRTOS/utility/port.o
 .debug_aranges
                0x00001760       0xa0 build//Users/Danny/libmaple/libraries/FreeRTOS/utility/queue.o
 .debug_aranges
                0x00001800      0x120 build//Users/Danny/libmaple/libraries/FreeRTOS/utility/tasks.o
 .debug_aranges
                0x00001920       0x20 build//Users/Danny/libmaple/libraries/FreeRTOS/MapleFreeRTOS.o
 .debug_aranges
                0x00001940       0x78 build//Users/Danny/Maple_Workbench/wasSD/libSD/SD.o
 .debug_aranges
                0x000019b8       0x28 build//Users/Danny/Maple_Workbench/wasSD/main.o
 .debug_aranges
                0x000019e0       0x20 /Users/Danny/libmaple/arm/bin/../lib/gcc/arm-none-eabi/4.4.1/../../../../arm-none-eabi/lib/thumb2/libstdc++.a(atexit_arm.o)
 .debug_aranges
                0x00001a00       0x20 /Users/Danny/libmaple/arm/bin/../lib/gcc/arm-none-eabi/4.4.1/thumb2/libgcc.a(_arm_addsubdf3.o)
 .debug_aranges
                0x00001a20       0x20 /Users/Danny/libmaple/arm/bin/../lib/gcc/arm-none-eabi/4.4.1/thumb2/libgcc.a(_arm_muldivdf3.o)
 .debug_aranges
                0x00001a40       0x20 /Users/Danny/libmaple/arm/bin/../lib/gcc/arm-none-eabi/4.4.1/thumb2/libgcc.a(_arm_cmpdf2.o)
 .debug_aranges
                0x00001a60       0x20 /Users/Danny/libmaple/arm/bin/../lib/gcc/arm-none-eabi/4.4.1/thumb2/libgcc.a(_arm_fixdfsi.o)
 .debug_aranges
                0x00001a80       0x20 /Users/Danny/libmaple/arm/bin/../lib/gcc/arm-none-eabi/4.4.1/thumb2/libgcc.a(_aeabi_uldivmod.o)
 .debug_aranges
                0x00001aa0       0x20 /Users/Danny/libmaple/arm/bin/../lib/gcc/arm-none-eabi/4.4.1/thumb2/libgcc.a(_fixdfdi.o)
 .debug_aranges
                0x00001ac0       0x20 /Users/Danny/libmaple/arm/bin/../lib/gcc/arm-none-eabi/4.4.1/thumb2/libgcc.a(_fixunsdfdi.o)
 .debug_aranges
                0x00001ae0       0x20 /Users/Danny/libmaple/arm/bin/../lib/gcc/arm-none-eabi/4.4.1/thumb2/libgcc.a(bpabi.o)
 .debug_aranges
                0x00001b00       0x20 /Users/Danny/libmaple/arm/bin/../lib/gcc/arm-none-eabi/4.4.1/thumb2/libgcc.a(_dvmd_tls.o)
 .debug_aranges
                0x00001b20       0x20 /Users/Danny/libmaple/arm/bin/../lib/gcc/arm-none-eabi/4.4.1/thumb2/libgcc.a(_arm_fixunsdfsi.o)
 .debug_aranges
                0x00001b40       0x20 /Users/Danny/libmaple/arm/bin/../lib/gcc/arm-none-eabi/4.4.1/thumb2/libgcc.a(_divdi3.o)
 .debug_aranges
                0x00001b60       0x20 /Users/Danny/libmaple/arm/bin/../lib/gcc/arm-none-eabi/4.4.1/thumb2/libgcc.a(_udivdi3.o)
 .debug_aranges
                0x00001b80       0x20 /Users/Danny/libmaple/arm/bin/../lib/gcc/arm-none-eabi/4.4.1/thumb2/libgcc.a(_udivsi3.o)
 .debug_aranges
                0x00001ba0       0x20 /Users/Danny/libmaple/arm/bin/../lib/gcc/arm-none-eabi/4.4.1/thumb2/libgcc.a(_divsi3.o)
 .debug_aranges
                0x00001bc0       0x28 /Users/Danny/libmaple/arm/bin/../lib/gcc/arm-none-eabi/4.4.1/thumb2/crtn.o

.debug_pubnames
                0x00000000     0x34d6
 *(.debug_pubnames)
 .debug_pubnames
                0x00000000       0x57 build//Users/Danny/libmaple/libmaple/adc.o
 .debug_pubnames
                0x00000057       0x64 build//Users/Danny/libmaple/libmaple/dac.o
 .debug_pubnames
                0x000000bb       0x32 build//Users/Danny/libmaple/libmaple/dma.o
 .debug_pubnames
                0x000000ed       0xcf build//Users/Danny/libmaple/libmaple/exti.o
 .debug_pubnames
                0x000001bc       0x28 build//Users/Danny/libmaple/libmaple/flash.o
 .debug_pubnames
                0x000001e4       0x20 build//Users/Danny/libmaple/libmaple/gpio.o
 .debug_pubnames
                0x00000204       0x2e build//Users/Danny/libmaple/libmaple/iwdg.o
 .debug_pubnames
                0x00000232       0x67 build//Users/Danny/libmaple/libmaple/nvic.o
 .debug_pubnames
                0x00000299       0x1f build//Users/Danny/libmaple/libmaple/pwr.o
 .debug_pubnames
                0x000002b8       0x88 build//Users/Danny/libmaple/libmaple/rcc.o
 .debug_pubnames
                0x00000340       0xe4 build//Users/Danny/libmaple/libmaple/spi.o
 .debug_pubnames
                0x00000424       0x92 build//Users/Danny/libmaple/libmaple/systick.o
 .debug_pubnames
                0x000004b6       0xd3 build//Users/Danny/libmaple/libmaple/timer.o
 .debug_pubnames
                0x00000589       0x70 build//Users/Danny/libmaple/libmaple/usart.o
 .debug_pubnames
                0x000005f9       0x28 build//Users/Danny/libmaple/libmaple/usart_private.o
 .debug_pubnames
                0x00000621       0x4e build//Users/Danny/libmaple/libmaple/util.o
 .debug_pubnames
                0x0000066f       0x8b build//Users/Danny/libmaple/libmaple/i2c.o
 .debug_pubnames
                0x000006fa       0x74 build//Users/Danny/libmaple/libmaple/usb/stm32f1/usb.o
 .debug_pubnames
                0x0000076e       0x54 build//Users/Danny/libmaple/libmaple/usb/stm32f1/usb_reg_map.o
 .debug_pubnames
                0x000007c2      0x227 build//Users/Danny/libmaple/libmaple/usb/stm32f1/usb_cdcacm.o
 .debug_pubnames
                0x000009e9      0x1a5 build//Users/Danny/libmaple/libmaple/usb/usb_lib/usb_core.o
 .debug_pubnames
                0x00000b8e       0x98 build//Users/Danny/libmaple/libmaple/usb/usb_lib/usb_init.o
 .debug_pubnames
                0x00000c26       0x42 build//Users/Danny/libmaple/libmaple/usb/usb_lib/usb_mem.o
 .debug_pubnames
                0x00000c68      0x419 build//Users/Danny/libmaple/libmaple/usb/usb_lib/usb_regs.o
 .debug_pubnames
                0x00001081       0x8e build//Users/Danny/libmaple/libmaple/stm32f1/adc.o
 .debug_pubnames
                0x0000110f       0x77 build//Users/Danny/libmaple/libmaple/stm32f1/bkp.o
 .debug_pubnames
                0x00001186      0x1ab build//Users/Danny/libmaple/libmaple/stm32f1/dma.o
 .debug_pubnames
                0x00001331       0x22 build//Users/Danny/libmaple/libmaple/stm32f1/exti.o
 .debug_pubnames
                0x00001353       0xa3 build//Users/Danny/libmaple/libmaple/stm32f1/gpio.o
 .debug_pubnames
                0x000013f6       0xb8 build//Users/Danny/libmaple/libmaple/stm32f1/i2c.o
 .debug_pubnames
                0x000014ae       0x86 build//Users/Danny/libmaple/libmaple/stm32f1/rcc.o
 .debug_pubnames
                0x00001534       0x49 build//Users/Danny/libmaple/libmaple/stm32f1/spi.o
 .debug_pubnames
                0x0000157d       0x8d build//Users/Danny/libmaple/libmaple/stm32f1/timer.o
 .debug_pubnames
                0x0000160a       0xad build//Users/Danny/libmaple/libmaple/stm32f1/usart.o
 .debug_pubnames
                0x000016b7       0x1e build//Users/Danny/libmaple/wirish/start_c.o
 .debug_pubnames
                0x000016d5       0x9b build//Users/Danny/libmaple/wirish/syscalls.o
 .debug_pubnames
                0x00001770       0x3d build//Users/Danny/libmaple/wirish/stm32f1/util_hooks.o
 .debug_pubnames
                0x000017ad       0x3a build//Users/Danny/libmaple/wirish/boards.o
 .debug_pubnames
                0x000017e7       0x29 build//Users/Danny/libmaple/wirish/cxxabi-compat.o
 .debug_pubnames
                0x00001810       0x3a build//Users/Danny/libmaple/wirish/ext_interrupts.o
 .debug_pubnames
                0x0000184a      0x12a build//Users/Danny/libmaple/wirish/HardwareSerial.o
 .debug_pubnames
                0x00001974      0x248 build//Users/Danny/libmaple/wirish/HardwareTimer.o
 .debug_pubnames
                0x00001bbc      0x1dc build//Users/Danny/libmaple/wirish/Print.o
 .debug_pubnames
                0x00001d98       0x1f build//Users/Danny/libmaple/wirish/pwm.o
 .debug_pubnames
                0x00001db7      0x169 build//Users/Danny/libmaple/wirish/usb_serial.o
 .debug_pubnames
                0x00001f20      0x1df build//Users/Danny/libmaple/wirish/HardwareSPI.o
 .debug_pubnames
                0x000020ff       0x21 build//Users/Danny/libmaple/wirish/wirish_analog.o
 .debug_pubnames
                0x00002120       0x6c build//Users/Danny/libmaple/wirish/wirish_digital.o
 .debug_pubnames
                0x0000218c       0x37 build//Users/Danny/libmaple/wirish/wirish_math.o
 .debug_pubnames
                0x000021c3       0x1f build//Users/Danny/libmaple/wirish/wirish_shift.o
 .debug_pubnames
                0x000021e2       0x32 build//Users/Danny/libmaple/wirish/wirish_time.o
 .debug_pubnames
                0x00002214       0xb0 build//Users/Danny/libmaple/wirish/stm32f1/boards_setup.o
 .debug_pubnames
                0x000022c4       0x1e build//Users/Danny/libmaple/wirish/stm32f1/wirish_digital.o
 .debug_pubnames
                0x000022e2       0x3d build//Users/Danny/libmaple/wirish/stm32f1/wirish_debug.o
 .debug_pubnames
                0x0000231f       0x52 build//Users/Danny/libmaple/wirish/boards/maple/board.o
 .debug_pubnames
                0x00002371       0xdd build//Users/Danny/libmaple/libraries/Servo/Servo.o
 .debug_pubnames
                0x0000244e      0x3d8 build//Users/Danny/libmaple/libraries/LiquidCrystal/LiquidCrystal.o
 .debug_pubnames
                0x00002826      0x145 build//Users/Danny/libmaple/libraries/Wire/WireBase.o
 .debug_pubnames
                0x0000296b       0xb5 build//Users/Danny/libmaple/libraries/Wire/HardWire.o
 .debug_pubnames
                0x00002a20      0x199 build//Users/Danny/libmaple/libraries/Wire/Wire.o
 .debug_pubnames
                0x00002bb9       0x96 build//Users/Danny/libmaple/libraries/FreeRTOS/utility/croutine.o
 .debug_pubnames
                0x00002c4f       0x64 build//Users/Danny/libmaple/libraries/FreeRTOS/utility/heap_2.o
 .debug_pubnames
                0x00002cb3       0x71 build//Users/Danny/libmaple/libraries/FreeRTOS/utility/list.o
 .debug_pubnames
                0x00002d24      0x101 build//Users/Danny/libmaple/libraries/FreeRTOS/utility/port.o
 .debug_pubnames
                0x00002e25      0x183 build//Users/Danny/libmaple/libraries/FreeRTOS/utility/queue.o
 .debug_pubnames
                0x00002fa8      0x2c0 build//Users/Danny/libmaple/libraries/FreeRTOS/utility/tasks.o
 .debug_pubnames
                0x00003268       0x34 build//Users/Danny/libmaple/libraries/FreeRTOS/MapleFreeRTOS.o
 .debug_pubnames
                0x0000329c       0xff build//Users/Danny/Maple_Workbench/wasSD/libSD/SD.o
 .debug_pubnames
                0x0000339b       0x4f build//Users/Danny/Maple_Workbench/wasSD/main.o
 .debug_pubnames
                0x000033ea       0x25 /Users/Danny/libmaple/arm/bin/../lib/gcc/arm-none-eabi/4.4.1/../../../../arm-none-eabi/lib/thumb2/libstdc++.a(atexit_arm.o)
 .debug_pubnames
                0x0000340f       0x20 /Users/Danny/libmaple/arm/bin/../lib/gcc/arm-none-eabi/4.4.1/thumb2/libgcc.a(_fixdfdi.o)
 .debug_pubnames
                0x0000342f       0x23 /Users/Danny/libmaple/arm/bin/../lib/gcc/arm-none-eabi/4.4.1/thumb2/libgcc.a(_fixunsdfdi.o)
 .debug_pubnames
                0x00003452       0x45 /Users/Danny/libmaple/arm/bin/../lib/gcc/arm-none-eabi/4.4.1/thumb2/libgcc.a(bpabi.o)
 .debug_pubnames
                0x00003497       0x1f /Users/Danny/libmaple/arm/bin/../lib/gcc/arm-none-eabi/4.4.1/thumb2/libgcc.a(_divdi3.o)
 .debug_pubnames
                0x000034b6       0x20 /Users/Danny/libmaple/arm/bin/../lib/gcc/arm-none-eabi/4.4.1/thumb2/libgcc.a(_udivdi3.o)

.debug_info     0x00000000    0x26bcf
 *(.debug_info .gnu.linkonce.wi.*)
 .debug_info    0x00000000       0x8f /Users/Danny/libmaple/arm/bin/../lib/gcc/arm-none-eabi/4.4.1/thumb2/crti.o
 .debug_info    0x0000008f      0x55f build//Users/Danny/libmaple/libmaple/adc.o
 .debug_info    0x000005ee      0x4f7 build//Users/Danny/libmaple/libmaple/dac.o
 .debug_info    0x00000ae5      0x707 build//Users/Danny/libmaple/libmaple/dma.o
 .debug_info    0x000011ec      0xad4 build//Users/Danny/libmaple/libmaple/exti.o
 .debug_info    0x00001cc0      0x11a build//Users/Danny/libmaple/libmaple/flash.o
 .debug_info    0x00001dda      0x2df build//Users/Danny/libmaple/libmaple/gpio.o
 .debug_info    0x000020b9      0x146 build//Users/Danny/libmaple/libmaple/iwdg.o
 .debug_info    0x000021ff      0x53a build//Users/Danny/libmaple/libmaple/nvic.o
 .debug_info    0x00002739      0x199 build//Users/Danny/libmaple/libmaple/pwr.o
 .debug_info    0x000028d2      0x4bb build//Users/Danny/libmaple/libmaple/rcc.o
 .debug_info    0x00002d8d      0x973 build//Users/Danny/libmaple/libmaple/spi.o
 .debug_info    0x00003700      0x167 build//Users/Danny/libmaple/libmaple/systick.o
 .debug_info    0x00003867      0xfdc build//Users/Danny/libmaple/libmaple/timer.o
 .debug_info    0x00004843      0xa50 build//Users/Danny/libmaple/libmaple/usart.o
 .debug_info    0x00005293      0x55e build//Users/Danny/libmaple/libmaple/usart_private.o
 .debug_info    0x000057f1      0x8b5 build//Users/Danny/libmaple/libmaple/util.o
 .debug_info    0x000060a6     0x1060 build//Users/Danny/libmaple/libmaple/i2c.o
 .debug_info    0x00007106      0xb2e build//Users/Danny/libmaple/libmaple/usb/stm32f1/usb.o
 .debug_info    0x00007c34      0x2ea build//Users/Danny/libmaple/libmaple/usb/stm32f1/usb_reg_map.o
 .debug_info    0x00007f1e     0x1ae0 build//Users/Danny/libmaple/libmaple/usb/stm32f1/usb_cdcacm.o
 .debug_info    0x000099fe      0xbfd build//Users/Danny/libmaple/libmaple/usb/usb_lib/usb_core.o
 .debug_info    0x0000a5fb      0x454 build//Users/Danny/libmaple/libmaple/usb/usb_lib/usb_init.o
 .debug_info    0x0000aa4f      0x16d build//Users/Danny/libmaple/libmaple/usb/usb_lib/usb_mem.o
 .debug_info    0x0000abbc      0xcc3 build//Users/Danny/libmaple/libmaple/usb/usb_lib/usb_regs.o
 .debug_info    0x0000b87f      0x7ab build//Users/Danny/libmaple/libmaple/stm32f1/adc.o
 .debug_info    0x0000c02a      0x484 build//Users/Danny/libmaple/libmaple/stm32f1/bkp.o
 .debug_info    0x0000c4ae     0x15b8 build//Users/Danny/libmaple/libmaple/stm32f1/dma.o
 .debug_info    0x0000da66      0x1d9 build//Users/Danny/libmaple/libmaple/stm32f1/exti.o
 .debug_info    0x0000dc3f       0x25 build//Users/Danny/libmaple/libmaple/stm32f1/fsmc.o
 .debug_info    0x0000dc64      0x5b5 build//Users/Danny/libmaple/libmaple/stm32f1/gpio.o
 .debug_info    0x0000e219      0x9cb build//Users/Danny/libmaple/libmaple/stm32f1/i2c.o
 .debug_info    0x0000ebe4      0x84b build//Users/Danny/libmaple/libmaple/stm32f1/rcc.o
 .debug_info    0x0000f42f      0x6cf build//Users/Danny/libmaple/libmaple/stm32f1/spi.o
 .debug_info    0x0000fafe      0xd24 build//Users/Danny/libmaple/libmaple/stm32f1/timer.o
 .debug_info    0x00010822      0x9c7 build//Users/Danny/libmaple/libmaple/stm32f1/usart.o
 .debug_info    0x000111e9      0x10e build//Users/Danny/libmaple/wirish/start_c.o
 .debug_info    0x000112f7      0x54a build//Users/Danny/libmaple/wirish/syscalls.o
 .debug_info    0x00011841      0xabe build//Users/Danny/libmaple/wirish/stm32f1/util_hooks.o
 .debug_info    0x000122ff      0xf3a build//Users/Danny/libmaple/wirish/boards.o
 .debug_info    0x00013239       0x3c build//Users/Danny/libmaple/wirish/cxxabi-compat.o
 .debug_info    0x00013275      0xa68 build//Users/Danny/libmaple/wirish/ext_interrupts.o
 .debug_info    0x00013cdd     0x12f1 build//Users/Danny/libmaple/wirish/HardwareSerial.o
 .debug_info    0x00014fce     0x1392 build//Users/Danny/libmaple/wirish/HardwareTimer.o
 .debug_info    0x00016360      0xb0c build//Users/Danny/libmaple/wirish/Print.o
 .debug_info    0x00016e6c      0x9ad build//Users/Danny/libmaple/wirish/pwm.o
 .debug_info    0x00017819      0xbcf build//Users/Danny/libmaple/wirish/usb_serial.o
 .debug_info    0x000183e8     0x180a build//Users/Danny/libmaple/wirish/HardwareSPI.o
 .debug_info    0x00019bf2      0x91f build//Users/Danny/libmaple/wirish/wirish_analog.o
 .debug_info    0x0001a511      0xb2f build//Users/Danny/libmaple/wirish/wirish_digital.o
 .debug_info    0x0001b040      0x135 build//Users/Danny/libmaple/wirish/wirish_math.o
 .debug_info    0x0001b175      0x13a build//Users/Danny/libmaple/wirish/wirish_shift.o
 .debug_info    0x0001b2af      0x122 build//Users/Danny/libmaple/wirish/wirish_time.o
 .debug_info    0x0001b3d1      0x408 build//Users/Danny/libmaple/wirish/stm32f1/boards_setup.o
 .debug_info    0x0001b7d9      0x9ed build//Users/Danny/libmaple/wirish/stm32f1/wirish_digital.o
 .debug_info    0x0001c1c6      0x189 build//Users/Danny/libmaple/wirish/stm32f1/wirish_debug.o
 .debug_info    0x0001c34f      0xa24 build//Users/Danny/libmaple/wirish/boards/maple/board.o
 .debug_info    0x0001cd73      0xff2 build//Users/Danny/libmaple/libraries/Servo/Servo.o
 .debug_info    0x0001dd65     0x1096 build//Users/Danny/libmaple/libraries/LiquidCrystal/LiquidCrystal.o
 .debug_info    0x0001edfb      0xc8e build//Users/Danny/libmaple/libraries/Wire/WireBase.o
 .debug_info    0x0001fa89      0x9de build//Users/Danny/libmaple/libraries/Wire/HardWire.o
 .debug_info    0x00020467      0xd69 build//Users/Danny/libmaple/libraries/Wire/Wire.o
 .debug_info    0x000211d0      0x4e0 build//Users/Danny/libmaple/libraries/FreeRTOS/utility/croutine.o
 .debug_info    0x000216b0      0x2b2 build//Users/Danny/libmaple/libraries/FreeRTOS/utility/heap_2.o
 .debug_info    0x00021962      0x2a4 build//Users/Danny/libmaple/libraries/FreeRTOS/utility/list.o
 .debug_info    0x00021c06      0x1b2 build//Users/Danny/libmaple/libraries/FreeRTOS/utility/port.o
 .debug_info    0x00021db8      0x86f build//Users/Danny/libmaple/libraries/FreeRTOS/utility/queue.o
 .debug_info    0x00022627       0x53 build//Users/Danny/libmaple/libraries/FreeRTOS/utility/timers.o
 .debug_info    0x0002267a     0x1017 build//Users/Danny/libmaple/libraries/FreeRTOS/utility/tasks.o
 .debug_info    0x00023691       0xf6 build//Users/Danny/libmaple/libraries/FreeRTOS/MapleFreeRTOS.o
 .debug_info    0x00023787       0x25 build//Users/Danny/Maple_Workbench/wasSD/libFAT/FAT.o
 .debug_info    0x000237ac     0x1013 build//Users/Danny/Maple_Workbench/wasSD/libSD/SD.o
 .debug_info    0x000247bf      0xc91 build//Users/Danny/Maple_Workbench/wasSD/main.o
 .debug_info    0x00025450       0x25 build/main.o
 .debug_info    0x00025475       0xd2 /Users/Danny/libmaple/arm/bin/../lib/gcc/arm-none-eabi/4.4.1/../../../../arm-none-eabi/lib/thumb2/libstdc++.a(atexit_arm.o)
 .debug_info    0x00025547       0xbf /Users/Danny/libmaple/arm/bin/../lib/gcc/arm-none-eabi/4.4.1/thumb2/libgcc.a(_arm_addsubdf3.o)
 .debug_info    0x00025606       0xbf /Users/Danny/libmaple/arm/bin/../lib/gcc/arm-none-eabi/4.4.1/thumb2/libgcc.a(_arm_muldivdf3.o)
 .debug_info    0x000256c5       0xbf /Users/Danny/libmaple/arm/bin/../lib/gcc/arm-none-eabi/4.4.1/thumb2/libgcc.a(_arm_cmpdf2.o)
 .debug_info    0x00025784       0xbf /Users/Danny/libmaple/arm/bin/../lib/gcc/arm-none-eabi/4.4.1/thumb2/libgcc.a(_arm_fixdfsi.o)
 .debug_info    0x00025843       0xba /Users/Danny/libmaple/arm/bin/../lib/gcc/arm-none-eabi/4.4.1/thumb2/libgcc.a(_aeabi_uldivmod.o)
 .debug_info    0x000258fd       0xca /Users/Danny/libmaple/arm/bin/../lib/gcc/arm-none-eabi/4.4.1/thumb2/libgcc.a(_fixdfdi.o)
 .debug_info    0x000259c7       0xf4 /Users/Danny/libmaple/arm/bin/../lib/gcc/arm-none-eabi/4.4.1/thumb2/libgcc.a(_fixunsdfdi.o)
 .debug_info    0x00025abb       0xe2 /Users/Danny/libmaple/arm/bin/../lib/gcc/arm-none-eabi/4.4.1/thumb2/libgcc.a(bpabi.o)
 .debug_info    0x00025b9d       0xc0 /Users/Danny/libmaple/arm/bin/../lib/gcc/arm-none-eabi/4.4.1/thumb2/libgcc.a(_dvmd_tls.o)
 .debug_info    0x00025c5d       0xbf /Users/Danny/libmaple/arm/bin/../lib/gcc/arm-none-eabi/4.4.1/thumb2/libgcc.a(_arm_fixunsdfsi.o)
 .debug_info    0x00025d1c      0x665 /Users/Danny/libmaple/arm/bin/../lib/gcc/arm-none-eabi/4.4.1/thumb2/libgcc.a(_divdi3.o)
 .debug_info    0x00026381      0x63f /Users/Danny/libmaple/arm/bin/../lib/gcc/arm-none-eabi/4.4.1/thumb2/libgcc.a(_udivdi3.o)
 .debug_info    0x000269c0       0xc0 /Users/Danny/libmaple/arm/bin/../lib/gcc/arm-none-eabi/4.4.1/thumb2/libgcc.a(_udivsi3.o)
 .debug_info    0x00026a80       0xc0 /Users/Danny/libmaple/arm/bin/../lib/gcc/arm-none-eabi/4.4.1/thumb2/libgcc.a(_divsi3.o)
 .debug_info    0x00026b40       0x8f /Users/Danny/libmaple/arm/bin/../lib/gcc/arm-none-eabi/4.4.1/thumb2/crtn.o

.debug_abbrev   0x00000000     0x85fe
 *(.debug_abbrev)
 .debug_abbrev  0x00000000       0x12 /Users/Danny/libmaple/arm/bin/../lib/gcc/arm-none-eabi/4.4.1/thumb2/crti.o
 .debug_abbrev  0x00000012      0x1a1 build//Users/Danny/libmaple/libmaple/adc.o
 .debug_abbrev  0x000001b3      0x12c build//Users/Danny/libmaple/libmaple/dac.o
 .debug_abbrev  0x000002df      0x14b build//Users/Danny/libmaple/libmaple/dma.o
 .debug_abbrev  0x0000042a      0x1f3 build//Users/Danny/libmaple/libmaple/exti.o
 .debug_abbrev  0x0000061d       0xa0 build//Users/Danny/libmaple/libmaple/flash.o
 .debug_abbrev  0x000006bd       0xd0 build//Users/Danny/libmaple/libmaple/gpio.o
 .debug_abbrev  0x0000078d       0xaf build//Users/Danny/libmaple/libmaple/iwdg.o
 .debug_abbrev  0x0000083c      0x133 build//Users/Danny/libmaple/libmaple/nvic.o
 .debug_abbrev  0x0000096f       0x59 build//Users/Danny/libmaple/libmaple/pwr.o
 .debug_abbrev  0x000009c8      0x1aa build//Users/Danny/libmaple/libmaple/rcc.o
 .debug_abbrev  0x00000b72      0x24c build//Users/Danny/libmaple/libmaple/spi.o
 .debug_abbrev  0x00000dbe       0xeb build//Users/Danny/libmaple/libmaple/systick.o
 .debug_abbrev  0x00000ea9      0x34e build//Users/Danny/libmaple/libmaple/timer.o
 .debug_abbrev  0x000011f7      0x297 build//Users/Danny/libmaple/libmaple/usart.o
 .debug_abbrev  0x0000148e      0x118 build//Users/Danny/libmaple/libmaple/usart_private.o
 .debug_abbrev  0x000015a6      0x243 build//Users/Danny/libmaple/libmaple/util.o
 .debug_abbrev  0x000017e9      0x3b5 build//Users/Danny/libmaple/libmaple/i2c.o
 .debug_abbrev  0x00001b9e      0x36a build//Users/Danny/libmaple/libmaple/usb/stm32f1/usb.o
 .debug_abbrev  0x00001f08      0x18c build//Users/Danny/libmaple/libmaple/usb/stm32f1/usb_reg_map.o
 .debug_abbrev  0x00002094      0x439 build//Users/Danny/libmaple/libmaple/usb/stm32f1/usb_cdcacm.o