Archive member included because of file (symbol)

/Users/Danny/libmaple/arm/bin/../lib/gcc/arm-none-eabi/4.4.1/../../../../arm-none-eabi/lib/thumb2/libstdc++.a(atexit_arm.o)
                              build//Users/Danny/Maple_Workbench/SD/main.o (__aeabi_atexit)
/Users/Danny/libmaple/arm/bin/../lib/gcc/arm-none-eabi/4.4.1/thumb2/libgcc.a(_arm_addsubdf3.o)
                              build//Users/Danny/libmaple/wirish/Print.o (__aeabi_dsub)
/Users/Danny/libmaple/arm/bin/../lib/gcc/arm-none-eabi/4.4.1/thumb2/libgcc.a(_arm_muldivdf3.o)
                              build//Users/Danny/libmaple/wirish/Print.o (__aeabi_dmul)
/Users/Danny/libmaple/arm/bin/../lib/gcc/arm-none-eabi/4.4.1/thumb2/libgcc.a(_arm_cmpdf2.o)
                              build//Users/Danny/libmaple/wirish/Print.o (__aeabi_dcmplt)
/Users/Danny/libmaple/arm/bin/../lib/gcc/arm-none-eabi/4.4.1/thumb2/libgcc.a(_arm_fixdfsi.o)
                              build//Users/Danny/libmaple/wirish/Print.o (__aeabi_d2iz)
/Users/Danny/libmaple/arm/bin/../lib/gcc/arm-none-eabi/4.4.1/thumb2/libgcc.a(_aeabi_uldivmod.o)
                              build//Users/Danny/libmaple/wirish/Print.o (__aeabi_uldivmod)
/Users/Danny/libmaple/arm/bin/../lib/gcc/arm-none-eabi/4.4.1/thumb2/libgcc.a(_fixdfdi.o)
                              build//Users/Danny/libmaple/wirish/Print.o (__aeabi_d2lz)
/Users/Danny/libmaple/arm/bin/../lib/gcc/arm-none-eabi/4.4.1/thumb2/libgcc.a(_fixunsdfdi.o)
                              /Users/Danny/libmaple/arm/bin/../lib/gcc/arm-none-eabi/4.4.1/thumb2/libgcc.a(_fixdfdi.o) (__aeabi_d2ulz)
/Users/Danny/libmaple/arm/bin/../lib/gcc/arm-none-eabi/4.4.1/thumb2/libgcc.a(bpabi.o)
                              /Users/Danny/libmaple/arm/bin/../lib/gcc/arm-none-eabi/4.4.1/thumb2/libgcc.a(_aeabi_uldivmod.o) (__gnu_uldivmod_helper)
/Users/Danny/libmaple/arm/bin/../lib/gcc/arm-none-eabi/4.4.1/thumb2/libgcc.a(_dvmd_tls.o)
                              /Users/Danny/libmaple/arm/bin/../lib/gcc/arm-none-eabi/4.4.1/thumb2/libgcc.a(_aeabi_uldivmod.o) (__aeabi_ldiv0)
/Users/Danny/libmaple/arm/bin/../lib/gcc/arm-none-eabi/4.4.1/thumb2/libgcc.a(_arm_fixunsdfsi.o)
                              /Users/Danny/libmaple/arm/bin/../lib/gcc/arm-none-eabi/4.4.1/thumb2/libgcc.a(_fixunsdfdi.o) (__aeabi_d2uiz)
/Users/Danny/libmaple/arm/bin/../lib/gcc/arm-none-eabi/4.4.1/thumb2/libgcc.a(_divdi3.o)
                              /Users/Danny/libmaple/arm/bin/../lib/gcc/arm-none-eabi/4.4.1/thumb2/libgcc.a(bpabi.o) (__divdi3)
/Users/Danny/libmaple/arm/bin/../lib/gcc/arm-none-eabi/4.4.1/thumb2/libgcc.a(_udivdi3.o)
                              /Users/Danny/libmaple/arm/bin/../lib/gcc/arm-none-eabi/4.4.1/thumb2/libgcc.a(bpabi.o) (__udivdi3)
/Users/Danny/libmaple/arm/bin/../lib/gcc/arm-none-eabi/4.4.1/thumb2/libgcc.a(_udivsi3.o)
                              /Users/Danny/libmaple/arm/bin/../lib/gcc/arm-none-eabi/4.4.1/thumb2/libgcc.a(_divdi3.o) (__aeabi_uidiv)
/Users/Danny/libmaple/arm/bin/../lib/gcc/arm-none-eabi/4.4.1/../../../../arm-none-eabi/lib/thumb2/libc.a(lib_a-cxa_atexit.o)
                              /Users/Danny/libmaple/arm/bin/../lib/gcc/arm-none-eabi/4.4.1/../../../../arm-none-eabi/lib/thumb2/libstdc++.a(atexit_arm.o) (__cxa_atexit)
/Users/Danny/libmaple/arm/bin/../lib/gcc/arm-none-eabi/4.4.1/../../../../arm-none-eabi/lib/thumb2/libc.a(lib_a-errno.o)
                              build//Users/Danny/libmaple/wirish/syscalls.o (__errno)
/Users/Danny/libmaple/arm/bin/../lib/gcc/arm-none-eabi/4.4.1/../../../../arm-none-eabi/lib/thumb2/libc.a(lib_a-impure.o)
                              /Users/Danny/libmaple/arm/bin/../lib/gcc/arm-none-eabi/4.4.1/../../../../arm-none-eabi/lib/thumb2/libc.a(lib_a-errno.o) (_impure_ptr)
/Users/Danny/libmaple/arm/bin/../lib/gcc/arm-none-eabi/4.4.1/../../../../arm-none-eabi/lib/thumb2/libc.a(lib_a-init.o)
                              build//Users/Danny/libmaple/wirish/start_c.o (__libc_init_array)
/Users/Danny/libmaple/arm/bin/../lib/gcc/arm-none-eabi/4.4.1/../../../../arm-none-eabi/lib/thumb2/libc.a(lib_a-malloc.o)
                              build//Users/Danny/Maple_Workbench/SD/libFAT/FAT.o (malloc)
/Users/Danny/libmaple/arm/bin/../lib/gcc/arm-none-eabi/4.4.1/../../../../arm-none-eabi/lib/thumb2/libc.a(lib_a-mallocr.o)
                              /Users/Danny/libmaple/arm/bin/../lib/gcc/arm-none-eabi/4.4.1/../../../../arm-none-eabi/lib/thumb2/libc.a(lib_a-malloc.o) (_malloc_r)
/Users/Danny/libmaple/arm/bin/../lib/gcc/arm-none-eabi/4.4.1/../../../../arm-none-eabi/lib/thumb2/libc.a(lib_a-memcmp.o)
                              build//Users/Danny/libmaple/libraries/FreeRTOS/utility/tasks.o (memcmp)
/Users/Danny/libmaple/arm/bin/../lib/gcc/arm-none-eabi/4.4.1/../../../../arm-none-eabi/lib/thumb2/libc.a(lib_a-memcpy.o)
                              build//Users/Danny/libmaple/libraries/FreeRTOS/utility/queue.o (memcpy)
[...]
Memory Configuration

Name             Origin             Length             Attributes
ram              0x20000c00         0x00004400         xrw
rom              0x08005000         0x0001b000         xr
*default*        0x00000000         0xffffffff

Linker script and memory map

LOAD /Users/Danny/libmaple/arm/bin/../lib/gcc/arm-none-eabi/4.4.1/thumb2/crti.o
LOAD /Users/Danny/libmaple/arm/bin/../lib/gcc/arm-none-eabi/4.4.1/thumb2/crtbegin.o
START GROUP
LOAD /Users/Danny/libmaple/arm/bin/../lib/gcc/arm-none-eabi/4.4.1/thumb2/libgcc.a
LOAD /Users/Danny/libmaple/arm/bin/../lib/gcc/arm-none-eabi/4.4.1/../../../../arm-none-eabi/lib/thumb2/libc.a
LOAD /Users/Danny/libmaple/arm/bin/../lib/gcc/arm-none-eabi/4.4.1/../../../../arm-none-eabi/lib/thumb2/libm.a
END GROUP
                0x20005000                PROVIDE (__msp_init, 0x20005000)
                0x08007310                PROVIDE (__exc_reset, _start)

.text           0x08005000     0x4644
                0x08005000                _text = .
 *(.stm32.interrupt_vector)
 .stm32.interrupt_vector
                0x08005000       0xec build//Users/Danny/libmaple/libmaple/stm32f1/performance/vector_table.o
                0x08005000                __stm32_vector_table
 *(.text .text.* .gnu.linkonce.t.*)
 .text          0x080050ec       0x30 /Users/Danny/libmaple/arm/bin/../lib/gcc/arm-none-eabi/4.4.1/thumb2/crtbegin.o
 .text.adc_set_extsel
                0x0800511c       0x10 build//Users/Danny/libmaple/libmaple/adc.o
                0x0800511c                adc_set_extsel
 .text.adc_set_sample_rate
                0x0800512c       0x2e build//Users/Danny/libmaple/libmaple/adc.o
                0x0800512c                adc_set_sample_rate
 .text.adc_init
                0x0800515a       0x14 build//Users/Danny/libmaple/libmaple/adc.o
                0x0800515a                adc_init
 *fill*         0x0800516e        0x2 00
 .text.__irq_exti0
                0x08005170       0x20 build//Users/Danny/libmaple/libmaple/exti.o
                0x08005170                __irq_exti0
 .text.__irq_exti1
                0x08005190       0x20 build//Users/Danny/libmaple/libmaple/exti.o
                0x08005190                __irq_exti1
 .text.__irq_exti2
                0x080051b0       0x20 build//Users/Danny/libmaple/libmaple/exti.o
                0x080051b0                __irq_exti2
 .text.__irq_exti3
                0x080051d0       0x20 build//Users/Danny/libmaple/libmaple/exti.o
                0x080051d0                __irq_exti3
 .text.__irq_exti4
                0x080051f0       0x20 build//Users/Danny/libmaple/libmaple/exti.o
                0x080051f0                __irq_exti4
 .text.__irq_exti9_5
                0x08005210       0x38 build//Users/Danny/libmaple/libmaple/exti.o
                0x08005210                __irq_exti9_5
 .text.__irq_exti15_10
                0x08005248       0x38 build//Users/Danny/libmaple/libmaple/exti.o
                0x08005248                __irq_exti15_10
 .text.flash_set_latency
                0x08005280       0x14 build//Users/Danny/libmaple/libmaple/flash.o
                0x08005280                flash_set_latency
 .text.gpio_init
                0x08005294       0x14 build//Users/Danny/libmaple/libmaple/gpio.o
                0x08005294                gpio_init
 .text.nvic_irq_set_priority
                0x080052a8       0x2c build//Users/Danny/libmaple/libmaple/nvic.o
                0x080052a8                nvic_irq_set_priority
 .text.nvic_set_vector_table
                0x080052d4       0x14 build//Users/Danny/libmaple/libmaple/nvic.o
                0x080052d4                nvic_set_vector_table
 .text.nvic_init
                0x080052e8       0x24 build//Users/Danny/libmaple/libmaple/nvic.o
                0x080052e8                nvic_init
 .text.nvic_sys_reset
                0x0800530c       0x20 build//Users/Danny/libmaple/libmaple/nvic.o
                0x0800530c                nvic_sys_reset
 .text.rcc_dev_clk
                0x0800532c        0xc build//Users/Danny/libmaple/libmaple/rcc.o
                0x0800532c                rcc_dev_clk
 .text.rcc_switch_sysclk
                0x08005338       0x24 build//Users/Danny/libmaple/libmaple/rcc.o
                0x08005338                rcc_switch_sysclk
 .text.rcc_clk_reg
                0x0800535c        0xc build//Users/Danny/libmaple/libmaple/rcc.o
 .text.rcc_clk_on_mask
                0x08005368        0xa build//Users/Danny/libmaple/libmaple/rcc.o
 .text.rcc_turn_on_clk
                0x08005372       0x1a build//Users/Danny/libmaple/libmaple/rcc.o
                0x08005372                rcc_turn_on_clk
 .text.rcc_turn_off_clk
                0x0800538c       0x1a build//Users/Danny/libmaple/libmaple/rcc.o
                0x0800538c                rcc_turn_off_clk
 .text.rcc_is_clk_on
                0x080053a6       0x1a build//Users/Danny/libmaple/libmaple/rcc.o
                0x080053a6                rcc_is_clk_on
 .text.rcc_is_clk_ready
                0x080053c0       0x16 build//Users/Danny/libmaple/libmaple/rcc.o
                0x080053c0                rcc_is_clk_ready
 .text.spi_tx   0x080053d6       0x2a build//Users/Danny/libmaple/libmaple/spi.o
                0x080053d6                spi_tx
 .text.spi_init
                0x08005400       0x14 build//Users/Danny/libmaple/libmaple/spi.o
                0x08005400                spi_init
 .text.bb_peri_set_bit
                0x08005414        0xe build//Users/Danny/libmaple/libmaple/spi.o
 .text.spi_peripheral_enable
                0x08005422        0xa build//Users/Danny/libmaple/libmaple/spi.o
                0x08005422                spi_peripheral_enable
 .text.spi_peripheral_disable
                0x0800542c        0xa build//Users/Danny/libmaple/libmaple/spi.o
                0x0800542c                spi_peripheral_disable
 .text.spi_reconfigure
                0x08005436       0x22 build//Users/Danny/libmaple/libmaple/spi.o
 .text.spi_master_enable
                0x08005458        0xc build//Users/Danny/libmaple/libmaple/spi.o
                0x08005458                spi_master_enable
 .text.systick_enable
                0x08005464        0xc build//Users/Danny/libmaple/libmaple/systick.o
                0x08005464                systick_enable
 .text.systick_init
                0x08005470        0xc build//Users/Danny/libmaple/libmaple/systick.o
                0x08005470                systick_init
 .text.__exc_systick
                0x0800547c       0x1c build//Users/Danny/libmaple/libmaple/systick.o
                0x0800547c                __exc_systick
 .text.timer_foreach
                0x08005498       0x30 build//Users/Danny/libmaple/libmaple/timer.o
                0x08005498                timer_foreach
 .text.timer_disable
                0x080054c8       0x12 build//Users/Danny/libmaple/libmaple/timer.o
                0x080054c8                timer_disable
 *fill*         0x080054da        0x2 00
 .text.timer_has_cc_channel
                0x080054dc       0x50 build//Users/Danny/libmaple/libmaple/timer.o
                0x080054dc                timer_has_cc_channel
 .text.timer_init
                0x0800552c       0x14 build//Users/Danny/libmaple/libmaple/timer.o
                0x0800552c                timer_init
 .text.usart_disable
                0x08005540       0x22 build//Users/Danny/libmaple/libmaple/usart.o
                0x08005540                usart_disable
 .text.usart_tx
                0x08005562       0x1c build//Users/Danny/libmaple/libmaple/usart.o
                0x08005562                usart_tx
 .text.usart_putudec
                0x0800557e       0x44 build//Users/Danny/libmaple/libmaple/usart.o
                0x0800557e                usart_putudec
 *fill*         0x080055c2        0x2 00
 .text.usart_init
                0x080055c4       0x44 build//Users/Danny/libmaple/libmaple/usart.o
                0x080055c4                usart_init
 .text._usart_clock_freq
                0x08005608       0x24 build//Users/Danny/libmaple/libmaple/usart_private.o
                0x08005608                _usart_clock_freq
 .text.usart_putc
                0x0800562c       0x1a build//Users/Danny/libmaple/libmaple/util.o
 .text.usart_putstr
                0x08005646       0x1a build//Users/Danny/libmaple/libmaple/util.o
 .text.T.10     0x08005660       0x16 build//Users/Danny/libmaple/libmaple/util.o
 *fill*         0x08005676        0x2 00
 .text.throb    0x08005678       0x4c build//Users/Danny/libmaple/libmaple/util.o
                0x08005678                throb
 .text.__error  0x080056c4       0x14 build//Users/Danny/libmaple/libmaple/util.o
                0x080056c4                __error
 .text._fail    0x080056d8       0x64 build//Users/Danny/libmaple/libmaple/util.o
                0x080056d8                _fail
 .text.i2c_start_condition
                0x0800573c       0x14 build//Users/Danny/libmaple/libmaple/i2c.o
 .text.i2c_stop_condition
                0x08005750       0x1c build//Users/Danny/libmaple/libmaple/i2c.o
 .text.i2c_disable_irq
                0x0800576c        0xc build//Users/Danny/libmaple/libmaple/i2c.o
 .text.i2c_disable_ack
                0x08005778        0xc build//Users/Danny/libmaple/libmaple/i2c.o
 .text.i2c_write
                0x08005784        0x6 build//Users/Danny/libmaple/libmaple/i2c.o
 .text._i2c_irq_error_handler
                0x0800578a       0x2c build//Users/Danny/libmaple/libmaple/i2c.o
                0x0800578a                _i2c_irq_error_handler
 .text.i2c_enable_irq
                0x080057b6       0x14 build//Users/Danny/libmaple/libmaple/i2c.o
 *fill*         0x080057ca        0x2 00
 .text._i2c_irq_handler
                0x080057cc      0x170 build//Users/Danny/libmaple/libmaple/i2c.o
                0x080057cc                _i2c_irq_handler
 *fill*         0x0800593c        0x4 00
 .text          0x08005940       0x60 build//Users/Danny/libmaple/libmaple/exc.o
                0x08005940                __exc_nmi
                0x08005944                __exc_hardfault
                0x08005948                __exc_memmanage
                0x0800594c                __exc_busfault
                0x08005950                __exc_usagefault
 .text.usb_clear_ctr_rx
                0x080059a0       0x18 build//Users/Danny/libmaple/libmaple/usb/stm32f1/usb.o
 .text.usb_clear_ctr_tx
                0x080059b8       0x18 build//Users/Danny/libmaple/libmaple/usb/stm32f1/usb.o
 .text.usb_resume_init
                0x080059d0       0x1c build//Users/Danny/libmaple/libmaple/usb/stm32f1/usb.o
 .text.usb_resume
                0x080059ec       0x90 build//Users/Danny/libmaple/libmaple/usb/stm32f1/usb.o
 .text.handle_in0
                0x08005a7c        0x4 build//Users/Danny/libmaple/libmaple/usb/stm32f1/usb.o
 .text.usb_init_usblib
                0x08005a80       0x48 build//Users/Danny/libmaple/libmaple/usb/stm32f1/usb.o
                0x08005a80                usb_init_usblib
 .text.set_rx_tx_status0
                0x08005ac8       0x38 build//Users/Danny/libmaple/libmaple/usb/stm32f1/usb.o
 .text.__irq_usb_lp_can_rx0
                0x08005b00      0x198 build//Users/Danny/libmaple/libmaple/usb/stm32f1/usb.o
                0x08005b00                __irq_usb_lp_can_rx0
 .text.usb_pma_ptr
                0x08005c98        0xc build//Users/Danny/libmaple/libmaple/usb/stm32f1/usb_reg_map.o
 .text.usb_copy_to_pma
                0x08005ca4       0x44 build//Users/Danny/libmaple/libmaple/usb/stm32f1/usb_reg_map.o
                0x08005ca4                usb_copy_to_pma
 .text.usb_copy_from_pma
                0x08005ce8       0x30 build//Users/Danny/libmaple/libmaple/usb/stm32f1/usb_reg_map.o
                0x08005ce8                usb_copy_from_pma
 .text.usb_set_ep_rx_count
                0x08005d18       0x40 build//Users/Danny/libmaple/libmaple/usb/stm32f1/usb_reg_map.o
                0x08005d18                usb_set_ep_rx_count
 .text.gpio_write_bit
                0x08005d58       0x18 build//Users/Danny/libmaple/libmaple/usb/stm32f1/usb_cdcacm.o
 .text.usb_set_ep_rx_stat
                0x08005d70       0x24 build//Users/Danny/libmaple/libmaple/usb/stm32f1/usb_cdcacm.o
 .text.usb_set_ep_tx_stat
                0x08005d94       0x24 build//Users/Danny/libmaple/libmaple/usb/stm32f1/usb_cdcacm.o
 .text.usb_set_ep_type
                0x08005db8       0x1c build//Users/Danny/libmaple/libmaple/usb/stm32f1/usb_cdcacm.o
 .text.usb_btable_ptr
                0x08005dd4       0x18 build//Users/Danny/libmaple/libmaple/usb/stm32f1/usb_cdcacm.o
 .text.usb_set_ep_tx_addr
                0x08005dec       0x12 build//Users/Danny/libmaple/libmaple/usb/stm32f1/usb_cdcacm.o
 .text.usb_set_ep_rx_addr
                0x08005dfe       0x14 build//Users/Danny/libmaple/libmaple/usb/stm32f1/usb_cdcacm.o
 *fill*         0x08005e12        0x2 00
 .text.usb_cdcacm_set_hooks
                0x08005e14       0x20 build//Users/Danny/libmaple/libmaple/usb/stm32f1/usb_cdcacm.o
                0x08005e14                usb_cdcacm_set_hooks
 .text.usb_cdcacm_data_available
                0x08005e34        0xc build//Users/Danny/libmaple/libmaple/usb/stm32f1/usb_cdcacm.o
                0x08005e34                usb_cdcacm_data_available
 .text.usb_cdcacm_peek
                0x08005e40       0x34 build//Users/Danny/libmaple/libmaple/usb/stm32f1/usb_cdcacm.o
                0x08005e40                usb_cdcacm_peek
 .text.usb_cdcacm_get_dtr
                0x08005e74       0x10 build//Users/Danny/libmaple/libmaple/usb/stm32f1/usb_cdcacm.o
                0x08005e74                usb_cdcacm_get_dtr
 .text.vcomDataTxCb
                0x08005e84        0xc build//Users/Danny/libmaple/libmaple/usb/stm32f1/usb_cdcacm.o
 .text.vcomGetSetLineCoding
                0x08005e90       0x18 build//Users/Danny/libmaple/libmaple/usb/stm32f1/usb_cdcacm.o
 .text.usbDataSetup
                0x08005ea8       0x5c build//Users/Danny/libmaple/libmaple/usb/stm32f1/usb_cdcacm.o
 .text.usbNoDataSetup
                0x08005f04       0x4c build//Users/Danny/libmaple/libmaple/usb/stm32f1/usb_cdcacm.o
 .text.usbGetInterfaceSetting
                0x08005f50        0xe build//Users/Danny/libmaple/libmaple/usb/stm32f1/usb_cdcacm.o
 *fill*         0x08005f5e        0x2 00
 .text.usbSetConfiguration
                0x08005f60       0x1c build//Users/Danny/libmaple/libmaple/usb/stm32f1/usb_cdcacm.o
 .text.usbSetDeviceAddress
                0x08005f7c       0x10 build//Users/Danny/libmaple/libmaple/usb/stm32f1/usb_cdcacm.o
 .text.usbGetStringDescriptor
                0x08005f8c       0x20 build//Users/Danny/libmaple/libmaple/usb/stm32f1/usb_cdcacm.o
 .text.usbGetConfigDescriptor
                0x08005fac        0xc build//Users/Danny/libmaple/libmaple/usb/stm32f1/usb_cdcacm.o
 .text.usbGetDeviceDescriptor
                0x08005fb8        0xc build//Users/Danny/libmaple/libmaple/usb/stm32f1/usb_cdcacm.o
 .text.usb_cdcacm_rx
                0x08005fc4       0x3c build//Users/Danny/libmaple/libmaple/usb/stm32f1/usb_cdcacm.o
                0x08005fc4                usb_cdcacm_rx
 .text.usb_cdcacm_enable
                0x08006000       0x34 build//Users/Danny/libmaple/libmaple/usb/stm32f1/usb_cdcacm.o
                0x08006000                usb_cdcacm_enable
 .text.usbInit  0x08006034       0x44 build//Users/Danny/libmaple/libmaple/usb/stm32f1/usb_cdcacm.o
 .text.vcomDataRxCb
                0x08006078       0x44 build//Users/Danny/libmaple/libmaple/usb/stm32f1/usb_cdcacm.o
 .text.usbReset
                0x080060bc       0xf4 build//Users/Danny/libmaple/libmaple/usb/stm32f1/usb_cdcacm.o
 .text.usb_cdcacm_tx
                0x080061b0       0x44 build//Users/Danny/libmaple/libmaple/usb/stm32f1/usb_cdcacm.o
                0x080061b0                usb_cdcacm_tx
 .text.Standard_GetConfiguration
                0x080061f4       0x28 build//Users/Danny/libmaple/libmaple/usb/usb_lib/usb_core.o
                0x080061f4                Standard_GetConfiguration
 .text.Standard_SetConfiguration
                0x0800621c       0x38 build//Users/Danny/libmaple/libmaple/usb/usb_lib/usb_core.o
                0x0800621c                Standard_SetConfiguration
 .text.Standard_GetInterface
                0x08006254       0x28 build//Users/Danny/libmaple/libmaple/usb/usb_lib/usb_core.o
                0x08006254                Standard_GetInterface
 .text.Standard_SetInterface
                0x0800627c       0x48 build//Users/Danny/libmaple/libmaple/usb/usb_lib/usb_core.o
                0x0800627c                Standard_SetInterface
 .text.Standard_GetStatus
                0x080062c4       0xa4 build//Users/Danny/libmaple/libmaple/usb/usb_lib/usb_core.o
                0x080062c4                Standard_GetStatus
 .text.Standard_SetEndPointFeature
                0x08006368       0x84 build//Users/Danny/libmaple/libmaple/usb/usb_lib/usb_core.o
                0x08006368                Standard_SetEndPointFeature
 .text.Standard_SetDeviceFeature
                0x080063ec       0x24 build//Users/Danny/libmaple/libmaple/usb/usb_lib/usb_core.o
                0x080063ec                Standard_SetDeviceFeature
 .text.Standard_GetDescriptorData
                0x08006410       0x1c build//Users/Danny/libmaple/libmaple/usb/usb_lib/usb_core.o
                0x08006410                Standard_GetDescriptorData
 .text.SetDeviceAddress
                0x0800642c       0x44 build//Users/Danny/libmaple/libmaple/usb/usb_lib/usb_core.o
                0x0800642c                SetDeviceAddress
 .text.NOP_Process
                0x08006470        0x2 build//Users/Danny/libmaple/libmaple/usb/usb_lib/usb_core.o
                0x08006470                NOP_Process
 *fill*         0x08006472        0x2 00
 .text.Post0_Process
                0x08006474       0x44 build//Users/Danny/libmaple/libmaple/usb/usb_lib/usb_core.o
                0x08006474                Post0_Process
 .text.Out0_Process
                0x080064b8       0xd4 build//Users/Danny/libmaple/libmaple/usb/usb_lib/usb_core.o
                0x080064b8                Out0_Process
 .text.DataStageIn
                0x0800658c       0xac build//Users/Danny/libmaple/libmaple/usb/usb_lib/usb_core.o
 .text.In0_Process
                0x08006638       0x60 build//Users/Danny/libmaple/libmaple/usb/usb_lib/usb_core.o
                0x08006638                In0_Process
 .text.Standard_ClearFeature
                0x08006698       0xd4 build//Users/Danny/libmaple/libmaple/usb/usb_lib/usb_core.o
                0x08006698                Standard_ClearFeature
 .text.Setup0_Process
                0x0800676c      0x304 build//Users/Danny/libmaple/libmaple/usb/usb_lib/usb_core.o
                0x0800676c                Setup0_Process
 .text.UserToPMABufferCopy
                0x08006a70       0x2e build//Users/Danny/libmaple/libmaple/usb/usb_lib/usb_mem.o
                0x08006a70                UserToPMABufferCopy
 .text.PMAToUserBufferCopy
                0x08006a9e       0x24 build//Users/Danny/libmaple/libmaple/usb/usb_lib/usb_mem.o
                0x08006a9e                PMAToUserBufferCopy
 .text.SetEPTxStatus
                0x08006ac2       0x2c build//Users/Danny/libmaple/libmaple/usb/usb_lib/usb_regs.o
                0x08006ac2                SetEPTxStatus
 .text.ClearDTOG_RX
                0x08006aee       0x24 build//Users/Danny/libmaple/libmaple/usb/usb_lib/usb_regs.o
                0x08006aee                ClearDTOG_RX
 .text.ClearDTOG_TX
                0x08006b12       0x24 build//Users/Danny/libmaple/libmaple/usb/usb_lib/usb_regs.o
                0x08006b12                ClearDTOG_TX
 *fill*         0x08006b36        0x2 00
 .text.GetEPTxAddr
                0x08006b38       0x1c build//Users/Danny/libmaple/libmaple/usb/usb_lib/usb_regs.o
                0x08006b38                GetEPTxAddr
 .text.GetEPRxAddr
                0x08006b54       0x1c build//Users/Danny/libmaple/libmaple/usb/usb_lib/usb_regs.o
                0x08006b54                GetEPRxAddr
 .text.SetEPTxCount
                0x08006b70       0x1c build//Users/Danny/libmaple/libmaple/usb/usb_lib/usb_regs.o
                0x08006b70                SetEPTxCount
 .text.SetEPRxCount
                0x08006b8c       0x40 build//Users/Danny/libmaple/libmaple/usb/usb_lib/usb_regs.o
                0x08006b8c                SetEPRxCount
 .text.ByteSwap
                0x08006bcc        0xa build//Users/Danny/libmaple/libmaple/usb/usb_lib/usb_regs.o
                0x08006bcc                ByteSwap
 .text          0x08006bd6        0x2 build//Users/Danny/libmaple/libmaple/stm32f1/performance/isrs.o
                0x08006bd6                __irq_rcc
                0x08006bd6                __exc_debug_monitor
                0x08006bd6                __irq_adc
                0x08006bd6                __irq_can_rx1
                0x08006bd6                __irq_spi2
                0x08006bd6                __irq_can_sce
                0x08006bd6                __irq_pvd
                0x08006bd6                __irq_tamper
                0x08006bd6                __default_handler
                0x08006bd6                __irq_wwdg
                0x08006bd6                __stm32reservedexception10
                0x08006bd6                __irq_flash
                0x08006bd6                __stm32reservedexception13
                0x08006bd6                __irq_rtc
                0x08006bd6                __irq_spi1
                0x08006bd6                __stm32reservedexception7
                0x08006bd6                __irq_usb_hp_can_tx
                0x08006bd6                __irq_rtcalarm
                0x08006bd6                __stm32reservedexception8
                0x08006bd6                __irq_usbwakeup
                0x08006bd6                __stm32reservedexception9
 .text.adc_foreach
                0x08006bd8       0x1c build//Users/Danny/libmaple/libmaple/stm32f1/adc.o
                0x08006bd8                adc_foreach
 .text.adc_set_prescaler
                0x08006bf4        0x8 build//Users/Danny/libmaple/libmaple/stm32f1/adc.o
                0x08006bf4                adc_set_prescaler
 .text.bb_perip
                0x08006bfc        0xc build//Users/Danny/libmaple/libmaple/stm32f1/adc.o
 .text.adc_calibrate
                0x08006c08       0x2e build//Users/Danny/libmaple/libmaple/stm32f1/adc.o
                0x08006c08                adc_calibrate
 .text.adc_enable_single_swstart
                0x08006c36       0x36 build//Users/Danny/libmaple/libmaple/stm32f1/adc.o
                0x08006c36                adc_enable_single_swstart
 .text.dma_clear_isr_bits
                0x08006c6c       0x10 build//Users/Danny/libmaple/libmaple/stm32f1/dma.o
 .text.__irq_dma1_channel1
                0x08006c7c       0x20 build//Users/Danny/libmaple/libmaple/stm32f1/dma.o
                0x08006c7c                __irq_dma1_channel1
 .text.__irq_dma1_channel2
                0x08006c9c       0x20 build//Users/Danny/libmaple/libmaple/stm32f1/dma.o
                0x08006c9c                __irq_dma1_channel2
 .text.__irq_dma1_channel3
                0x08006cbc       0x20 build//Users/Danny/libmaple/libmaple/stm32f1/dma.o
                0x08006cbc                __irq_dma1_channel3
 .text.__irq_dma1_channel4
                0x08006cdc       0x20 build//Users/Danny/libmaple/libmaple/stm32f1/dma.o
                0x08006cdc                __irq_dma1_channel4
 .text.__irq_dma1_channel5
                0x08006cfc       0x20 build//Users/Danny/libmaple/libmaple/stm32f1/dma.o
                0x08006cfc                __irq_dma1_channel5
 .text.__irq_dma1_channel6
                0x08006d1c       0x20 build//Users/Danny/libmaple/libmaple/stm32f1/dma.o
                0x08006d1c                __irq_dma1_channel6
 .text.__irq_dma1_channel7
                0x08006d3c       0x20 build//Users/Danny/libmaple/libmaple/stm32f1/dma.o
                0x08006d3c                __irq_dma1_channel7
 .text.gpio_set_mode
                0x08006d5c       0x56 build//Users/Danny/libmaple/libmaple/stm32f1/gpio.o
                0x08006d5c                gpio_set_mode
 .text.afio_init
                0x08006db2       0x12 build//Users/Danny/libmaple/libmaple/stm32f1/gpio.o
                0x08006db2                afio_init
 .text.gpio_init_all
                0x08006dc4       0x30 build//Users/Danny/libmaple/libmaple/stm32f1/gpio.o
                0x08006dc4                gpio_init_all
 .text._i2c_irq_priority_fixup
                0x08006df4       0x1c build//Users/Danny/libmaple/libmaple/stm32f1/i2c.o
                0x08006df4                _i2c_irq_priority_fixup
 .text.__irq_i2c2_er
                0x08006e10        0xc build//Users/Danny/libmaple/libmaple/stm32f1/i2c.o
                0x08006e10                __irq_i2c2_er
 .text.__irq_i2c1_er
                0x08006e1c        0xc build//Users/Danny/libmaple/libmaple/stm32f1/i2c.o
                0x08006e1c                __irq_i2c1_er
 .text.__irq_i2c2_ev
                0x08006e28        0xc build//Users/Danny/libmaple/libmaple/stm32f1/i2c.o
                0x08006e28                __irq_i2c2_ev
 .text.__irq_i2c1_ev
                0x08006e34        0xc build//Users/Danny/libmaple/libmaple/stm32f1/i2c.o
                0x08006e34                __irq_i2c1_ev
 .text.rcc_configure_pll
                0x08006e40       0x38 build//Users/Danny/libmaple/libmaple/stm32f1/rcc.o
                0x08006e40                rcc_configure_pll
 .text.rcc_set_prescaler
                0x08006e78       0x20 build//Users/Danny/libmaple/libmaple/stm32f1/rcc.o
                0x08006e78                rcc_set_prescaler
 .text.bb_peri_set_bit
                0x08006e98        0xe build//Users/Danny/libmaple/libmaple/stm32f1/rcc.o
 *fill*         0x08006ea6        0x2 00
 .text.rcc_clk_enable
                0x08006ea8       0x28 build//Users/Danny/libmaple/libmaple/stm32f1/rcc.o
                0x08006ea8                rcc_clk_enable
 .text.rcc_reset_dev
                0x08006ed0       0x38 build//Users/Danny/libmaple/libmaple/stm32f1/rcc.o
                0x08006ed0                rcc_reset_dev
 .text.spi_config_gpios
                0x08006f08       0x64 build//Users/Danny/libmaple/libmaple/stm32f1/spi.o
                0x08006f08                spi_config_gpios
 .text.__irq_tim1_brk
                0x08006f6c       0x2c build//Users/Danny/libmaple/libmaple/stm32f1/timer.o
                0x08006f6c                __irq_tim1_brk
 .text.__irq_tim1_up
                0x08006f98       0x2c build//Users/Danny/libmaple/libmaple/stm32f1/timer.o
                0x08006f98                __irq_tim1_up
 .text.__irq_tim1_trg_com
                0x08006fc4       0x40 build//Users/Danny/libmaple/libmaple/stm32f1/timer.o
                0x08006fc4                __irq_tim1_trg_com
 .text.__irq_tim1_cc
                0x08007004       0x60 build//Users/Danny/libmaple/libmaple/stm32f1/timer.o
                0x08007004                __irq_tim1_cc
 .text.__irq_tim2
                0x08007064       0x8c build//Users/Danny/libmaple/libmaple/stm32f1/timer.o
                0x08007064                __irq_tim2
 .text.__irq_tim3
                0x080070f0       0x8c build//Users/Danny/libmaple/libmaple/stm32f1/timer.o
                0x080070f0                __irq_tim3
 .text.__irq_tim4
                0x0800717c       0x8c build//Users/Danny/libmaple/libmaple/stm32f1/timer.o
                0x0800717c                __irq_tim4
 .text.rb_push_insert
                0x08007208       0x52 build//Users/Danny/libmaple/libmaple/stm32f1/usart.o
 *fill*         0x0800725a        0x2 00
 .text.usart_foreach
                0x0800725c       0x24 build//Users/Danny/libmaple/libmaple/stm32f1/usart.o
                0x0800725c                usart_foreach
 .text.__irq_usart1
                0x08007280       0x14 build//Users/Danny/libmaple/libmaple/stm32f1/usart.o
                0x08007280                __irq_usart1
 .text.__irq_usart2
                0x08007294       0x14 build//Users/Danny/libmaple/libmaple/stm32f1/usart.o
                0x08007294                __irq_usart2
 .text.__irq_usart3
                0x080072a8       0x14 build//Users/Danny/libmaple/libmaple/stm32f1/usart.o
                0x080072a8                __irq_usart3
 .text.usart_set_baud_rate
                0x080072bc       0x54 build//Users/Danny/libmaple/libmaple/stm32f1/usart.o
                0x080072bc                usart_set_baud_rate
 .text          0x08007310       0x10 build//Users/Danny/libmaple/wirish/start.o
                0x08007310                _start
 .text.start_c  0x08007320       0x64 build//Users/Danny/libmaple/wirish/start_c.o
                0x08007320                start_c
 .text._sbrk    0x08007384       0x44 build//Users/Danny/libmaple/wirish/syscalls.o
                0x08007384                _sbrk
 .text.nvic_irq_enable
                0x080073c8       0x1c build//Users/Danny/libmaple/wirish/stm32f1/util_hooks.o
 .text.__lm_enable_error_usart
                0x080073e4       0x30 build//Users/Danny/libmaple/wirish/stm32f1/util_hooks.o
                0x080073e4                __lm_enable_error_usart
 .text.__lm_error
                0x08007414       0x44 build//Users/Danny/libmaple/wirish/stm32f1/util_hooks.o
                0x08007414                __lm_error
 .text.adc_disable
                0x08007458       0x12 build//Users/Danny/libmaple/wirish/stm32f1/util_hooks.o
 .text._Z9boardInitv
                0x0800746a        0x2 build//Users/Danny/libmaple/wirish/boards.o
                0x0800746a                _Z9boardInitv
 .text._ZL18adc_default_configPK7adc_dev
                0x0800746c       0x1c build//Users/Danny/libmaple/wirish/boards.o
 .text._Z4initv
                0x08007488       0xc0 build//Users/Danny/libmaple/wirish/boards.o
                0x08007488                _Z4initv
 .text.T.10     0x08007548        0x8 build//Users/Danny/libmaple/wirish/boards.o
 .text._ZL20timer_default_configP9timer_dev
                0x08007550       0xa2 build//Users/Danny/libmaple/wirish/boards.o
 .text.__cxa_pure_virtual
                0x080075f2        0x2 build//Users/Danny/libmaple/wirish/cxxabi-compat.o
                0x080075f2                __cxa_pure_virtual
 .text._ZN5PrintC2Ev
                0x080075f4        0xc build//Users/Danny/libmaple/wirish/HardwareSerial.o
                0x080075f4                _ZN5PrintC2Ev
 .text._ZN14HardwareSerialC1EP9usart_devhh
                0x08007600       0x20 build//Users/Danny/libmaple/wirish/HardwareSerial.o
                0x08007600                _ZN14HardwareSerialC1EP9usart_devhh
 .text._ZN14HardwareSerial5writeEh
                0x08007620       0x1a build//Users/Danny/libmaple/wirish/HardwareSerial.o
                0x08007620                _ZN14HardwareSerial5writeEh
 *fill*         0x0800763a        0x2 00
 .text._GLOBAL__I_Serial1
                0x0800763c       0x48 build//Users/Danny/libmaple/wirish/HardwareSerial.o
 .text._ZL10interruptsv
                0x08007684        0x4 build//Users/Danny/libmaple/wirish/HardwareTimer.o
 .text._ZL12noInterruptsv
                0x08007688        0x4 build//Users/Danny/libmaple/wirish/HardwareTimer.o
 .text.set_this_dev
                0x0800768c       0x1c build//Users/Danny/libmaple/wirish/HardwareTimer.o
 .text._ZN13HardwareTimerC1Eh
                0x080076a8       0x48 build//Users/Danny/libmaple/wirish/HardwareTimer.o
                0x080076a8                _ZN13HardwareTimerC1Eh
 .text._GLOBAL__I__ZN13HardwareTimerC2Eh
                0x080076f0       0x38 build//Users/Danny/libmaple/wirish/HardwareTimer.o
 .text._ZN5Print5writeEPKc
                0x08007728       0x1c build//Users/Danny/libmaple/wirish/Print.o
                0x08007728                _ZN5Print5writeEPKc
 .text._ZN5Print5writeEPKvj
                0x08007744       0x20 build//Users/Danny/libmaple/wirish/Print.o
                0x08007744                _ZN5Print5writeEPKvj
 .text._ZN5Print5printEc
                0x08007764        0xa build//Users/Danny/libmaple/wirish/Print.o
                0x08007764                _ZN5Print5printEc
 .text._ZN5Print5printEPKc
                0x0800776e        0xa build//Users/Danny/libmaple/wirish/Print.o
                0x0800776e                _ZN5Print5printEPKc
 .text._ZN5Print7printlnEv
                0x08007778       0x16 build//Users/Danny/libmaple/wirish/Print.o
                0x08007778                _ZN5Print7printlnEv
 .text._ZN5Print7printlnEPKc
                0x0800778e       0x12 build//Users/Danny/libmaple/wirish/Print.o
                0x0800778e                _ZN5Print7printlnEPKc
 .text._ZN5Print11printNumberEyh
                0x080077a0       0x7c build//Users/Danny/libmaple/wirish/Print.o
                0x080077a0                _ZN5Print11printNumberEyh
 .text._ZN5Print5printEyi
                0x0800781c       0x1e build//Users/Danny/libmaple/wirish/Print.o
                0x0800781c                _ZN5Print5printEyi
 .text._ZN5Print5printEhi
                0x0800783a       0x12 build//Users/Danny/libmaple/wirish/Print.o
                0x0800783a                _ZN5Print5printEhi
 .text._ZN5Print7printlnEhi
                0x0800784c       0x12 build//Users/Danny/libmaple/wirish/Print.o
                0x0800784c                _ZN5Print7printlnEhi
 .text._ZN5Print5printExi
                0x0800785e       0x40 build//Users/Danny/libmaple/wirish/Print.o
                0x0800785e                _ZN5Print5printExi
 .text._ZN5Print5printEii
                0x0800789e       0x10 build//Users/Danny/libmaple/wirish/Print.o
                0x0800789e                _ZN5Print5printEii
 .text._ZN5Print7printlnEii
                0x080078ae       0x12 build//Users/Danny/libmaple/wirish/Print.o
                0x080078ae                _ZN5Print7printlnEii
 .text._ZN9USBSerialC1Ev
                0x080078c0       0x14 build//Users/Danny/libmaple/wirish/usb_serial.o
                0x080078c0                _ZN9USBSerialC1Ev
 .text._ZN9USBSerial5writeEh
                0x080078d4       0x14 build//Users/Danny/libmaple/wirish/usb_serial.o
                0x080078d4                _ZN9USBSerial5writeEh
 .text._ZN9USBSerial11isConnectedEv
                0x080078e8       0x18 build//Users/Danny/libmaple/wirish/usb_serial.o
                0x080078e8                _ZN9USBSerial11isConnectedEv
 .text._ZL14ifaceSetupHookjPv
                0x08007900       0x40 build//Users/Danny/libmaple/wirish/usb_serial.o
 .text._ZN9USBSerial4readEPvj
                0x08007940       0x22 build//Users/Danny/libmaple/wirish/usb_serial.o
                0x08007940                _ZN9USBSerial4readEPvj
 .text._ZN9USBSerial4readEv
                0x08007962       0x12 build//Users/Danny/libmaple/wirish/usb_serial.o
                0x08007962                _ZN9USBSerial4readEv
 .text._ZN9USBSerial9availableEv
                0x08007974        0x4 build//Users/Danny/libmaple/wirish/usb_serial.o
                0x08007974                _ZN9USBSerial9availableEv
 .text._ZN9USBSerial5writeEPKvj
                0x08007978       0x50 build//Users/Danny/libmaple/wirish/usb_serial.o
                0x08007978                _ZN9USBSerial5writeEPKvj
 .text._ZN9USBSerial5writeEPKc
                0x080079c8       0x1a build//Users/Danny/libmaple/wirish/usb_serial.o
                0x080079c8                _ZN9USBSerial5writeEPKc
 *fill*         0x080079e2        0x2 00
 .text._ZN9USBSerial5beginEv
                0x080079e4       0x2c build//Users/Danny/libmaple/wirish/usb_serial.o
                0x080079e4                _ZN9USBSerial5beginEv
 .text._ZL6rxHookjPv
                0x08007a10       0x7c build//Users/Danny/libmaple/wirish/usb_serial.o
 .text._GLOBAL__I__ZN9USBSerialC2Ev
                0x08007a8c        0xc build//Users/Danny/libmaple/wirish/usb_serial.o
 .text._ZL10wait_resetv
                0x08007a98       0x10 build//Users/Danny/libmaple/wirish/usb_serial.o
 .text._Z17delayMicrosecondsj
                0x08007aa8        0xe build//Users/Danny/libmaple/wirish/wirish_time.o
                0x08007aa8                _Z17delayMicrosecondsj
 .text._Z5delaym
                0x08007ab6       0x18 build//Users/Danny/libmaple/wirish/wirish_time.o
                0x08007ab6                _Z5delaym
 .text._ZN6wirish4priv15board_reset_pllEv
                0x08007ace        0x2 build//Users/Danny/libmaple/wirish/stm32f1/boards_setup.o
                0x08007ace                _ZN6wirish4priv15board_reset_pllEv
 .text._ZN6wirish4priv11series_initEv
                0x08007ad0        0x4 build//Users/Danny/libmaple/wirish/stm32f1/boards_setup.o
                0x08007ad0                _ZN6wirish4priv11series_initEv
 .text._ZN6wirish4priv15board_setup_usbEv
                0x08007ad4        0xc build//Users/Danny/libmaple/wirish/stm32f1/boards_setup.o
                0x08007ad4                _ZN6wirish4priv15board_setup_usbEv
 .text._ZN6wirish4priv16board_setup_gpioEv
                0x08007ae0        0x4 build//Users/Danny/libmaple/wirish/stm32f1/boards_setup.o
                0x08007ae0                _ZN6wirish4priv16board_setup_gpioEv
 .text._ZN6wirish4priv28board_setup_clock_prescalersEv
                0x08007ae4       0x20 build//Users/Danny/libmaple/wirish/stm32f1/boards_setup.o
                0x08007ae4                _ZN6wirish4priv28board_setup_clock_prescalersEv
 .text._GLOBAL__I_PIN_MAP
                0x08007b04      0x158 build//Users/Danny/libmaple/wirish/boards/maple/board.o
 .text.__exc_svc
                0x08007c5c       0x24 build//Users/Danny/libmaple/libraries/FreeRTOS/utility/port.o
                0x08007c5c                __exc_svc
 .text.__exc_pendsv
                0x08007c80       0x40 build//Users/Danny/libmaple/libraries/FreeRTOS/utility/port.o
                0x08007c80                __exc_pendsv
 .text.vTaskSwitchContext
                0x08007cc0       0xf0 build//Users/Danny/libmaple/libraries/FreeRTOS/utility/tasks.o
                0x08007cc0                vTaskSwitchContext
 .text.vApplicationStackOverflowHook
                0x08007db0        0x2 build//Users/Danny/libmaple/libraries/FreeRTOS/MapleFreeRTOS.o
                0x08007db0                vApplicationStackOverflowHook
 .text._ZN6SD_DevC1Ev
                0x08007db2        0x2 build//Users/Danny/Maple_Workbench/SD/libSD/SD.o
                0x08007db2                _ZN6SD_DevC1Ev
 .text._ZN6SD_DevD1Ev
                0x08007db4        0x2 build//Users/Danny/Maple_Workbench/SD/libSD/SD.o
                0x08007db4                _ZN6SD_DevD1Ev
 .text._Z8spi_sendP7spi_devh
                0x08007db6       0x22 build//Users/Danny/Maple_Workbench/SD/libSD/SD.o
                0x08007db6                _Z8spi_sendP7spi_devh
 .text.T.35     0x08007dd8       0x18 build//Users/Danny/Maple_Workbench/SD/libSD/SD.o
 .text._ZN6SD_Dev7commandEiPhS0_i
                0x08007df0       0xd0 build//Users/Danny/Maple_Workbench/SD/libSD/SD.o
                0x08007df0                _ZN6SD_Dev7commandEiPhS0_i
 .text._ZN6SD_Dev9readBlockEmPc
                0x08007ec0      0x188 build//Users/Danny/Maple_Workbench/SD/libSD/SD.o
                0x08007ec0                _ZN6SD_Dev9readBlockEmPc
 .text._ZN6SD_Dev4initEP7spi_devP8gpio_dev8spi_mode12spi_cfg_flag
                0x08008048      0x234 build//Users/Danny/Maple_Workbench/SD/libSD/SD.o
                0x08008048                _ZN6SD_Dev4initEP7spi_devP8gpio_dev8spi_mode12spi_cfg_flag
 .text._ZN9PartitionC1Ev
                0x0800827c        0x2 build//Users/Danny/Maple_Workbench/SD/libFAT/FAT.o
                0x0800827c                _ZN9PartitionC1Ev
 .text._ZN9PartitionD1Ev
                0x0800827e        0x2 build//Users/Danny/Maple_Workbench/SD/libFAT/FAT.o
                0x0800827e                _ZN9PartitionD1Ev
 .text._ZN7FileBoxC1EP9Partition
                0x08008280        0x4 build//Users/Danny/Maple_Workbench/SD/libFAT/FAT.o
                0x08008280                _ZN7FileBoxC1EP9Partition
 .text._ZN7FileBoxD1Ev
                0x08008284        0x2 build//Users/Danny/Maple_Workbench/SD/libFAT/FAT.o
                0x08008284                _ZN7FileBoxD1Ev
 *fill*         0x08008286        0x2 00
 .text._ZN9Partition4initEP6SD_Dev
                0x08008288       0xc4 build//Users/Danny/Maple_Workbench/SD/libFAT/FAT.o
                0x08008288                _ZN9Partition4initEP6SD_Dev
 .text._Z7premainv
                0x0800834c        0x4 build//Users/Danny/Maple_Workbench/SD/main.o
                0x0800834c                _Z7premainv
 .text._Z4loopv
                0x08008350       0x70 build//Users/Danny/Maple_Workbench/SD/main.o
                0x08008350                _Z4loopv
 .text._Z5setupv
                0x080083c0       0x64 build//Users/Danny/Maple_Workbench/SD/main.o
                0x080083c0                _Z5setupv
 .text.main     0x08008424        0xc build//Users/Danny/Maple_Workbench/SD/main.o
                0x08008424                main
 .text._GLOBAL__I_spi
                0x08008430       0x7c build//Users/Danny/Maple_Workbench/SD/main.o
 .text.__aeabi_atexit
                0x080084ac        0xc /Users/Danny/libmaple/arm/bin/../lib/gcc/arm-none-eabi/4.4.1/../../../../arm-none-eabi/lib/thumb2/libstdc++.a(atexit_arm.o)
                0x080084ac                __aeabi_atexit
 .text          0x080084b8       0x2c /Users/Danny/libmaple/arm/bin/../lib/gcc/arm-none-eabi/4.4.1/thumb2/libgcc.a(_aeabi_uldivmod.o)
                0x080084b8                __aeabi_uldivmod
 .text          0x080084e4       0x58 /Users/Danny/libmaple/arm/bin/../lib/gcc/arm-none-eabi/4.4.1/thumb2/libgcc.a(bpabi.o)
                0x080084e4                __gnu_uldivmod_helper
                0x08008510                __gnu_ldivmod_helper
 .text          0x0800853c        0x4 /Users/Danny/libmaple/arm/bin/../lib/gcc/arm-none-eabi/4.4.1/thumb2/libgcc.a(_dvmd_tls.o)
                0x0800853c                __aeabi_ldiv0
                0x0800853c                __aeabi_idiv0
 .text          0x08008540      0x364 /Users/Danny/libmaple/arm/bin/../lib/gcc/arm-none-eabi/4.4.1/thumb2/libgcc.a(_divdi3.o)
                0x08008540                __divdi3
 .text          0x080088a4      0x300 /Users/Danny/libmaple/arm/bin/../lib/gcc/arm-none-eabi/4.4.1/thumb2/libgcc.a(_udivdi3.o)
                0x080088a4                __udivdi3
 *fill*         0x08008ba4        0x4 00
 .text          0x08008ba8      0x278 /Users/Danny/libmaple/arm/bin/../lib/gcc/arm-none-eabi/4.4.1/thumb2/libgcc.a(_udivsi3.o)
                0x08008ba8                __udivsi3
                0x08008ba8                __aeabi_uidiv
                0x08008e04                __aeabi_uidivmod
 .text.__cxa_atexit
                0x08008e20       0x16 /Users/Danny/libmaple/arm/bin/../lib/gcc/arm-none-eabi/4.4.1/../../../../arm-none-eabi/lib/thumb2/libc.a(lib_a-cxa_atexit.o)
                0x08008e20                __cxa_atexit
 *fill*         0x08008e36        0x2 00
 .text.__errno  0x08008e38        0xc /Users/Danny/libmaple/arm/bin/../lib/gcc/arm-none-eabi/4.4.1/../../../../arm-none-eabi/lib/thumb2/libc.a(lib_a-errno.o)
                0x08008e38                __errno
 .text.__libc_init_array
                0x08008e44       0x4c /Users/Danny/libmaple/arm/bin/../lib/gcc/arm-none-eabi/4.4.1/../../../../arm-none-eabi/lib/thumb2/libc.a(lib_a-init.o)
                0x08008e44                __libc_init_array
 .text.malloc   0x08008e90       0x10 /Users/Danny/libmaple/arm/bin/../lib/gcc/arm-none-eabi/4.4.1/../../../../arm-none-eabi/lib/thumb2/libc.a(lib_a-malloc.o)
                0x08008e90                malloc
 .text._malloc_r
                0x08008ea0      0x424 /Users/Danny/libmaple/arm/bin/../lib/gcc/arm-none-eabi/4.4.1/../../../../arm-none-eabi/lib/thumb2/libc.a(lib_a-mallocr.o)
                0x08008ea0                _malloc_r
 .text.memcmp   0x080092c4       0x22 /Users/Danny/libmaple/arm/bin/../lib/gcc/arm-none-eabi/4.4.1/../../../../arm-none-eabi/lib/thumb2/libc.a(lib_a-memcmp.o)
                0x080092c4                memcmp
 .text.__malloc_lock
                0x080092e6        0x2 /Users/Danny/libmaple/arm/bin/../lib/gcc/arm-none-eabi/4.4.1/../../../../arm-none-eabi/lib/thumb2/libc.a(lib_a-mlock.o)
                0x080092e6                __malloc_lock
 .text.__malloc_unlock
                0x080092e8        0x2 /Users/Danny/libmaple/arm/bin/../lib/gcc/arm-none-eabi/4.4.1/../../../../arm-none-eabi/lib/thumb2/libc.a(lib_a-mlock.o)
                0x080092e8                __malloc_unlock
 *fill*         0x080092ea        0x2 00
 .text._sbrk_r  0x080092ec       0x24 /Users/Danny/libmaple/arm/bin/../lib/gcc/arm-none-eabi/4.4.1/../../../../arm-none-eabi/lib/thumb2/libc.a(lib_a-sbrkr.o)
                0x080092ec                _sbrk_r
 .text.strlen   0x08009310       0x10 /Users/Danny/libmaple/arm/bin/../lib/gcc/arm-none-eabi/4.4.1/../../../../arm-none-eabi/lib/thumb2/libc.a(lib_a-strlen.o)
                0x08009310                strlen
 .text.__register_exitproc
                0x08009320       0xb8 /Users/Danny/libmaple/arm/bin/../lib/gcc/arm-none-eabi/4.4.1/../../../../arm-none-eabi/lib/thumb2/libc.a(lib_a-__atexit.o)
                0x08009320                __register_exitproc
 .text._malloc_trim_r
                0x080093d8       0x98 /Users/Danny/libmaple/arm/bin/../lib/gcc/arm-none-eabi/4.4.1/../../../../arm-none-eabi/lib/thumb2/libc.a(lib_a-freer.o)
                0x080093d8                _malloc_trim_r
 .text._free_r  0x08009470      0x19c /Users/Danny/libmaple/arm/bin/../lib/gcc/arm-none-eabi/4.4.1/../../../../arm-none-eabi/lib/thumb2/libc.a(lib_a-freer.o)
                0x08009470                _free_r
 *(.plt)
 *(.gnu.warning)
 *(.glue_7t)
 .glue_7t       0x00000000        0x0 linker stubs
 *(.glue_7)
 .glue_7        0x00000000        0x0 linker stubs
 *(.vfp11_veneer)
 .vfp11_veneer  0x00000000        0x0 linker stubs
 *(.ARM.extab* .gnu.linkonce.armextab.*)
 *(.gcc_except_table)
 *(.eh_frame_hdr)
 *(.eh_frame)
                0x0800960c                . = ALIGN (0x4)
 *(.init)
 .init          0x0800960c        0x4 /Users/Danny/libmaple/arm/bin/../lib/gcc/arm-none-eabi/4.4.1/thumb2/crti.o
                0x0800960c                _init
 .init          0x08009610        0x8 /Users/Danny/libmaple/arm/bin/../lib/gcc/arm-none-eabi/4.4.1/thumb2/crtn.o
                0x08009618                . = ALIGN (0x4)
                0x08009618                __preinit_array_start = .
 *(.preinit_array)
                0x08009618                __preinit_array_end = .
                0x08009618                . = ALIGN (0x4)
                0x08009618                __init_array_start = .
 *(SORT(.init_array.*))
 *(.init_array)
 .init_array    0x08009618        0x4 /Users/Danny/libmaple/arm/bin/../lib/gcc/arm-none-eabi/4.4.1/thumb2/crtbegin.o
 .init_array    0x0800961c        0x4 build//Users/Danny/libmaple/wirish/HardwareSerial.o
 .init_array    0x08009620        0x4 build//Users/Danny/libmaple/wirish/HardwareTimer.o
 .init_array    0x08009624        0x4 build//Users/Danny/libmaple/wirish/usb_serial.o
 .init_array    0x08009628        0x4 build//Users/Danny/libmaple/wirish/boards/maple/board.o
 .init_array    0x0800962c        0x8 build//Users/Danny/Maple_Workbench/SD/main.o
                0x08009634                __init_array_end = .
                0x08009634                . = ALIGN (0x4)
 *crtbegin.o(.ctors)
 *(EXCLUDE_FILE(*crtend.o) .ctors)
 *(SORT(.ctors.*))
 *crtend.o(.ctors)
                0x08009634                . = ALIGN (0x4)
 *(.fini)
 .fini          0x08009634        0x4 /Users/Danny/libmaple/arm/bin/../lib/gcc/arm-none-eabi/4.4.1/thumb2/crti.o
                0x08009634                _fini
 .fini          0x08009638        0x8 /Users/Danny/libmaple/arm/bin/../lib/gcc/arm-none-eabi/4.4.1/thumb2/crtn.o
                0x08009640                . = ALIGN (0x4)
                0x08009640                __fini_array_start = .
 *(.fini_array)
 .fini_array    0x08009640        0x4 /Users/Danny/libmaple/arm/bin/../lib/gcc/arm-none-eabi/4.4.1/thumb2/crtbegin.o
 *(SORT(.fini_array.*))
                0x08009644                __fini_array_end = .
 *crtbegin.o(.dtors)
 *(EXCLUDE_FILE(*crtend.o) .dtors)
 *(SORT(.dtors.*))
 *crtend.o(.dtors)

.v4_bx          0x08009644        0x0
 .v4_bx         0x00000000        0x0 linker stubs

.text.align     0x08009644        0x4
                0x08009648                . = ALIGN (0x8)
 *fill*         0x08009644        0x4 00
                0x08009648                _etext = .
                0x08009648                __exidx_start = .

.ARM.exidx      0x08009648        0x8
 *(.ARM.exidx* .gnu.linkonce.armexidx.*)
 .ARM.exidx     0x08009648        0x8 build//Users/Danny/libmaple/wirish/start.o
 .ARM.exidx.text.__aeabi_atexit
                0x08009650        0x0 /Users/Danny/libmaple/arm/bin/../lib/gcc/arm-none-eabi/4.4.1/../../../../arm-none-eabi/lib/thumb2/libstdc++.a(atexit_arm.o)
                                  0x8 (size before relaxing)
 .ARM.exidx     0x08009650        0x0 /Users/Danny/libmaple/arm/bin/../lib/gcc/arm-none-eabi/4.4.1/thumb2/libgcc.a(_divdi3.o)
                                  0x8 (size before relaxing)
 .ARM.exidx     0x08009650        0x0 /Users/Danny/libmaple/arm/bin/../lib/gcc/arm-none-eabi/4.4.1/thumb2/libgcc.a(_udivdi3.o)
                                  0x8 (size before relaxing)
                0x08009650                __exidx_end = .

.data           0x20000c00      0xbb8 load address 0x08009650
                0x20000c00                . = ALIGN (0x8)
                0x20000c00                _data = .
 *(.got.plt)
 *(.got)
 *(.data .data.* .gnu.linkonce.d.*)
 .data          0x20000c00        0x4 /Users/Danny/libmaple/arm/bin/../lib/gcc/arm-none-eabi/4.4.1/thumb2/crtbegin.o
                0x20000c00                __dso_handle
 .data.exti_channels
                0x20000c04       0x80 build//Users/Danny/libmaple/libmaple/exti.o
 .data.timer3   0x20000c84       0x24 build//Users/Danny/libmaple/libmaple/timer.o
 .data.timer4   0x20000ca8       0x24 build//Users/Danny/libmaple/libmaple/timer.o
 .data.TIMER1   0x20000ccc        0x4 build//Users/Danny/libmaple/libmaple/timer.o
                0x20000ccc                TIMER1
 .data.TIMER2   0x20000cd0        0x4 build//Users/Danny/libmaple/libmaple/timer.o
                0x20000cd0                TIMER2
 .data.TIMER3   0x20000cd4        0x4 build//Users/Danny/libmaple/libmaple/timer.o
                0x20000cd4                TIMER3
 .data.TIMER4   0x20000cd8        0x4 build//Users/Danny/libmaple/libmaple/timer.o
                0x20000cd8                TIMER4
 .data.timer1   0x20000cdc       0x28 build//Users/Danny/libmaple/libmaple/timer.o
 .data.timer2   0x20000d04       0x24 build//Users/Danny/libmaple/libmaple/timer.o
 .data.USBLIB   0x20000d28        0x4 build//Users/Danny/libmaple/libmaple/usb/stm32f1/usb.o
                0x20000d28                USBLIB
 .data.usblib   0x20000d2c       0x10 build//Users/Danny/libmaple/libmaple/usb/stm32f1/usb.o
 .data.Device_Descriptor
                0x20000d3c        0x8 build//Users/Danny/libmaple/libmaple/usb/stm32f1/usb_cdcacm.o
                0x20000d3c                Device_Descriptor
 .data.Config_Descriptor
                0x20000d44        0x8 build//Users/Danny/libmaple/libmaple/usb/stm32f1/usb_cdcacm.o
                0x20000d44                Config_Descriptor
 .data.Device_Property
                0x20000d4c       0x30 build//Users/Danny/libmaple/libmaple/usb/stm32f1/usb_cdcacm.o
                0x20000d4c                Device_Property
 .data.User_Standard_Requests
                0x20000d7c       0x24 build//Users/Danny/libmaple/libmaple/usb/stm32f1/usb_cdcacm.o
                0x20000d7c                User_Standard_Requests
 .data.ep_int_in
                0x20000da0       0x1c build//Users/Danny/libmaple/libmaple/usb/stm32f1/usb_cdcacm.o
 .data.ep_int_out
                0x20000dbc       0x1c build//Users/Danny/libmaple/libmaple/usb/stm32f1/usb_cdcacm.o
 .data.String_Descriptor
                0x20000dd8       0x18 build//Users/Danny/libmaple/libmaple/usb/stm32f1/usb_cdcacm.o
                0x20000dd8                String_Descriptor
 .data.line_coding
                0x20000df0        0x8 build//Users/Danny/libmaple/libmaple/usb/stm32f1/usb_cdcacm.o
 .data.Device_Table
                0x20000df8        0x4 build//Users/Danny/libmaple/libmaple/usb/stm32f1/usb_cdcacm.o
                0x20000df8                Device_Table
 .data.adc1     0x20000dfc        0x8 build//Users/Danny/libmaple/libmaple/stm32f1/adc.o
 .data.adc2     0x20000e04        0x8 build//Users/Danny/libmaple/libmaple/stm32f1/adc.o
 .data.ADC1     0x20000e0c        0x4 build//Users/Danny/libmaple/libmaple/stm32f1/adc.o
                0x20000e0c                ADC1
 .data.ADC2     0x20000e10        0x4 build//Users/Danny/libmaple/libmaple/stm32f1/adc.o
                0x20000e10                ADC2
 .data.DMA1     0x20000e14        0x4 build//Users/Danny/libmaple/libmaple/stm32f1/dma.o
                0x20000e14                DMA1
 .data.dma1     0x20000e18       0x40 build//Users/Danny/libmaple/libmaple/stm32f1/dma.o
 .data.gpioa    0x20000e58        0x8 build//Users/Danny/libmaple/libmaple/stm32f1/gpio.o
                0x20000e58                gpioa
 .data.gpiob    0x20000e60        0x8 build//Users/Danny/libmaple/libmaple/stm32f1/gpio.o
                0x20000e60                gpiob
 .data.gpioc    0x20000e68        0x8 build//Users/Danny/libmaple/libmaple/stm32f1/gpio.o
                0x20000e68                gpioc
 .data.gpiod    0x20000e70        0x8 build//Users/Danny/libmaple/libmaple/stm32f1/gpio.o
                0x20000e70                gpiod
 .data.i2c1     0x20000e78       0x24 build//Users/Danny/libmaple/libmaple/stm32f1/i2c.o
 .data.i2c2     0x20000e9c       0x24 build//Users/Danny/libmaple/libmaple/stm32f1/i2c.o
 .data.enable_regs.1593
                0x20000ec0        0xc build//Users/Danny/libmaple/libmaple/stm32f1/rcc.o
 .data.reset_regs.1597
                0x20000ecc        0x8 build//Users/Danny/libmaple/libmaple/stm32f1/rcc.o
 .data.spi1     0x20000ed4        0x8 build//Users/Danny/libmaple/libmaple/stm32f1/spi.o
 .data.SPI1     0x20000edc        0x4 build//Users/Danny/libmaple/libmaple/stm32f1/spi.o
                0x20000edc                SPI1
 .data.USART1   0x20000ee0        0x4 build//Users/Danny/libmaple/libmaple/stm32f1/usart.o
                0x20000ee0                USART1
 .data.USART2   0x20000ee4        0x4 build//Users/Danny/libmaple/libmaple/stm32f1/usart.o
                0x20000ee4                USART2
 .data.USART3   0x20000ee8        0x4 build//Users/Danny/libmaple/libmaple/stm32f1/usart.o
                0x20000ee8                USART3
 .data.usart1   0x20000eec       0x50 build//Users/Danny/libmaple/libmaple/stm32f1/usart.o
 .data.usart2   0x20000f3c       0x50 build//Users/Danny/libmaple/libmaple/stm32f1/usart.o
 .data.usart3   0x20000f8c       0x50 build//Users/Danny/libmaple/libmaple/stm32f1/usart.o
 .data._ZN6wirish4privL8pll_dataE
                0x20000fdc        0x4 build//Users/Danny/libmaple/wirish/stm32f1/boards_setup.o
 .data._ZN6wirish4priv9w_adc_smpE
                0x20000fe0        0x1 build//Users/Danny/libmaple/wirish/stm32f1/boards_setup.o
                0x20000fe0                _ZN6wirish4priv9w_adc_smpE
 *fill*         0x20000fe1        0x1 00
 .data._ZN6wirish4priv9w_adc_preE
                0x20000fe2        0x2 build//Users/Danny/libmaple/wirish/stm32f1/boards_setup.o
                0x20000fe2                _ZN6wirish4priv9w_adc_preE
 .data._ZN6wirish4priv15w_board_pll_cfgE
                0x20000fe4        0x8 build//Users/Danny/libmaple/wirish/stm32f1/boards_setup.o
                0x20000fe4                _ZN6wirish4priv15w_board_pll_cfgE
 .data.PIN_MAP  0x20000fec      0x2c0 build//Users/Danny/libmaple/wirish/boards/maple/board.o
                0x20000fec                PIN_MAP
 .data.uxPreviousTask
                0x200012ac        0x4 build//Users/Danny/libmaple/libraries/FreeRTOS/utility/tasks.o
 .data.impure_data
                0x200012b0       0xf0 /Users/Danny/libmaple/arm/bin/../lib/gcc/arm-none-eabi/4.4.1/../../../../arm-none-eabi/lib/thumb2/libc.a(lib_a-impure.o)
 .data._impure_ptr
                0x200013a0        0x4 /Users/Danny/libmaple/arm/bin/../lib/gcc/arm-none-eabi/4.4.1/../../../../arm-none-eabi/lib/thumb2/libc.a(lib_a-impure.o)
                0x200013a0                _impure_ptr
 .data.__malloc_av_
                0x200013a4      0x408 /Users/Danny/libmaple/arm/bin/../lib/gcc/arm-none-eabi/4.4.1/../../../../arm-none-eabi/lib/thumb2/libc.a(lib_a-mallocr.o)
                0x200013a4                __malloc_av_
 .data.__malloc_trim_threshold
                0x200017ac        0x4 /Users/Danny/libmaple/arm/bin/../lib/gcc/arm-none-eabi/4.4.1/../../../../arm-none-eabi/lib/thumb2/libc.a(lib_a-mallocr.o)
                0x200017ac                __malloc_trim_threshold
 .data.__malloc_sbrk_base
                0x200017b0        0x4 /Users/Danny/libmaple/arm/bin/../lib/gcc/arm-none-eabi/4.4.1/../../../../arm-none-eabi/lib/thumb2/libc.a(lib_a-mallocr.o)
                0x200017b0                __malloc_sbrk_base
                0x200017b8                . = ALIGN (0x8)
 *fill*         0x200017b4        0x4 00
                0x200017b8                _edata = .

.jcr            0x200017b8        0x0 load address 0x0800a208
 .jcr           0x200017b8        0x0 /Users/Danny/libmaple/arm/bin/../lib/gcc/arm-none-eabi/4.4.1/thumb2/crtbegin.o

.rodata         0x0800a208      0x4dc
 *(.rodata .rodata.* .gnu.linkonce.r.*)
 .rodata.str1.1
                0x0800a208       0x7f build//Users/Danny/libmaple/libmaple/timer.o
 .rodata.str1.1
                0x0800a287       0x3f build//Users/Danny/libmaple/libmaple/util.o
                                 0x42 (size before relaxing)
 .rodata.str1.1
                0x0800a2c6       0x61 build//Users/Danny/libmaple/libmaple/i2c.o
                                 0x63 (size before relaxing)
 .rodata.str1.1
                0x0800a327       0x45 build//Users/Danny/libmaple/libmaple/usb/stm32f1/usb.o
 .rodata.usbVcomDescriptor_iProduct
                0x0800a36c       0x14 build//Users/Danny/libmaple/libmaple/usb/stm32f1/usb_cdcacm.o
                0x0800a36c                usbVcomDescriptor_iProduct
 .rodata.usbVcomDescriptor_iManufacturer
                0x0800a380       0x14 build//Users/Danny/libmaple/libmaple/usb/stm32f1/usb_cdcacm.o
                0x0800a380                usbVcomDescriptor_iManufacturer
 .rodata.usbVcomDescriptor_Device
                0x0800a394       0x14 build//Users/Danny/libmaple/libmaple/usb/stm32f1/usb_cdcacm.o
                0x0800a394                usbVcomDescriptor_Device
 .rodata.usbVcomDescriptor_Config
                0x0800a3a8       0x44 build//Users/Danny/libmaple/libmaple/usb/stm32f1/usb_cdcacm.o
                0x0800a3a8                usbVcomDescriptor_Config
 .rodata.usbVcomDescriptor_LangID
                0x0800a3ec        0x4 build//Users/Danny/libmaple/libmaple/usb/stm32f1/usb_cdcacm.o
                0x0800a3ec                usbVcomDescriptor_LangID
 .rodata.GPIOA  0x0800a3f0        0x4 build//Users/Danny/libmaple/libmaple/stm32f1/gpio.o
                0x0800a3f0                GPIOA
 .rodata.GPIOB  0x0800a3f4        0x4 build//Users/Danny/libmaple/libmaple/stm32f1/gpio.o
                0x0800a3f4                GPIOB
 .rodata.GPIOC  0x0800a3f8        0x4 build//Users/Danny/libmaple/libmaple/stm32f1/gpio.o
                0x0800a3f8                GPIOC
 .rodata.GPIOD  0x0800a3fc        0x4 build//Users/Danny/libmaple/libmaple/stm32f1/gpio.o
                0x0800a3fc                GPIOD
 .rodata.masks.1602
                0x0800a400       0x14 build//Users/Danny/libmaple/libmaple/stm32f1/rcc.o
 .rodata.str1.1
                0x0800a414       0x83 build//Users/Danny/libmaple/libmaple/stm32f1/rcc.o
 *fill*         0x0800a497        0x1 00
 .rodata.rcc_dev_table
                0x0800a498       0x5c build//Users/Danny/libmaple/libmaple/stm32f1/rcc.o
                0x0800a498                rcc_dev_table
 .rodata.str1.1
                0x0800a4f4       0x3b build//Users/Danny/libmaple/libmaple/stm32f1/usart.o
 *fill*         0x0800a52f        0x1 00
 .rodata._ZTV14HardwareSerial
                0x0800a530       0x18 build//Users/Danny/libmaple/wirish/HardwareSerial.o
                0x0800a530                _ZTV14HardwareSerial
 .rodata.str1.1
                0x0800a548       0x41 build//Users/Danny/libmaple/wirish/HardwareTimer.o
 *fill*         0x0800a589        0x7 00
 .rodata._ZTV5Print
                0x0800a590       0x18 build//Users/Danny/libmaple/wirish/Print.o
                0x0800a590                _ZTV5Print
 .rodata._ZTV9USBSerial
                0x0800a5a8       0x18 build//Users/Danny/libmaple/wirish/usb_serial.o
                0x0800a5a8                _ZTV9USBSerial
 .rodata.ucExpectedStackBytes.3388
                0x0800a5c0       0x14 build//Users/Danny/libmaple/libraries/FreeRTOS/utility/tasks.o
 .rodata.str1.1
                0x0800a5d4       0xa5 build//Users/Danny/Maple_Workbench/SD/libSD/SD.o
                                 0xa7 (size before relaxing)
 *fill*         0x0800a679        0x3 00
 .rodata.CSWTCH.33
                0x0800a67c        0x8 build//Users/Danny/Maple_Workbench/SD/libSD/SD.o
 .rodata.str1.1
                0x0800a684       0x1f build//Users/Danny/Maple_Workbench/SD/libFAT/FAT.o
 .rodata.str1.1
                0x0800a6a3       0x39 build//Users/Danny/Maple_Workbench/SD/main.o
 .rodata.str1.1
                0x00000000       0x39 /Users/Danny/libmaple/arm/bin/../lib/gcc/arm-none-eabi/4.4.1/../../../../arm-none-eabi/lib/thumb2/libc.a(lib_a-impure.o)
                                  0x2 (size before relaxing)
 .rodata._global_impure_ptr
                0x0800a6dc        0x4 /Users/Danny/libmaple/arm/bin/../lib/gcc/arm-none-eabi/4.4.1/../../../../arm-none-eabi/lib/thumb2/libc.a(lib_a-impure.o)
                0x0800a6dc                _global_impure_ptr
 *(.USER_FLASH)
                0x0800a6e0                . = ALIGN (0x4)
                0x0800a6e0                _lm_rom_img_cfgp = .
                0x0800a6e0        0x4 LONG 0x8009650 LOADADDR (.data)
                [0x20001c68]                _lm_heap_start = DEFINED (_lm_heap_start)?_lm_heap_start:_end
                [0x20005000]                _lm_heap_end = DEFINED (_lm_heap_end)?_lm_heap_end:__msp_init

.bss            0x200017b8      0x4b0
                0x200017b8                . = ALIGN (0x8)
                0x200017b8                _bss = .
 *(.bss .bss.* .gnu.linkonce.b.*)
 .bss           0x200017b8        0x1 /Users/Danny/libmaple/arm/bin/../lib/gcc/arm-none-eabi/4.4.1/thumb2/crtbegin.o
 *fill*         0x200017b9        0x3 00
 .bss.systick_user_callback
                0x200017bc        0x4 build//Users/Danny/libmaple/libmaple/systick.o
 .bss.line_dtr_rts
                0x200017c0        0x1 build//Users/Danny/libmaple/libmaple/usb/stm32f1/usb_cdcacm.o
 *fill*         0x200017c1        0x3 00
 .bss.vcomBufferRx
                0x200017c4       0xc0 build//Users/Danny/libmaple/libmaple/usb/stm32f1/usb_cdcacm.o
 .bss.rx_hook   0x20001884        0x4 build//Users/Danny/libmaple/libmaple/usb/stm32f1/usb_cdcacm.o
 .bss.newBytes  0x20001888        0x4 build//Users/Danny/libmaple/libmaple/usb/stm32f1/usb_cdcacm.o
 .bss.rx_offset
                0x2000188c        0x4 build//Users/Danny/libmaple/libmaple/usb/stm32f1/usb_cdcacm.o
 .bss.countTx   0x20001890        0x4 build//Users/Danny/libmaple/libmaple/usb/stm32f1/usb_cdcacm.o
 .bss.iface_setup_hook
                0x20001894        0x4 build//Users/Danny/libmaple/libmaple/usb/stm32f1/usb_cdcacm.o
 .bss.last_request
                0x20001898        0x1 build//Users/Danny/libmaple/libmaple/usb/stm32f1/usb_cdcacm.o
 .bss.Data_Mul_MaxPacketSize
                0x20001899        0x1 build//Users/Danny/libmaple/libmaple/usb/usb_lib/usb_core.o
                0x20001899                Data_Mul_MaxPacketSize
 *fill*         0x2000189a        0x2 00
 .bss.usart1_rb
                0x2000189c        0xc build//Users/Danny/libmaple/libmaple/stm32f1/usart.o
 .bss.usart2_rb
                0x200018a8        0xc build//Users/Danny/libmaple/libmaple/stm32f1/usart.o
 .bss.usart3_rb
                0x200018b4        0xc build//Users/Danny/libmaple/libmaple/stm32f1/usart.o
 .bss.pbreak.1614
                0x200018c0        0x4 build//Users/Danny/libmaple/wirish/syscalls.o
 .bss.Serial1   0x200018c4        0xc build//Users/Danny/libmaple/wirish/HardwareSerial.o
                0x200018c4                Serial1
 .bss.Serial2   0x200018d0        0xc build//Users/Danny/libmaple/wirish/HardwareSerial.o
                0x200018d0                Serial2
 .bss.Serial3   0x200018dc        0xc build//Users/Danny/libmaple/wirish/HardwareSerial.o
                0x200018dc                Serial3
 .bss.Timer1    0x200018e8        0x4 build//Users/Danny/libmaple/wirish/HardwareTimer.o
                0x200018e8                Timer1
 .bss.Timer2    0x200018ec        0x4 build//Users/Danny/libmaple/wirish/HardwareTimer.o
                0x200018ec                Timer2
 .bss.Timer3    0x200018f0        0x4 build//Users/Danny/libmaple/wirish/HardwareTimer.o
                0x200018f0                Timer3
 .bss.Timer4    0x200018f4        0x4 build//Users/Danny/libmaple/wirish/HardwareTimer.o
                0x200018f4                Timer4
 .bss._ZL7this_id
                0x200018f8        0x1 build//Users/Danny/libmaple/wirish/HardwareTimer.o
 *fill*         0x200018f9        0x3 00
 .bss._ZL9this_devp
                0x200018fc        0x4 build//Users/Danny/libmaple/wirish/HardwareTimer.o
 .bss._ZL11reset_state
                0x20001900        0x1 build//Users/Danny/libmaple/wirish/usb_serial.o
 *fill*         0x20001901        0x3 00
 .bss.SerialUSB
                0x20001904        0x4 build//Users/Danny/libmaple/wirish/usb_serial.o
                0x20001904                SerialUSB
 .bss.uxTopReadyPriority
                0x20001908        0x4 build//Users/Danny/libmaple/libraries/FreeRTOS/utility/tasks.o
 .bss.xTickCount
                0x2000190c        0x4 build//Users/Danny/libmaple/libraries/FreeRTOS/utility/tasks.o
 .bss.pxReadyTasksLists
                0x20001910       0x64 build//Users/Danny/libmaple/libraries/FreeRTOS/utility/tasks.o
 .bss.xTracing  0x20001974        0x4 build//Users/Danny/libmaple/libraries/FreeRTOS/utility/tasks.o
 .bss.xMissedYield
                0x20001978        0x4 build//Users/Danny/libmaple/libraries/FreeRTOS/utility/tasks.o
 .bss.pcTraceBuffer
                0x2000197c        0x4 build//Users/Danny/libmaple/libraries/FreeRTOS/utility/tasks.o
 .bss.pxCurrentTCB
                0x20001980        0x4 build//Users/Danny/libmaple/libraries/FreeRTOS/utility/tasks.o
                0x20001980                pxCurrentTCB
 .bss.uxSchedulerSuspended
                0x20001984        0x4 build//Users/Danny/libmaple/libraries/FreeRTOS/utility/tasks.o
 .bss.pcTraceBufferEnd
                0x20001988        0x4 build//Users/Danny/libmaple/libraries/FreeRTOS/utility/tasks.o
 .bss.sd        0x2000198c      0x220 build//Users/Danny/Maple_Workbench/SD/main.o
                0x2000198c                sd
 .bss.spi       0x20001bac        0x4 build//Users/Danny/Maple_Workbench/SD/main.o
                0x20001bac                spi
 .bss.test      0x20001bb0       0x20 build//Users/Danny/Maple_Workbench/SD/main.o
                0x20001bb0                test
 .bss.partition
                0x20001bd0       0x18 build//Users/Danny/Maple_Workbench/SD/main.o
                0x20001bd0                partition
 .bss.chSel     0x20001be8        0x4 build//Users/Danny/Maple_Workbench/SD/main.o
                0x20001be8                chSel
 .bss.__malloc_max_total_mem
                0x20001bec        0x4 /Users/Danny/libmaple/arm/bin/../lib/gcc/arm-none-eabi/4.4.1/../../../../arm-none-eabi/lib/thumb2/libc.a(lib_a-mallocr.o)
                0x20001bec                __malloc_max_total_mem
 .bss.__malloc_max_sbrked_mem
                0x20001bf0        0x4 /Users/Danny/libmaple/arm/bin/../lib/gcc/arm-none-eabi/4.4.1/../../../../arm-none-eabi/lib/thumb2/libc.a(lib_a-mallocr.o)
                0x20001bf0                __malloc_max_sbrked_mem
 .bss.__malloc_top_pad
                0x20001bf4        0x4 /Users/Danny/libmaple/arm/bin/../lib/gcc/arm-none-eabi/4.4.1/../../../../arm-none-eabi/lib/thumb2/libc.a(lib_a-mallocr.o)
                0x20001bf4                __malloc_top_pad
 .bss.__malloc_current_mallinfo
                0x20001bf8       0x28 /Users/Danny/libmaple/arm/bin/../lib/gcc/arm-none-eabi/4.4.1/../../../../arm-none-eabi/lib/thumb2/libc.a(lib_a-mallocr.o)
                0x20001bf8                __malloc_current_mallinfo
 *(COMMON)
 COMMON         0x20001c20        0x4 build//Users/Danny/libmaple/libmaple/systick.o
                0x20001c20                systick_uptime_millis
 COMMON         0x20001c24        0x6 build//Users/Danny/libmaple/libmaple/usb/stm32f1/usb.o
                0x20001c24                SaveRState
                0x20001c26                SaveTState
                0x20001c28                ResumeS
 *fill*         0x20001c2a        0x2 00
 COMMON         0x20001c2c        0x2 build//Users/Danny/libmaple/libmaple/usb/usb_lib/usb_core.o
                0x20001c2c                StatusInfo
 *fill*         0x20001c2e        0x2 00
 COMMON         0x20001c30       0x32 build//Users/Danny/libmaple/libmaple/usb/usb_lib/usb_init.o
                0x20001c30                SaveState
                0x20001c34                pProperty
                0x20001c38                EPindex
                0x20001c3c                Device_Info
                0x20001c58                pUser_Standard_Requests
                0x20001c5c                pInformation
                0x20001c60                wInterrupt_Mask
 *fill*         0x20001c62        0x2 00
 COMMON         0x20001c64        0x4 /Users/Danny/libmaple/arm/bin/../lib/gcc/arm-none-eabi/4.4.1/../../../../arm-none-eabi/lib/thumb2/libc.a(lib_a-reent.o)
                0x20001c64                errno
                0x20001c68                . = ALIGN (0x8)
                0x20001c68                _ebss = .
                0x20001c68                _end = _ebss

.stab
 *(.stab)

.stabstr
 *(.stabstr)

.debug
 *(.debug)

.line
 *(.line)

.debug_srcinfo
 *(.debug_srcinfo)

.debug_sfnames
 *(.debug_sfnames)

.comment        0x00000000      0x7ce
 .comment       0x00000000       0x12 /Users/Danny/libmaple/arm/bin/../lib/gcc/arm-none-eabi/4.4.1/thumb2/crtbegin.o
 .comment       0x00000012       0x12 build//Users/Danny/libmaple/libmaple/adc.o
 .comment       0x00000024       0x12 build//Users/Danny/libmaple/libmaple/dac.o
 .comment       0x00000036       0x12 build//Users/Danny/libmaple/libmaple/dma.o
 .comment       0x00000048       0x12 build//Users/Danny/libmaple/libmaple/exti.o
 .comment       0x0000005a       0x12 build//Users/Danny/libmaple/libmaple/flash.o
 .comment       0x0000006c       0x12 build//Users/Danny/libmaple/libmaple/gpio.o
 .comment       0x0000007e       0x12 build//Users/Danny/libmaple/libmaple/iwdg.o
 .comment       0x00000090       0x12 build//Users/Danny/libmaple/libmaple/nvic.o
 .comment       0x000000a2       0x12 build//Users/Danny/libmaple/libmaple/pwr.o
 .comment       0x000000b4       0x12 build//Users/Danny/libmaple/libmaple/rcc.o
 .comment       0x000000c6       0x12 build//Users/Danny/libmaple/libmaple/spi.o
 .comment       0x000000d8       0x12 build//Users/Danny/libmaple/libmaple/systick.o
 .comment       0x000000ea       0x12 build//Users/Danny/libmaple/libmaple/timer.o
 .comment       0x000000fc       0x12 build//Users/Danny/libmaple/libmaple/usart.o
 .comment       0x0000010e       0x12 build//Users/Danny/libmaple/libmaple/usart_private.o
 .comment       0x00000120       0x12 build//Users/Danny/libmaple/libmaple/util.o
 .comment       0x00000132       0x12 build//Users/Danny/libmaple/libmaple/i2c.o
 .comment       0x00000144       0x12 build//Users/Danny/libmaple/libmaple/usb/stm32f1/usb.o
 .comment       0x00000156       0x12 build//Users/Danny/libmaple/libmaple/usb/stm32f1/usb_reg_map.o
 .comment       0x00000168       0x12 build//Users/Danny/libmaple/libmaple/usb/stm32f1/usb_cdcacm.o
 .comment       0x0000017a       0x12 build//Users/Danny/libmaple/libmaple/usb/usb_lib/usb_core.o
 .comment       0x0000018c       0x12 build//Users/Danny/libmaple/libmaple/usb/usb_lib/usb_init.o
 .comment       0x0000019e       0x12 build//Users/Danny/libmaple/libmaple/usb/usb_lib/usb_mem.o
 .comment       0x000001b0       0x12 build//Users/Danny/libmaple/libmaple/usb/usb_lib/usb_regs.o
 .comment       0x000001c2       0x12 build//Users/Danny/libmaple/libmaple/stm32f1/adc.o
 .comment       0x000001d4       0x12 build//Users/Danny/libmaple/libmaple/stm32f1/bkp.o
 .comment       0x000001e6       0x12 build//Users/Danny/libmaple/libmaple/stm32f1/dma.o
 .comment       0x000001f8       0x12 build//Users/Danny/libmaple/libmaple/stm32f1/exti.o
 .comment       0x0000020a       0x12 build//Users/Danny/libmaple/libmaple/stm32f1/fsmc.o
 .comment       0x0000021c       0x12 build//Users/Danny/libmaple/libmaple/stm32f1/gpio.o
 .comment       0x0000022e       0x12 build//Users/Danny/libmaple/libmaple/stm32f1/i2c.o
 .comment       0x00000240       0x12 build//Users/Danny/libmaple/libmaple/stm32f1/rcc.o
 .comment       0x00000252       0x12 build//Users/Danny/libmaple/libmaple/stm32f1/spi.o
 .comment       0x00000264       0x12 build//Users/Danny/libmaple/libmaple/stm32f1/timer.o
 .comment       0x00000276       0x12 build//Users/Danny/libmaple/libmaple/stm32f1/usart.o
 .comment       0x00000288       0x12 build//Users/Danny/libmaple/wirish/start_c.o
 .comment       0x0000029a       0x12 build//Users/Danny/libmaple/wirish/syscalls.o
 .comment       0x000002ac       0x12 build//Users/Danny/libmaple/wirish/stm32f1/util_hooks.o
 .comment       0x000002be       0x12 build//Users/Danny/libmaple/wirish/boards.o
 .comment       0x000002d0       0x12 build//Users/Danny/libmaple/wirish/cxxabi-compat.o
 .comment       0x000002e2       0x12 build//Users/Danny/libmaple/wirish/ext_interrupts.o
 .comment       0x000002f4       0x12 build//Users/Danny/libmaple/wirish/HardwareSerial.o
 .comment       0x00000306       0x12 build//Users/Danny/libmaple/wirish/HardwareTimer.o
 .comment       0x00000318       0x12 build//Users/Danny/libmaple/wirish/Print.o
 .comment       0x0000032a       0x12 build//Users/Danny/libmaple/wirish/pwm.o
 .comment       0x0000033c       0x12 build//Users/Danny/libmaple/wirish/usb_serial.o
 .comment       0x0000034e       0x12 build//Users/Danny/libmaple/wirish/HardwareSPI.o
 .comment       0x00000360       0x12 build//Users/Danny/libmaple/wirish/wirish_analog.o
 .comment       0x00000372       0x12 build//Users/Danny/libmaple/wirish/wirish_digital.o
 .comment       0x00000384       0x12 build//Users/Danny/libmaple/wirish/wirish_math.o
 .comment       0x00000396       0x12 build//Users/Danny/libmaple/wirish/wirish_shift.o
 .comment       0x000003a8       0x12 build//Users/Danny/libmaple/wirish/wirish_time.o
 .comment       0x000003ba       0x12 build//Users/Danny/libmaple/wirish/stm32f1/boards_setup.o
 .comment       0x000003cc       0x12 build//Users/Danny/libmaple/wirish/stm32f1/wirish_digital.o
 .comment       0x000003de       0x12 build//Users/Danny/libmaple/wirish/stm32f1/wirish_debug.o
 .comment       0x000003f0       0x12 build//Users/Danny/libmaple/wirish/boards/maple/board.o
 .comment       0x00000402       0x12 build//Users/Danny/libmaple/libraries/Servo/Servo.o
 .comment       0x00000414       0x12 build//Users/Danny/libmaple/libraries/LiquidCrystal/LiquidCrystal.o
 .comment       0x00000426       0x12 build//Users/Danny/libmaple/libraries/Wire/WireBase.o
 .comment       0x00000438       0x12 build//Users/Danny/libmaple/libraries/Wire/HardWire.o
 .comment       0x0000044a       0x12 build//Users/Danny/libmaple/libraries/Wire/Wire.o
 .comment       0x0000045c       0x12 build//Users/Danny/libmaple/libraries/FreeRTOS/utility/croutine.o
 .comment       0x0000046e       0x12 build//Users/Danny/libmaple/libraries/FreeRTOS/utility/heap_2.o
 .comment       0x00000480       0x12 build//Users/Danny/libmaple/libraries/FreeRTOS/utility/list.o
 .comment       0x00000492       0x12 build//Users/Danny/libmaple/libraries/FreeRTOS/utility/port.o
 .comment       0x000004a4       0x12 build//Users/Danny/libmaple/libraries/FreeRTOS/utility/queue.o
 .comment       0x000004b6       0x12 build//Users/Danny/libmaple/libraries/FreeRTOS/utility/timers.o
 .comment       0x000004c8       0x12 build//Users/Danny/libmaple/libraries/FreeRTOS/utility/tasks.o
 .comment       0x000004da       0x12 build//Users/Danny/libmaple/libraries/FreeRTOS/MapleFreeRTOS.o
 .comment       0x000004ec       0x12 build//Users/Danny/Maple_Workbench/SD/libSD/SD.o
 .comment       0x000004fe       0x12 build//Users/Danny/Maple_Workbench/SD/libFAT/FAT.o
 .comment       0x00000510       0x12 build//Users/Danny/Maple_Workbench/SD/main.o
 .comment       0x00000522       0x12 build/main.o
 .comment       0x00000534       0x12 /Users/Danny/libmaple/arm/bin/../lib/gcc/arm-none-eabi/4.4.1/../../../../arm-none-eabi/lib/thumb2/libstdc++.a(atexit_arm.o)
 .comment       0x00000546       0x12 /Users/Danny/libmaple/arm/bin/../lib/gcc/arm-none-eabi/4.4.1/thumb2/libgcc.a(_fixdfdi.o)
 .comment       0x00000558       0x12 /Users/Danny/libmaple/arm/bin/../lib/gcc/arm-none-eabi/4.4.1/thumb2/libgcc.a(_fixunsdfdi.o)
 .comment       0x0000056a       0x12 /Users/Danny/libmaple/arm/bin/../lib/gcc/arm-none-eabi/4.4.1/thumb2/libgcc.a(bpabi.o)
 .comment       0x0000057c       0x12 /Users/Danny/libmaple/arm/bin/../lib/gcc/arm-none-eabi/4.4.1/thumb2/libgcc.a(_divdi3.o)
 .comment       0x0000058e       0x12 /Users/Danny/libmaple/arm/bin/../lib/gcc/arm-none-eabi/4.4.1/thumb2/libgcc.a(_udivdi3.o)
 .comment       0x000005a0       0x12 /Users/Danny/libmaple/arm/bin/../lib/gcc/arm-none-eabi/4.4.1/../../../../arm-none-eabi/lib/thumb2/libc.a(lib_a-cxa_atexit.o)
 .comment       0x000005b2       0x12 /Users/Danny/libmaple/arm/bin/../lib/gcc/arm-none-eabi/4.4.1/../../../../arm-none-eabi/lib/thumb2/libc.a(lib_a-errno.o)
 .comment       0x000005c4       0x12 /Users/Danny/libmaple/arm/bin/../lib/gcc/arm-none-eabi/4.4.1/../../../../arm-none-eabi/lib/thumb2/libc.a(lib_a-impure.o)
 .comment       0x000005d6       0x12 /Users/Danny/libmaple/arm/bin/../lib/gcc/arm-none-eabi/4.4.1/../../../../arm-none-eabi/lib/thumb2/libc.a(lib_a-init.o)
 .comment       0x000005e8       0x12 /Users/Danny/libmaple/arm/bin/../lib/gcc/arm-none-eabi/4.4.1/../../../../arm-none-eabi/lib/thumb2/libc.a(lib_a-malloc.o)
 .comment       0x000005fa       0x12 /Users/Danny/libmaple/arm/bin/../lib/gcc/arm-none-eabi/4.4.1/../../../../arm-none-eabi/lib/thumb2/libc.a(lib_a-mallocr.o)
 .comment       0x0000060c       0x12 /Users/Danny/libmaple/arm/bin/../lib/gcc/arm-none-eabi/4.4.1/../../../../arm-none-eabi/lib/thumb2/libc.a(lib_a-memcmp.o)
 .comment       0x0000061e       0x12 /Users/Danny/libmaple/arm/bin/../lib/gcc/arm-none-eabi/4.4.1/../../../../arm-none-eabi/lib/thumb2/libc.a(lib_a-memcpy.o)
 .comment       0x00000630       0x12 /Users/Danny/libmaple/arm/bin/../lib/gcc/arm-none-eabi/4.4.1/../../../../arm-none-eabi/lib/thumb2/libc.a(lib_a-memset.o)
 .comment       0x00000642       0x12 /Users/Danny/libmaple/arm/bin/../lib/gcc/arm-none-eabi/4.4.1/../../../../arm-none-eabi/lib/thumb2/libc.a(lib_a-mlock.o)
 .comment       0x00000654       0x12 /Users/Danny/libmaple/arm/bin/../lib/gcc/arm-none-eabi/4.4.1/../../../../arm-none-eabi/lib/thumb2/libc.a(lib_a-rand.o)
 .comment       0x00000666       0x12 /Users/Danny/libmaple/arm/bin/../lib/gcc/arm-none-eabi/4.4.1/../../../../arm-none-eabi/lib/thumb2/libc.a(lib_a-sbrkr.o)
 .comment       0x00000678       0x12 /Users/Danny/libmaple/arm/bin/../lib/gcc/arm-none-eabi/4.4.1/../../../../arm-none-eabi/lib/thumb2/libc.a(lib_a-sprintf.o)
 .comment       0x0000068a       0x12 /Users/Danny/libmaple/arm/bin/../lib/gcc/arm-none-eabi/4.4.1/../../../../arm-none-eabi/lib/thumb2/libc.a(lib_a-strcat.o)
 .comment       0x0000069c       0x12 /Users/Danny/libmaple/arm/bin/../lib/gcc/arm-none-eabi/4.4.1/../../../../arm-none-eabi/lib/thumb2/libc.a(lib_a-strlen.o)
 .comment       0x000006ae       0x12 /Users/Danny/libmaple/arm/bin/../lib/gcc/arm-none-eabi/4.4.1/../../../../arm-none-eabi/lib/thumb2/libc.a(lib_a-strncpy.o)
 .comment       0x000006c0       0x12 /Users/Danny/libmaple/arm/bin/../lib/gcc/arm-none-eabi/4.4.1/../../../../arm-none-eabi/lib/thumb2/libc.a(lib_a-svfprintf.o)
 .comment       0x000006d2       0x12 /Users/Danny/libmaple/arm/bin/../lib/gcc/arm-none-eabi/4.4.1/../../../../arm-none-eabi/lib/thumb2/libc.a(lib_a-__atexit.o)
 .comment       0x000006e4       0x12 /Users/Danny/libmaple/arm/bin/../lib/gcc/arm-none-eabi/4.4.1/../../../../arm-none-eabi/lib/thumb2/libc.a(lib_a-dtoa.o)
 .comment       0x000006f6       0x12 /Users/Danny/libmaple/arm/bin/../lib/gcc/arm-none-eabi/4.4.1/../../../../arm-none-eabi/lib/thumb2/libc.a(lib_a-freer.o)
 .comment       0x00000708       0x12 /Users/Danny/libmaple/arm/bin/../lib/gcc/arm-none-eabi/4.4.1/../../../../arm-none-eabi/lib/thumb2/libc.a(lib_a-locale.o)
 .comment       0x0000071a       0x12 /Users/Danny/libmaple/arm/bin/../lib/gcc/arm-none-eabi/4.4.1/../../../../arm-none-eabi/lib/thumb2/libc.a(lib_a-memchr.o)
 .comment       0x0000072c       0x12 /Users/Danny/libmaple/arm/bin/../lib/gcc/arm-none-eabi/4.4.1/../../../../arm-none-eabi/lib/thumb2/libc.a(lib_a-memmove.o)
 .comment       0x0000073e       0x12 /Users/Danny/libmaple/arm/bin/../lib/gcc/arm-none-eabi/4.4.1/../../../../arm-none-eabi/lib/thumb2/libc.a(lib_a-mprec.o)
 .comment       0x00000750       0x12 /Users/Danny/libmaple/arm/bin/../lib/gcc/arm-none-eabi/4.4.1/../../../../arm-none-eabi/lib/thumb2/libc.a(lib_a-reallocr.o)
 .comment       0x00000762       0x12 /Users/Danny/libmaple/arm/bin/../lib/gcc/arm-none-eabi/4.4.1/../../../../arm-none-eabi/lib/thumb2/libc.a(lib_a-reent.o)
 .comment       0x00000774       0x12 /Users/Danny/libmaple/arm/bin/../lib/gcc/arm-none-eabi/4.4.1/../../../../arm-none-eabi/lib/thumb2/libc.a(lib_a-s_isinfd.o)
 .comment       0x00000786       0x12 /Users/Danny/libmaple/arm/bin/../lib/gcc/arm-none-eabi/4.4.1/../../../../arm-none-eabi/lib/thumb2/libc.a(lib_a-s_isnand.o)
 .comment       0x00000798       0x12 /Users/Danny/libmaple/arm/bin/../lib/gcc/arm-none-eabi/4.4.1/../../../../arm-none-eabi/lib/thumb2/libc.a(lib_a-strcmp.o)
 .comment       0x000007aa       0x12 /Users/Danny/libmaple/arm/bin/../lib/gcc/arm-none-eabi/4.4.1/../../../../arm-none-eabi/lib/thumb2/libc.a(lib_a-callocr.o)
 .comment       0x000007bc       0x12 /Users/Danny/libmaple/arm/bin/../lib/gcc/arm-none-eabi/4.4.1/thumb2/crtend.o

.debug_aranges  0x00000000     0x1c70
 *(.debug_aranges)
 .debug_aranges
                0x00000000       0x28 /Users/Danny/libmaple/arm/bin/../lib/gcc/arm-none-eabi/4.4.1/thumb2/crti.o
 .debug_aranges
                0x00000028       0x38 build//Users/Danny/libmaple/libmaple/adc.o
 .debug_aranges
                0x00000060       0x38 build//Users/Danny/libmaple/libmaple/dac.o
 .debug_aranges
                0x00000098       0x28 build//Users/Danny/libmaple/libmaple/dma.o
 .debug_aranges
                0x000000c0       0x70 build//Users/Danny/libmaple/libmaple/exti.o
 .debug_aranges
                0x00000130       0x20 build//Users/Danny/libmaple/libmaple/flash.o
 .debug_aranges
                0x00000150       0x20 build//Users/Danny/libmaple/libmaple/gpio.o
 .debug_aranges
                0x00000170       0x28 build//Users/Danny/libmaple/libmaple/iwdg.o
 .debug_aranges
                0x00000198       0x38 build//Users/Danny/libmaple/libmaple/nvic.o
 .debug_aranges
                0x000001d0       0x20 build//Users/Danny/libmaple/libmaple/pwr.o
 .debug_aranges
                0x000001f0       0x58 build//Users/Danny/libmaple/libmaple/rcc.o
 .debug_aranges
                0x00000248       0x78 build//Users/Danny/libmaple/libmaple/spi.o
 .debug_aranges
                0x000002c0       0x40 build//Users/Danny/libmaple/libmaple/systick.o
 .debug_aranges
                0x00000300       0x78 build//Users/Danny/libmaple/libmaple/timer.o
 .debug_aranges
                0x00000378       0x48 build//Users/Danny/libmaple/libmaple/usart.o
 .debug_aranges
                0x000003c0       0x20 build//Users/Danny/libmaple/libmaple/usart_private.o
 .debug_aranges
                0x000003e0       0x58 build//Users/Danny/libmaple/libmaple/util.o
 .debug_aranges
                0x00000438       0xa8 build//Users/Danny/libmaple/libmaple/i2c.o
 .debug_aranges
                0x000004e0       0x58 build//Users/Danny/libmaple/libmaple/usb/stm32f1/usb.o
 .debug_aranges
                0x00000538       0x38 build//Users/Danny/libmaple/libmaple/usb/stm32f1/usb_reg_map.o
 .debug_aranges
                0x00000570      0x110 build//Users/Danny/libmaple/libmaple/usb/stm32f1/usb_cdcacm.o
 .debug_aranges
                0x00000680       0x98 build//Users/Danny/libmaple/libmaple/usb/usb_lib/usb_core.o
 .debug_aranges
                0x00000718       0x20 build//Users/Danny/libmaple/libmaple/usb/usb_lib/usb_init.o
 .debug_aranges
                0x00000738       0x28 build//Users/Danny/libmaple/libmaple/usb/usb_lib/usb_mem.o
 .debug_aranges
                0x00000760      0x1f0 build//Users/Danny/libmaple/libmaple/usb/usb_lib/usb_regs.o
 .debug_aranges
                0x00000950       0x48 build//Users/Danny/libmaple/libmaple/stm32f1/adc.o
 .debug_aranges
                0x00000998       0x50 build//Users/Danny/libmaple/libmaple/stm32f1/bkp.o
 .debug_aranges
                0x000009e8       0xe0 build//Users/Danny/libmaple/libmaple/stm32f1/dma.o
 .debug_aranges
                0x00000ac8       0x20 build//Users/Danny/libmaple/libmaple/stm32f1/exti.o
 .debug_aranges
                0x00000ae8       0x38 build//Users/Danny/libmaple/libmaple/stm32f1/gpio.o
 .debug_aranges
                0x00000b20       0x68 build//Users/Danny/libmaple/libmaple/stm32f1/i2c.o
 .debug_aranges
                0x00000b88       0x48 build//Users/Danny/libmaple/libmaple/stm32f1/rcc.o
 .debug_aranges
                0x00000bd0       0x28 build//Users/Danny/libmaple/libmaple/stm32f1/spi.o
 .debug_aranges
                0x00000bf8       0x50 build//Users/Danny/libmaple/libmaple/stm32f1/timer.o
 .debug_aranges
                0x00000c48       0x50 build//Users/Danny/libmaple/libmaple/stm32f1/usart.o
 .debug_aranges
                0x00000c98       0x20 build//Users/Danny/libmaple/wirish/start_c.o
 .debug_aranges
                0x00000cb8       0x80 build//Users/Danny/libmaple/wirish/syscalls.o
 .debug_aranges
                0x00000d38       0x38 build//Users/Danny/libmaple/wirish/stm32f1/util_hooks.o
 .debug_aranges
                0x00000d70       0x48 build//Users/Danny/libmaple/wirish/boards.o
 .debug_aranges
                0x00000db8       0x20 build//Users/Danny/libmaple/wirish/cxxabi-compat.o
 .debug_aranges
                0x00000dd8       0x28 build//Users/Danny/libmaple/wirish/ext_interrupts.o
 .debug_aranges
                0x00000e00       0x68 build//Users/Danny/libmaple/wirish/HardwareSerial.o
 .debug_aranges
                0x00000e68       0xc8 build//Users/Danny/libmaple/wirish/HardwareTimer.o
 .debug_aranges
                0x00000f30       0xe0 build//Users/Danny/libmaple/wirish/Print.o
 .debug_aranges
                0x00001010       0x20 build//Users/Danny/libmaple/wirish/pwm.o
 .debug_aranges
                0x00001030       0xb0 build//Users/Danny/libmaple/wirish/usb_serial.o
 .debug_aranges
                0x000010e0       0xd0 build//Users/Danny/libmaple/wirish/HardwareSPI.o
 .debug_aranges
                0x000011b0       0x20 build//Users/Danny/libmaple/wirish/wirish_analog.o
 .debug_aranges
                0x000011d0       0x40 build//Users/Danny/libmaple/wirish/wirish_digital.o
 .debug_aranges
                0x00001210       0x30 build//Users/Danny/libmaple/wirish/wirish_math.o
 .debug_aranges
                0x00001240       0x20 build//Users/Danny/libmaple/wirish/wirish_shift.o
 .debug_aranges
                0x00001260       0x28 build//Users/Danny/libmaple/wirish/wirish_time.o
 .debug_aranges
                0x00001288       0x40 build//Users/Danny/libmaple/wirish/stm32f1/boards_setup.o
 .debug_aranges
                0x000012c8       0x20 build//Users/Danny/libmaple/wirish/stm32f1/wirish_digital.o
 .debug_aranges
                0x000012e8       0x30 build//Users/Danny/libmaple/wirish/stm32f1/wirish_debug.o
 .debug_aranges
                0x00001318       0x20 build//Users/Danny/libmaple/wirish/boards/maple/board.o
 .debug_aranges
                0x00001338       0x78 build//Users/Danny/libmaple/libraries/Servo/Servo.o
 .debug_aranges
                0x000013b0      0x120 build//Users/Danny/libmaple/libraries/LiquidCrystal/LiquidCrystal.o
 .debug_aranges
                0x000014d0       0x80 build//Users/Danny/libmaple/libraries/Wire/WireBase.o
 .debug_aranges
                0x00001550       0x58 build//Users/Danny/libmaple/libraries/Wire/HardWire.o
 .debug_aranges
                0x000015a8       0xa0 build//Users/Danny/libmaple/libraries/Wire/Wire.o
 .debug_aranges
                0x00001648       0x38 build//Users/Danny/libmaple/libraries/FreeRTOS/utility/croutine.o
 .debug_aranges
                0x00001680       0x38 build//Users/Danny/libmaple/libraries/FreeRTOS/utility/heap_2.o
 .debug_aranges
                0x000016b8       0x40 build//Users/Danny/libmaple/libraries/FreeRTOS/utility/list.o
 .debug_aranges
                0x000016f8       0x68 build//Users/Danny/libmaple/libraries/FreeRTOS/utility/port.o
 .debug_aranges
                0x00001760       0xa0 build//Users/Danny/libmaple/libraries/FreeRTOS/utility/queue.o
 .debug_aranges
                0x00001800      0x120 build//Users/Danny/libmaple/libraries/FreeRTOS/utility/tasks.o
 .debug_aranges
                0x00001920       0x20 build//Users/Danny/libmaple/libraries/FreeRTOS/MapleFreeRTOS.o
 .debug_aranges
                0x00001940       0x68 build//Users/Danny/Maple_Workbench/SD/libSD/SD.o
 .debug_aranges
                0x000019a8       0x80 build//Users/Danny/Maple_Workbench/SD/libFAT/FAT.o
 .debug_aranges
                0x00001a28       0x40 build//Users/Danny/Maple_Workbench/SD/main.o
 .debug_aranges
                0x00001a68       0x20 /Users/Danny/libmaple/arm/bin/../lib/gcc/arm-none-eabi/4.4.1/../../../../arm-none-eabi/lib/thumb2/libstdc++.a(atexit_arm.o)
 .debug_aranges
                0x00001a88       0x20 /Users/Danny/libmaple/arm/bin/../lib/gcc/arm-none-eabi/4.4.1/thumb2/libgcc.a(_arm_addsubdf3.o)
 .debug_aranges
                0x00001aa8       0x20 /Users/Danny/libmaple/arm/bin/../lib/gcc/arm-none-eabi/4.4.1/thumb2/libgcc.a(_arm_muldivdf3.o)
 .debug_aranges
                0x00001ac8       0x20 /Users/Danny/libmaple/arm/bin/../lib/gcc/arm-none-eabi/4.4.1/thumb2/libgcc.a(_arm_cmpdf2.o)
 .debug_aranges
                0x00001ae8       0x20 /Users/Danny/libmaple/arm/bin/../lib/gcc/arm-none-eabi/4.4.1/thumb2/libgcc.a(_arm_fixdfsi.o)
 .debug_aranges
                0x00001b08       0x20 /Users/Danny/libmaple/arm/bin/../lib/gcc/arm-none-eabi/4.4.1/thumb2/libgcc.a(_aeabi_uldivmod.o)
 .debug_aranges
                0x00001b28       0x20 /Users/Danny/libmaple/arm/bin/../lib/gcc/arm-none-eabi/4.4.1/thumb2/libgcc.a(_fixdfdi.o)
 .debug_aranges
                0x00001b48       0x20 /Users/Danny/libmaple/arm/bin/../lib/gcc/arm-none-eabi/4.4.1/thumb2/libgcc.a(_fixunsdfdi.o)
 .debug_aranges
                0x00001b68       0x20 /Users/Danny/libmaple/arm/bin/../lib/gcc/arm-none-eabi/4.4.1/thumb2/libgcc.a(bpabi.o)
 .debug_aranges
                0x00001b88       0x20 /Users/Danny/libmaple/arm/bin/../lib/gcc/arm-none-eabi/4.4.1/thumb2/libgcc.a(_dvmd_tls.o)
 .debug_aranges
                0x00001ba8       0x20 /Users/Danny/libmaple/arm/bin/../lib/gcc/arm-none-eabi/4.4.1/thumb2/libgcc.a(_arm_fixunsdfsi.o)
 .debug_aranges
                0x00001bc8       0x20 /Users/Danny/libmaple/arm/bin/../lib/gcc/arm-none-eabi/4.4.1/thumb2/libgcc.a(_divdi3.o)
 .debug_aranges
                0x00001be8       0x20 /Users/Danny/libmaple/arm/bin/../lib/gcc/arm-none-eabi/4.4.1/thumb2/libgcc.a(_udivdi3.o)
 .debug_aranges
                0x00001c08       0x20 /Users/Danny/libmaple/arm/bin/../lib/gcc/arm-none-eabi/4.4.1/thumb2/libgcc.a(_udivsi3.o)
 .debug_aranges
                0x00001c28       0x20 /Users/Danny/libmaple/arm/bin/../lib/gcc/arm-none-eabi/4.4.1/thumb2/libgcc.a(_divsi3.o)
 .debug_aranges
                0x00001c48       0x28 /Users/Danny/libmaple/arm/bin/../lib/gcc/arm-none-eabi/4.4.1/thumb2/crtn.o

.debug_pubnames
                0x00000000     0x362b
 *(.debug_pubnames)
 .debug_pubnames
                0x00000000       0x57 build//Users/Danny/libmaple/libmaple/adc.o
 .debug_pubnames
                0x00000057       0x64 build//Users/Danny/libmaple/libmaple/dac.o
 .debug_pubnames
                0x000000bb       0x32 build//Users/Danny/libmaple/libmaple/dma.o
 .debug_pubnames
                0x000000ed       0xcf build//Users/Danny/libmaple/libmaple/exti.o
 .debug_pubnames
                0x000001bc       0x28 build//Users/Danny/libmaple/libmaple/flash.o
 .debug_pubnames
                0x000001e4       0x20 build//Users/Danny/libmaple/libmaple/gpio.o
 .debug_pubnames
                0x00000204       0x2e build//Users/Danny/libmaple/libmaple/iwdg.o
 .debug_pubnames
                0x00000232       0x67 build//Users/Danny/libmaple/libmaple/nvic.o
 .debug_pubnames
                0x00000299       0x1f build//Users/Danny/libmaple/libmaple/pwr.o
 .debug_pubnames
                0x000002b8       0x88 build//Users/Danny/libmaple/libmaple/rcc.o
 .debug_pubnames
                0x00000340       0xe4 build//Users/Danny/libmaple/libmaple/spi.o
 .debug_pubnames
                0x00000424       0x92 build//Users/Danny/libmaple/libmaple/systick.o
 .debug_pubnames
                0x000004b6       0xd3 build//Users/Danny/libmaple/libmaple/timer.o
 .debug_pubnames
                0x00000589       0x70 build//Users/Danny/libmaple/libmaple/usart.o
 .debug_pubnames
                0x000005f9       0x28 build//Users/Danny/libmaple/libmaple/usart_private.o
 .debug_pubnames
                0x00000621       0x4e build//Users/Danny/libmaple/libmaple/util.o
 .debug_pubnames
                0x0000066f       0x8b build//Users/Danny/libmaple/libmaple/i2c.o
 .debug_pubnames